{
  "capacity": 200,
  "depot": {
    "x": 0.0,
    "y": 0.0
  },
  "customers": [
    {
      "id": 2,
      "x": 5.7735,
      "y": 0.0,
      "demand": 40
    },
    {
      "id": 3,
      "x": 2.8867,
      "y": 5.0,
      "demand": 40
    },
    {
      "id": 4,
      "x": -2.8868,
      "y": 5.0,
      "demand": 40
    },
    {
      "id": 5,
      "x": -5.7735,
      "y": 0.0,
      "demand": 40
    },
    {
      "id": 6,
      "x": -2.8867,
      "y": -5.0,
      "demand": 40
    },
    {
      "id": 7,
      "x": 2.8868,
      "y": -5.0,
      "demand": 40
    },
    {
      "id": 8,
      "x": 8.6603,
      "y": 5.0,
      "demand": 40
    },
    {
      "id": 9,
      "x": 0.0,
      "y": 10.0,
      "demand": 40
    },
    {
      "id": 10,
      "x": -8.6603,
      "y": 5.0,
      "demand": 40
    },
    {
      "id": 11,
      "x": -8.6603,
      "y": -5.0,
      "demand": 40
    },
    {
      "id": 12,
      "x": 0.0,
      "y": -10.0,
      "demand": 40
    },
    {
      "id": 13,
      "x": 8.6603,
      "y": -5.0,
      "demand": 40
    },
    {
      "id": 14,
      "x": 5.3405,
      "y": 0.75,
      "demand": 10
    },
    {
      "id": 15,
      "x": 3.3198,
      "y": 4.25,
      "demand": 10
    },
    {
      "id": 16,
      "x": 6.4952,
      "y": -1.25,
      "demand": 10
    },
    {
      "id": 17,
      "x": 7.2169,
      "y": -2.5,
      "demand": 20
    },
    {
      "id": 18,
      "x": 7.9386,
      "y": -3.75,
      "demand": 10
    },
    {
      "id": 19,
      "x": 6.4952,
      "y": 1.25,
      "demand": 10
    },
    {
      "id": 20,
      "x": 7.2169,
      "y": 2.5,
      "demand": 20
    },
    {
      "id": 21,
      "x": 7.9386,
      "y": 3.75,
      "demand": 10
    },
    {
      "id": 22,
      "x": 2.0207,
      "y": 5.0,
      "demand": 10
    },
    {
      "id": 23,
      "x": -2.0207,
      "y": 5.0,
      "demand": 10
    },
    {
      "id": 24,
      "x": 4.3301,
      "y": 5.0,
      "demand": 10
    },
    {
      "id": 25,
      "x": 5.7735,
      "y": 5.0,
      "demand": 20
    },
    {
      "id": 26,
      "x": 7.2169,
      "y": 5.0,
      "demand": 10
    },
    {
      "id": 27,
      "x": 2.1651,
      "y": 6.25,
      "demand": 10
    },
    {
      "id": 28,
      "x": 1.4434,
      "y": 7.5,
      "demand": 20
    },
    {
      "id": 29,
      "x": 0.7217,
      "y": 8.75,
      "demand": 10
    },
    {
      "id": 30,
      "x": -3.3198,
      "y": 4.25,
      "demand": 10
    },
    {
      "id": 31,
      "x": -5.3405,
      "y": 0.75,
      "demand": 10
    },
    {
      "id": 32,
      "x": -2.1651,
      "y": 6.25,
      "demand": 10
    },
    {
      "id": 33,
      "x": -1.4434,
      "y": 7.5,
      "demand": 20
    },
    {
      "id": 34,
      "x": -0.7217,
      "y": 8.75,
      "demand": 10
    },
    {
      "id": 35,
      "x": -4.3301,
      "y": 5.0,
      "demand": 10
    },
    {
      "id": 36,
      "x": -5.7735,
      "y": 5.0,
      "demand": 20
    },
    {
      "id": 37,
      "x": -7.2169,
      "y": 5.0,
      "demand": 10
    },
    {
      "id": 38,
      "x": -5.3405,
      "y": -0.75,
      "demand": 10
    },
    {
      "id": 39,
      "x": -3.3198,
      "y": -4.25,
      "demand": 10
    },
    {
      "id": 40,
      "x": -6.4952,
      "y": 1.25,
      "demand": 10
    },
    {
      "id": 41,
      "x": -7.2169,
      "y": 2.5,
      "demand": 20
    },
    {
      "id": 42,
      "x": -7.9386,
      "y": 3.75,
      "demand": 10
    },
    {
      "id": 43,
      "x": -6.4952,
      "y": -1.25,
      "demand": 10
    },
    {
      "id": 44,
      "x": -7.2169,
      "y": -2.5,
      "demand": 20
    },
    {
      "id": 45,
      "x": -7.9386,
      "y": -3.75,
      "demand": 10
    },
    {
      "id": 46,
      "x": -2.0207,
      "y": -5.0,
      "demand": 10
    },
    {
      "id": 47,
      "x": 2.0207,
      "y": -5.0,
      "demand": 10
    },
    {
      "id": 48,
      "x": -4.3301,
      "y": -5.0,
      "demand": 10
    },
    {
      "id": 49,
      "x": -5.7735,
      "y": -5.0,
      "demand": 20
    },
    {
      "id": 50,
      "x": -7.2169,
      "y": -5.0,
      "demand": 10
    },
    {
      "id": 51,
      "x": -2.1651,
      "y": -6.25,
      "demand": 10
    },
    {
      "id": 52,
      "x": -1.4434,
      "y": -7.5,
      "demand": 20
    },
    {
      "id": 53,
      "x": -0.7217,
      "y": -8.75,
      "demand": 10
    },
    {
      "id": 54,
      "x": 3.3198,
      "y": -4.25,
      "demand": 10
    },
    {
      "id": 55,
      "x": 5.3405,
      "y": -0.75,
      "demand": 10
    },
    {
      "id": 56,
      "x": 2.1651,
      "y": -6.25,
      "demand": 10
    },
    {
      "id": 57,
      "x": 1.4434,
      "y": -7.5,
      "demand": 20
    },
    {
      "id": 58,
      "x": 0.7217,
      "y": -8.75,
      "demand": 10
    },
    {
      "id": 59,
      "x": 4.3301,
      "y": -5.0,
      "demand": 10
    },
    {
      "id": 60,
      "x": 5.7735,
      "y": -5.0,
      "demand": 20
    },
    {
      "id": 61,
      "x": 7.2169,
      "y": -5.0,
      "demand": 10
    },
    {
      "id": 62,
      "x": 7.2169,
      "y": 0.0,
      "demand": 40
    },
    {
      "id": 63,
      "x": 3.6084,
      "y": 6.25,
      "demand": 40
    },
    {
      "id": 64,
      "x": -3.6084,
      "y": 6.25,
      "demand": 40
    },
    {
      "id": 65,
      "x": -7.2169,
      "y": 0.0,
      "demand": 40
    },
    {
      "id": 66,
      "x": -3.6084,
      "y": -6.25,
      "demand": 40
    },
    {
      "id": 67,
      "x": 3.6084,
      "y": -6.25,
      "demand": 40
    },
    {
      "id": 68,
      "x": 10.8253,
      "y": 6.25,
      "demand": 40
    },
    {
      "id": 69,
      "x": 0.0,
      "y": 12.5,
      "demand": 40
    },
    {
      "id": 70,
      "x": -10.8253,
      "y": 6.25,
      "demand": 40
    },
    {
      "id": 71,
      "x": -10.8253,
      "y": -6.25,
      "demand": 40
    },
    {
      "id": 72,
      "x": 0.0,
      "y": -12.5,
      "demand": 40
    },
    {
      "id": 73,
      "x": 10.8253,
      "y": -6.25,
      "demand": 40
    },
    {
      "id": 74,
      "x": 6.6756,
      "y": 0.9375,
      "demand": 10
    },
    {
      "id": 75,
      "x": 4.1497,
      "y": 5.3125,
      "demand": 10
    },
    {
      "id": 76,
      "x": 8.119,
      "y": -1.5625,
      "demand": 10
    },
    {
      "id": 77,
      "x": 9.0211,
      "y": -3.125,
      "demand": 20
    },
    {
      "id": 78,
      "x": 9.9232,
      "y": -4.6875,
      "demand": 10
    },
    {
      "id": 79,
      "x": 8.119,
      "y": 1.5625,
      "demand": 10
    },
    {
      "id": 80,
      "x": 9.0211,
      "y": 3.125,
      "demand": 20
    },
    {
      "id": 81,
      "x": 9.9232,
      "y": 4.6875,
      "demand": 10
    },
    {
      "id": 82,
      "x": 2.5259,
      "y": 6.25,
      "demand": 10
    },
    {
      "id": 83,
      "x": -2.5259,
      "y": 6.25,
      "demand": 10
    },
    {
      "id": 84,
      "x": 5.4127,
      "y": 6.25,
      "demand": 10
    },
    {
      "id": 85,
      "x": 7.2169,
      "y": 6.25,
      "demand": 20
    },
    {
      "id": 86,
      "x": 9.0211,
      "y": 6.25,
      "demand": 10
    },
    {
      "id": 87,
      "x": 2.7063,
      "y": 7.8125,
      "demand": 10
    },
    {
      "id": 88,
      "x": 1.8042,
      "y": 9.375,
      "demand": 20
    },
    {
      "id": 89,
      "x": 0.9021,
      "y": 10.9375,
      "demand": 10
    },
    {
      "id": 90,
      "x": -4.1497,
      "y": 5.3125,
      "demand": 10
    },
    {
      "id": 91,
      "x": -6.6756,
      "y": 0.9375,
      "demand": 10
    },
    {
      "id": 92,
      "x": -2.7063,
      "y": 7.8125,
      "demand": 10
    },
    {
      "id": 93,
      "x": -1.8042,
      "y": 9.375,
      "demand": 20
    },
    {
      "id": 94,
      "x": -0.9021,
      "y": 10.9375,
      "demand": 10
    },
    {
      "id": 95,
      "x": -5.4127,
      "y": 6.25,
      "demand": 10
    },
    {
      "id": 96,
      "x": -7.2169,
      "y": 6.25,
      "demand": 20
    },
    {
      "id": 97,
      "x": -9.0211,
      "y": 6.25,
      "demand": 10
    },
    {
      "id": 98,
      "x": -6.6756,
      "y": -0.9375,
      "demand": 10
    },
    {
      "id": 99,
      "x": -4.1497,
      "y": -5.3125,
      "demand": 10
    },
    {
      "id": 100,
      "x": -8.119,
      "y": 1.5625,
      "demand": 10
    },
    {
      "id": 101,
      "x": -9.0211,
      "y": 3.125,
      "demand": 20
    },
    {
      "id": 102,
      "x": -9.9232,
      "y": 4.6875,
      "demand": 10
    },
    {
      "id": 103,
      "x": -8.119,
      "y": -1.5625,
      "demand": 10
    },
    {
      "id": 104,
      "x": -9.0211,
      "y": -3.125,
      "demand": 20
    },
    {
      "id": 105,
      "x": -9.9232,
      "y": -4.6875,
      "demand": 10
    },
    {
      "id": 106,
      "x": -2.5259,
      "y": -6.25,
      "demand": 10
    },
    {
      "id": 107,
      "x": 2.5259,
      "y": -6.25,
      "demand": 10
    },
    {
      "id": 108,
      "x": -5.4127,
      "y": -6.25,
      "demand": 10
    },
    {
      "id": 109,
      "x": -7.2169,
      "y": -6.25,
      "demand": 20
    },
    {
      "id": 110,
      "x": -9.0211,
      "y": -6.25,
      "demand": 10
    },
    {
      "id": 111,
      "x": -2.7063,
      "y": -7.8125,
      "demand": 10
    },
    {
      "id": 112,
      "x": -1.8042,
      "y": -9.375,
      "demand": 20
    },
    {
      "id": 113,
      "x": -0.9021,
      "y": -10.9375,
      "demand": 10
    },
    {
      "id": 114,
      "x": 4.1497,
      "y": -5.3125,
      "demand": 10
    },
    {
      "id": 115,
      "x": 6.6756,
      "y": -0.9375,
      "demand": 10
    },
    {
      "id": 116,
      "x": 2.7063,
      "y": -7.8125,
      "demand": 10
    },
    {
      "id": 117,
      "x": 1.8042,
      "y": -9.375,
      "demand": 20
    },
    {
      "id": 118,
      "x": 0.9021,
      "y": -10.9375,
      "demand": 10
    },
    {
      "id": 119,
      "x": 5.4127,
      "y": -6.25,
      "demand": 10
    },
    {
      "id": 120,
      "x": 7.2169,
      "y": -6.25,
      "demand": 20
    },
    {
      "id": 121,
      "x": 9.0211,
      "y": -6.25,
      "demand": 10
    },
    {
      "id": 122,
      "x": 9.0211,
      "y": 0.0,
      "demand": 40
    },
    {
      "id": 123,
      "x": 4.5105,
      "y": 7.8125,
      "demand": 40
    },
    {
      "id": 124,
      "x": -4.5105,
      "y": 7.8125,
      "demand": 40
    },
    {
      "id": 125,
      "x": -9.0211,
      "y": 0.0,
      "demand": 40
    },
    {
      "id": 126,
      "x": -4.5105,
      "y": -7.8125,
      "demand": 40
    },
    {
      "id": 127,
      "x": 4.5106,
      "y": -7.8125,
      "demand": 40
    },
    {
      "id": 128,
      "x": 13.5316,
      "y": 7.8125,
      "demand": 40
    },
    {
      "id": 129,
      "x": 0.0,
      "y": 15.625,
      "demand": 40
    },
    {
      "id": 130,
      "x": -13.5316,
      "y": 7.8125,
      "demand": 40
    },
    {
      "id": 131,
      "x": -13.5316,
      "y": -7.8125,
      "demand": 40
    },
    {
      "id": 132,
      "x": 0.0,
      "y": -15.625,
      "demand": 40
    },
    {
      "id": 133,
      "x": 13.5316,
      "y": -7.8125,
      "demand": 40
    },
    {
      "id": 134,
      "x": 8.3445,
      "y": 1.1719,
      "demand": 10
    },
    {
      "id": 135,
      "x": 5.1871,
      "y": 6.6406,
      "demand": 10
    },
    {
      "id": 136,
      "x": 10.1487,
      "y": -1.9531,
      "demand": 10
    },
    {
      "id": 137,
      "x": 11.2764,
      "y": -3.9062,
      "demand": 20
    },
    {
      "id": 138,
      "x": 12.404,
      "y": -5.8594,
      "demand": 10
    },
    {
      "id": 139,
      "x": 10.1487,
      "y": 1.9531,
      "demand": 10
    },
    {
      "id": 140,
      "x": 11.2764,
      "y": 3.9062,
      "demand": 20
    },
    {
      "id": 141,
      "x": 12.404,
      "y": 5.8594,
      "demand": 10
    },
    {
      "id": 142,
      "x": 3.1574,
      "y": 7.8125,
      "demand": 10
    },
    {
      "id": 143,
      "x": -3.1574,
      "y": 7.8125,
      "demand": 10
    },
    {
      "id": 144,
      "x": 6.7658,
      "y": 7.8125,
      "demand": 10
    },
    {
      "id": 145,
      "x": 9.0211,
      "y": 7.8125,
      "demand": 20
    },
    {
      "id": 146,
      "x": 11.2764,
      "y": 7.8125,
      "demand": 10
    },
    {
      "id": 147,
      "x": 3.3829,
      "y": 9.7656,
      "demand": 10
    },
    {
      "id": 148,
      "x": 2.2553,
      "y": 11.7187,
      "demand": 20
    },
    {
      "id": 149,
      "x": 1.1276,
      "y": 13.6719,
      "demand": 10
    },
    {
      "id": 150,
      "x": -5.1871,
      "y": 6.6406,
      "demand": 10
    },
    {
      "id": 151,
      "x": -8.3445,
      "y": 1.1719,
      "demand": 10
    },
    {
      "id": 152,
      "x": -3.3829,
      "y": 9.7656,
      "demand": 10
    },
    {
      "id": 153,
      "x": -2.2553,
      "y": 11.7187,
      "demand": 20
    },
    {
      "id": 154,
      "x": -1.1276,
      "y": 13.6719,
      "demand": 10
    },
    {
      "id": 155,
      "x": -6.7658,
      "y": 7.8125,
      "demand": 10
    },
    {
      "id": 156,
      "x": -9.0211,
      "y": 7.8125,
      "demand": 20
    },
    {
      "id": 157,
      "x": -11.2764,
      "y": 7.8125,
      "demand": 10
    },
    {
      "id": 158,
      "x": -8.3445,
      "y": -1.1719,
      "demand": 10
    },
    {
      "id": 159,
      "x": -5.1871,
      "y": -6.6406,
      "demand": 10
    },
    {
      "id": 160,
      "x": -10.1487,
      "y": 1.9531,
      "demand": 10
    },
    {
      "id": 161,
      "x": -11.2764,
      "y": 3.9062,
      "demand": 20
    },
    {
      "id": 162,
      "x": -12.404,
      "y": 5.8594,
      "demand": 10
    },
    {
      "id": 163,
      "x": -10.1487,
      "y": -1.9531,
      "demand": 10
    },
    {
      "id": 164,
      "x": -11.2764,
      "y": -3.9063,
      "demand": 20
    },
    {
      "id": 165,
      "x": -12.404,
      "y": -5.8594,
      "demand": 10
    },
    {
      "id": 166,
      "x": -3.1574,
      "y": -7.8125,
      "demand": 10
    },
    {
      "id": 167,
      "x": 3.1574,
      "y": -7.8125,
      "demand": 10
    },
    {
      "id": 168,
      "x": -6.7658,
      "y": -7.8125,
      "demand": 10
    },
    {
      "id": 169,
      "x": -9.0211,
      "y": -7.8125,
      "demand": 20
    },
    {
      "id": 170,
      "x": -11.2764,
      "y": -7.8125,
      "demand": 10
    },
    {
      "id": 171,
      "x": -3.3829,
      "y": -9.7656,
      "demand": 10
    },
    {
      "id": 172,
      "x": -2.2553,
      "y": -11.7187,
      "demand": 20
    },
    {
      "id": 173,
      "x": -1.1276,
      "y": -13.6719,
      "demand": 10
    },
    {
      "id": 174,
      "x": 5.1871,
      "y": -6.6406,
      "demand": 10
    },
    {
      "id": 175,
      "x": 8.3445,
      "y": -1.1719,
      "demand": 10
    },
    {
      "id": 176,
      "x": 3.3829,
      "y": -9.7656,
      "demand": 10
    },
    {
      "id": 177,
      "x": 2.2553,
      "y": -11.7187,
      "demand": 20
    },
    {
      "id": 178,
      "x": 1.1276,
      "y": -13.6719,
      "demand": 10
    },
    {
      "id": 179,
      "x": 6.7658,
      "y": -7.8125,
      "demand": 10
    },
    {
      "id": 180,
      "x": 9.0211,
      "y": -7.8125,
      "demand": 20
    },
    {
      "id": 181,
      "x": 11.2764,
      "y": -7.8125,
      "demand": 10
    },
    {
      "id": 182,
      "x": 11.2764,
      "y": 0.0,
      "demand": 40
    },
    {
      "id": 183,
      "x": 5.6382,
      "y": 9.7656,
      "demand": 40
    },
    {
      "id": 184,
      "x": -5.6382,
      "y": 9.7656,
      "demand": 40
    },
    {
      "id": 185,
      "x": -11.2764,
      "y": 0.0,
      "demand": 40
    },
    {
      "id": 186,
      "x": -5.6382,
      "y": -9.7656,
      "demand": 40
    },
    {
      "id": 187,
      "x": 5.6382,
      "y": -9.7656,
      "demand": 40
    },
    {
      "id": 188,
      "x": 16.9146,
      "y": 9.7656,
      "demand": 40
    },
    {
      "id": 189,
      "x": 0.0,
      "y": 19.5312,
      "demand": 40
    },
    {
      "id": 190,
      "x": -16.9146,
      "y": 9.7656,
      "demand": 40
    },
    {
      "id": 191,
      "x": -16.9146,
      "y": -9.7656,
      "demand": 40
    },
    {
      "id": 192,
      "x": 0.0,
      "y": -19.5312,
      "demand": 40
    },
    {
      "id": 193,
      "x": 16.9146,
      "y": -9.7656,
      "demand": 40
    },
    {
      "id": 194,
      "x": 10.4306,
      "y": 1.4648,
      "demand": 10
    },
    {
      "id": 195,
      "x": 6.4839,
      "y": 8.3008,
      "demand": 10
    },
    {
      "id": 196,
      "x": 12.6859,
      "y": -2.4414,
      "demand": 10
    },
    {
      "id": 197,
      "x": 14.0955,
      "y": -4.8828,
      "demand": 20
    },
    {
      "id": 198,
      "x": 15.505,
      "y": -7.3242,
      "demand": 10
    },
    {
      "id": 199,
      "x": 12.6859,
      "y": 2.4414,
      "demand": 10
    },
    {
      "id": 200,
      "x": 14.0955,
      "y": 4.8828,
      "demand": 20
    },
    {
      "id": 201,
      "x": 15.505,
      "y": 7.3242,
      "demand": 10
    },
    {
      "id": 202,
      "x": 3.9467,
      "y": 9.7656,
      "demand": 10
    },
    {
      "id": 203,
      "x": -3.9467,
      "y": 9.7656,
      "demand": 10
    },
    {
      "id": 204,
      "x": 8.4573,
      "y": 9.7656,
      "demand": 10
    },
    {
      "id": 205,
      "x": 11.2764,
      "y": 9.7656,
      "demand": 20
    },
    {
      "id": 206,
      "x": 14.0955,
      "y": 9.7656,
      "demand": 10
    },
    {
      "id": 207,
      "x": 4.2286,
      "y": 12.207,
      "demand": 10
    },
    {
      "id": 208,
      "x": 2.8191,
      "y": 14.6484,
      "demand": 20
    },
    {
      "id": 209,
      "x": 1.4095,
      "y": 17.0898,
      "demand": 10
    },
    {
      "id": 210,
      "x": -6.4839,
      "y": 8.3008,
      "demand": 10
    },
    {
      "id": 211,
      "x": -10.4306,
      "y": 1.4648,
      "demand": 10
    },
    {
      "id": 212,
      "x": -4.2286,
      "y": 12.207,
      "demand": 10
    },
    {
      "id": 213,
      "x": -2.8191,
      "y": 14.6484,
      "demand": 20
    },
    {
      "id": 214,
      "x": -1.4095,
      "y": 17.0898,
      "demand": 10
    },
    {
      "id": 215,
      "x": -8.4573,
      "y": 9.7656,
      "demand": 10
    },
    {
      "id": 216,
      "x": -11.2764,
      "y": 9.7656,
      "demand": 20
    },
    {
      "id": 217,
      "x": -14.0955,
      "y": 9.7656,
      "demand": 10
    },
    {
      "id": 218,
      "x": -10.4306,
      "y": -1.4648,
      "demand": 10
    },
    {
      "id": 219,
      "x": -6.4839,
      "y": -8.3008,
      "demand": 10
    },
    {
      "id": 220,
      "x": -12.6859,
      "y": 2.4414,
      "demand": 10
    },
    {
      "id": 221,
      "x": -14.0955,
      "y": 4.8828,
      "demand": 20
    },
    {
      "id": 222,
      "x": -15.505,
      "y": 7.3242,
      "demand": 10
    },
    {
      "id": 223,
      "x": -12.6859,
      "y": -2.4414,
      "demand": 10
    },
    {
      "id": 224,
      "x": -14.0955,
      "y": -4.8828,
      "demand": 20
    },
    {
      "id": 225,
      "x": -15.505,
      "y": -7.3242,
      "demand": 10
    },
    {
      "id": 226,
      "x": -3.9467,
      "y": -9.7656,
      "demand": 10
    },
    {
      "id": 227,
      "x": 3.9467,
      "y": -9.7656,
      "demand": 10
    },
    {
      "id": 228,
      "x": -8.4573,
      "y": -9.7656,
      "demand": 10
    },
    {
      "id": 229,
      "x": -11.2764,
      "y": -9.7656,
      "demand": 20
    },
    {
      "id": 230,
      "x": -14.0955,
      "y": -9.7656,
      "demand": 10
    },
    {
      "id": 231,
      "x": -4.2286,
      "y": -12.207,
      "demand": 10
    },
    {
      "id": 232,
      "x": -2.8191,
      "y": -14.6484,
      "demand": 20
    },
    {
      "id": 233,
      "x": -1.4095,
      "y": -17.0898,
      "demand": 10
    },
    {
      "id": 234,
      "x": 6.4839,
      "y": -8.3008,
      "demand": 10
    },
    {
      "id": 235,
      "x": 10.4306,
      "y": -1.4648,
      "demand": 10
    },
    {
      "id": 236,
      "x": 4.2286,
      "y": -12.207,
      "demand": 10
    },
    {
      "id": 237,
      "x": 2.8191,
      "y": -14.6484,
      "demand": 20
    },
    {
      "id": 238,
      "x": 1.4095,
      "y": -17.0898,
      "demand": 10
    },
    {
      "id": 239,
      "x": 8.4573,
      "y": -9.7656,
      "demand": 10
    },
    {
      "id": 240,
      "x": 11.2764,
      "y": -9.7656,
      "demand": 20
    },
    {
      "id": 241,
      "x": 14.0955,
      "y": -9.7656,
      "demand": 10
    }
  ]
}