{
  "capacity": 900,
  "depot": {
    "x": 0.0,
    "y": 0.0
  },
  "customers": [
    {
      "id": 2,
      "x": 30.0,
      "y": 0.0,
      "demand": 10
    },
    {
      "id": 3,
      "x": 29.5442,
      "y": 5.2094,
      "demand": 30
    },
    {
      "id": 4,
      "x": 28.1908,
      "y": 10.2606,
      "demand": 30
    },
    {
      "id": 5,
      "x": 25.9808,
      "y": 15.0,
      "demand": 10
    },
    {
      "id": 6,
      "x": 22.9813,
      "y": 19.2836,
      "demand": 10
    },
    {
      "id": 7,
      "x": 19.2836,
      "y": 22.9813,
      "demand": 30
    },
    {
      "id": 8,
      "x": 15.0,
      "y": 25.9808,
      "demand": 30
    },
    {
      "id": 9,
      "x": 10.2606,
      "y": 28.1908,
      "demand": 10
    },
    {
      "id": 10,
      "x": 5.2094,
      "y": 29.5442,
      "demand": 10
    },
    {
      "id": 11,
      "x": 0.0,
      "y": 30.0,
      "demand": 30
    },
    {
      "id": 12,
      "x": -5.2094,
      "y": 29.5442,
      "demand": 30
    },
    {
      "id": 13,
      "x": -10.2606,
      "y": 28.1908,
      "demand": 10
    },
    {
      "id": 14,
      "x": -15.0,
      "y": 25.9808,
      "demand": 10
    },
    {
      "id": 15,
      "x": -19.2836,
      "y": 22.9813,
      "demand": 30
    },
    {
      "id": 16,
      "x": -22.9813,
      "y": 19.2836,
      "demand": 30
    },
    {
      "id": 17,
      "x": -25.9808,
      "y": 15.0,
      "demand": 10
    },
    {
      "id": 18,
      "x": -28.1908,
      "y": 10.2606,
      "demand": 10
    },
    {
      "id": 19,
      "x": -29.5442,
      "y": 5.2094,
      "demand": 30
    },
    {
      "id": 20,
      "x": -30.0,
      "y": 0.0,
      "demand": 30
    },
    {
      "id": 21,
      "x": -29.5442,
      "y": -5.2094,
      "demand": 10
    },
    {
      "id": 22,
      "x": -28.1908,
      "y": -10.2606,
      "demand": 10
    },
    {
      "id": 23,
      "x": -25.9808,
      "y": -15.0,
      "demand": 30
    },
    {
      "id": 24,
      "x": -22.9813,
      "y": -19.2836,
      "demand": 30
    },
    {
      "id": 25,
      "x": -19.2836,
      "y": -22.9813,
      "demand": 10
    },
    {
      "id": 26,
      "x": -15.0,
      "y": -25.9808,
      "demand": 10
    },
    {
      "id": 27,
      "x": -10.2606,
      "y": -28.1908,
      "demand": 30
    },
    {
      "id": 28,
      "x": -5.2094,
      "y": -29.5442,
      "demand": 30
    },
    {
      "id": 29,
      "x": 0.0,
      "y": -30.0,
      "demand": 10
    },
    {
      "id": 30,
      "x": 5.2094,
      "y": -29.5442,
      "demand": 10
    },
    {
      "id": 31,
      "x": 10.2606,
      "y": -28.1908,
      "demand": 30
    },
    {
      "id": 32,
      "x": 15.0,
      "y": -25.9808,
      "demand": 30
    },
    {
      "id": 33,
      "x": 19.2836,
      "y": -22.9813,
      "demand": 10
    },
    {
      "id": 34,
      "x": 22.9813,
      "y": -19.2836,
      "demand": 10
    },
    {
      "id": 35,
      "x": 25.9808,
      "y": -15.0,
      "demand": 30
    },
    {
      "id": 36,
      "x": 28.1908,
      "y": -10.2606,
      "demand": 30
    },
    {
      "id": 37,
      "x": 29.5442,
      "y": -5.2094,
      "demand": 10
    },
    {
      "id": 38,
      "x": 60.0,
      "y": 0.0,
      "demand": 10
    },
    {
      "id": 39,
      "x": 59.0885,
      "y": 10.4189,
      "demand": 30
    },
    {
      "id": 40,
      "x": 56.3816,
      "y": 20.5212,
      "demand": 30
    },
    {
      "id": 41,
      "x": 51.9615,
      "y": 30.0,
      "demand": 10
    },
    {
      "id": 42,
      "x": 45.9627,
      "y": 38.5673,
      "demand": 10
    },
    {
      "id": 43,
      "x": 38.5673,
      "y": 45.9627,
      "demand": 30
    },
    {
      "id": 44,
      "x": 30.0,
      "y": 51.9615,
      "demand": 30
    },
    {
      "id": 45,
      "x": 20.5212,
      "y": 56.3816,
      "demand": 10
    },
    {
      "id": 46,
      "x": 10.4189,
      "y": 59.0885,
      "demand": 10
    },
    {
      "id": 47,
      "x": 0.0,
      "y": 60.0,
      "demand": 30
    },
    {
      "id": 48,
      "x": -10.4189,
      "y": 59.0885,
      "demand": 30
    },
    {
      "id": 49,
      "x": -20.5212,
      "y": 56.3816,
      "demand": 10
    },
    {
      "id": 50,
      "x": -30.0,
      "y": 51.9615,
      "demand": 10
    },
    {
      "id": 51,
      "x": -38.5673,
      "y": 45.9627,
      "demand": 30
    },
    {
      "id": 52,
      "x": -45.9627,
      "y": 38.5673,
      "demand": 30
    },
    {
      "id": 53,
      "x": -51.9615,
      "y": 30.0,
      "demand": 10
    },
    {
      "id": 54,
      "x": -56.3816,
      "y": 20.5212,
      "demand": 10
    },
    {
      "id": 55,
      "x": -59.0885,
      "y": 10.4189,
      "demand": 30
    },
    {
      "id": 56,
      "x": -60.0,
      "y": 0.0,
      "demand": 30
    },
    {
      "id": 57,
      "x": -59.0885,
      "y": -10.4189,
      "demand": 10
    },
    {
      "id": 58,
      "x": -56.3816,
      "y": -20.5212,
      "demand": 10
    },
    {
      "id": 59,
      "x": -51.9615,
      "y": -30.0,
      "demand": 30
    },
    {
      "id": 60,
      "x": -45.9627,
      "y": -38.5673,
      "demand": 30
    },
    {
      "id": 61,
      "x": -38.5673,
      "y": -45.9627,
      "demand": 10
    },
    {
      "id": 62,
      "x": -30.0,
      "y": -51.9615,
      "demand": 10
    },
    {
      "id": 63,
      "x": -20.5212,
      "y": -56.3816,
      "demand": 30
    },
    {
      "id": 64,
      "x": -10.4189,
      "y": -59.0885,
      "demand": 30
    },
    {
      "id": 65,
      "x": 0.0,
      "y": -60.0,
      "demand": 10
    },
    {
      "id": 66,
      "x": 10.4189,
      "y": -59.0885,
      "demand": 10
    },
    {
      "id": 67,
      "x": 20.5212,
      "y": -56.3816,
      "demand": 30
    },
    {
      "id": 68,
      "x": 30.0,
      "y": -51.9615,
      "demand": 30
    },
    {
      "id": 69,
      "x": 38.5673,
      "y": -45.9627,
      "demand": 10
    },
    {
      "id": 70,
      "x": 45.9627,
      "y": -38.5672,
      "demand": 10
    },
    {
      "id": 71,
      "x": 51.9615,
      "y": -30.0,
      "demand": 30
    },
    {
      "id": 72,
      "x": 56.3816,
      "y": -20.5212,
      "demand": 30
    },
    {
      "id": 73,
      "x": 59.0885,
      "y": -10.4189,
      "demand": 10
    },
    {
      "id": 74,
      "x": 90.0,
      "y": 0.0,
      "demand": 10
    },
    {
      "id": 75,
      "x": 88.6327,
      "y": 15.6283,
      "demand": 30
    },
    {
      "id": 76,
      "x": 84.5723,
      "y": 30.7818,
      "demand": 30
    },
    {
      "id": 77,
      "x": 77.9423,
      "y": 45.0,
      "demand": 10
    },
    {
      "id": 78,
      "x": 68.944,
      "y": 57.8509,
      "demand": 10
    },
    {
      "id": 79,
      "x": 57.8509,
      "y": 68.944,
      "demand": 30
    },
    {
      "id": 80,
      "x": 45.0,
      "y": 77.9423,
      "demand": 30
    },
    {
      "id": 81,
      "x": 30.7818,
      "y": 84.5723,
      "demand": 10
    },
    {
      "id": 82,
      "x": 15.6283,
      "y": 88.6327,
      "demand": 10
    },
    {
      "id": 83,
      "x": 0.0,
      "y": 90.0,
      "demand": 30
    },
    {
      "id": 84,
      "x": -15.6283,
      "y": 88.6327,
      "demand": 30
    },
    {
      "id": 85,
      "x": -30.7818,
      "y": 84.5723,
      "demand": 10
    },
    {
      "id": 86,
      "x": -45.0,
      "y": 77.9423,
      "demand": 10
    },
    {
      "id": 87,
      "x": -57.8509,
      "y": 68.944,
      "demand": 30
    },
    {
      "id": 88,
      "x": -68.944,
      "y": 57.8509,
      "demand": 30
    },
    {
      "id": 89,
      "x": -77.9423,
      "y": 45.0,
      "demand": 10
    },
    {
      "id": 90,
      "x": -84.5723,
      "y": 30.7818,
      "demand": 10
    },
    {
      "id": 91,
      "x": -88.6327,
      "y": 15.6283,
      "demand": 30
    },
    {
      "id": 92,
      "x": -90.0,
      "y": 0.0,
      "demand": 30
    },
    {
      "id": 93,
      "x": -88.6327,
      "y": -15.6283,
      "demand": 10
    },
    {
      "id": 94,
      "x": -84.5723,
      "y": -30.7818,
      "demand": 10
    },
    {
      "id": 95,
      "x": -77.9423,
      "y": -45.0,
      "demand": 30
    },
    {
      "id": 96,
      "x": -68.944,
      "y": -57.8509,
      "demand": 30
    },
    {
      "id": 97,
      "x": -57.8509,
      "y": -68.944,
      "demand": 10
    },
    {
      "id": 98,
      "x": -45.0,
      "y": -77.9423,
      "demand": 10
    },
    {
      "id": 99,
      "x": -30.7818,
      "y": -84.5723,
      "demand": 30
    },
    {
      "id": 100,
      "x": -15.6283,
      "y": -88.6327,
      "demand": 30
    },
    {
      "id": 101,
      "x": 0.0,
      "y": -90.0,
      "demand": 10
    },
    {
      "id": 102,
      "x": 15.6283,
      "y": -88.6327,
      "demand": 10
    },
    {
      "id": 103,
      "x": 30.7818,
      "y": -84.5723,
      "demand": 30
    },
    {
      "id": 104,
      "x": 45.0,
      "y": -77.9423,
      "demand": 30
    },
    {
      "id": 105,
      "x": 57.8509,
      "y": -68.944,
      "demand": 10
    },
    {
      "id": 106,
      "x": 68.944,
      "y": -57.8509,
      "demand": 10
    },
    {
      "id": 107,
      "x": 77.9423,
      "y": -45.0,
      "demand": 30
    },
    {
      "id": 108,
      "x": 84.5723,
      "y": -30.7818,
      "demand": 30
    },
    {
      "id": 109,
      "x": 88.6327,
      "y": -15.6283,
      "demand": 10
    },
    {
      "id": 110,
      "x": 120.0,
      "y": 0.0,
      "demand": 10
    },
    {
      "id": 111,
      "x": 118.1769,
      "y": 20.8378,
      "demand": 30
    },
    {
      "id": 112,
      "x": 112.7631,
      "y": 41.0424,
      "demand": 30
    },
    {
      "id": 113,
      "x": 103.923,
      "y": 60.0,
      "demand": 10
    },
    {
      "id": 114,
      "x": 91.9253,
      "y": 77.1345,
      "demand": 10
    },
    {
      "id": 115,
      "x": 77.1345,
      "y": 91.9253,
      "demand": 30
    },
    {
      "id": 116,
      "x": 60.0,
      "y": 103.923,
      "demand": 30
    },
    {
      "id": 117,
      "x": 41.0424,
      "y": 112.7631,
      "demand": 10
    },
    {
      "id": 118,
      "x": 20.8378,
      "y": 118.1769,
      "demand": 10
    },
    {
      "id": 119,
      "x": 0.0,
      "y": 120.0,
      "demand": 30
    },
    {
      "id": 120,
      "x": -20.8378,
      "y": 118.1769,
      "demand": 30
    },
    {
      "id": 121,
      "x": -41.0424,
      "y": 112.7631,
      "demand": 10
    },
    {
      "id": 122,
      "x": -60.0,
      "y": 103.923,
      "demand": 10
    },
    {
      "id": 123,
      "x": -77.1345,
      "y": 91.9253,
      "demand": 30
    },
    {
      "id": 124,
      "x": -91.9253,
      "y": 77.1345,
      "demand": 30
    },
    {
      "id": 125,
      "x": -103.923,
      "y": 60.0,
      "demand": 10
    },
    {
      "id": 126,
      "x": -112.7631,
      "y": 41.0424,
      "demand": 10
    },
    {
      "id": 127,
      "x": -118.1769,
      "y": 20.8378,
      "demand": 30
    },
    {
      "id": 128,
      "x": -120.0,
      "y": 0.0,
      "demand": 30
    },
    {
      "id": 129,
      "x": -118.1769,
      "y": -20.8378,
      "demand": 10
    },
    {
      "id": 130,
      "x": -112.7631,
      "y": -41.0424,
      "demand": 10
    },
    {
      "id": 131,
      "x": -103.923,
      "y": -60.0,
      "demand": 30
    },
    {
      "id": 132,
      "x": -91.9253,
      "y": -77.1345,
      "demand": 30
    },
    {
      "id": 133,
      "x": -77.1345,
      "y": -91.9253,
      "demand": 10
    },
    {
      "id": 134,
      "x": -60.0,
      "y": -103.9231,
      "demand": 10
    },
    {
      "id": 135,
      "x": -41.0424,
      "y": -112.7631,
      "demand": 30
    },
    {
      "id": 136,
      "x": -20.8378,
      "y": -118.1769,
      "demand": 30
    },
    {
      "id": 137,
      "x": 0.0,
      "y": -120.0,
      "demand": 10
    },
    {
      "id": 138,
      "x": 20.8378,
      "y": -118.1769,
      "demand": 10
    },
    {
      "id": 139,
      "x": 41.0424,
      "y": -112.7631,
      "demand": 30
    },
    {
      "id": 140,
      "x": 60.0,
      "y": -103.923,
      "demand": 30
    },
    {
      "id": 141,
      "x": 77.1345,
      "y": -91.9253,
      "demand": 10
    },
    {
      "id": 142,
      "x": 91.9253,
      "y": -77.1345,
      "demand": 10
    },
    {
      "id": 143,
      "x": 103.9231,
      "y": -60.0,
      "demand": 30
    },
    {
      "id": 144,
      "x": 112.7631,
      "y": -41.0424,
      "demand": 30
    },
    {
      "id": 145,
      "x": 118.1769,
      "y": -20.8378,
      "demand": 10
    },
    {
      "id": 146,
      "x": 150.0,
      "y": 0.0,
      "demand": 10
    },
    {
      "id": 147,
      "x": 147.72121,
      "y": 26.0472,
      "demand": 30
    },
    {
      "id": 148,
      "x": 140.9539,
      "y": 51.303,
      "demand": 30
    },
    {
      "id": 149,
      "x": 129.90379,
      "y": 75.0,
      "demand": 10
    },
    {
      "id": 150,
      "x": 114.9067,
      "y": 96.4181,
      "demand": 10
    },
    {
      "id": 151,
      "x": 96.4181,
      "y": 114.9067,
      "demand": 30
    },
    {
      "id": 152,
      "x": 75.0,
      "y": 129.90379,
      "demand": 30
    },
    {
      "id": 153,
      "x": 51.303,
      "y": 140.9539,
      "demand": 10
    },
    {
      "id": 154,
      "x": 26.0472,
      "y": 147.72121,
      "demand": 10
    },
    {
      "id": 155,
      "x": 0.0,
      "y": 150.0,
      "demand": 30
    },
    {
      "id": 156,
      "x": -26.0472,
      "y": 147.72121,
      "demand": 30
    },
    {
      "id": 157,
      "x": -51.303,
      "y": 140.9539,
      "demand": 10
    },
    {
      "id": 158,
      "x": -75.0,
      "y": 129.90379,
      "demand": 10
    },
    {
      "id": 159,
      "x": -96.4182,
      "y": 114.9067,
      "demand": 30
    },
    {
      "id": 160,
      "x": -114.9067,
      "y": 96.4181,
      "demand": 30
    },
    {
      "id": 161,
      "x": -129.90379,
      "y": 75.0,
      "demand": 10
    },
    {
      "id": 162,
      "x": -140.9539,
      "y": 51.303,
      "demand": 10
    },
    {
      "id": 163,
      "x": -147.72121,
      "y": 26.0472,
      "demand": 30
    },
    {
      "id": 164,
      "x": -150.0,
      "y": 0.0,
      "demand": 30
    },
    {
      "id": 165,
      "x": -147.72121,
      "y": -26.0472,
      "demand": 10
    },
    {
      "id": 166,
      "x": -140.9539,
      "y": -51.303,
      "demand": 10
    },
    {
      "id": 167,
      "x": -129.90379,
      "y": -75.0,
      "demand": 30
    },
    {
      "id": 168,
      "x": -114.9067,
      "y": -96.4182,
      "demand": 30
    },
    {
      "id": 169,
      "x": -96.4181,
      "y": -114.9067,
      "demand": 10
    },
    {
      "id": 170,
      "x": -75.0,
      "y": -129.90379,
      "demand": 10
    },
    {
      "id": 171,
      "x": -51.303,
      "y": -140.9539,
      "demand": 30
    },
    {
      "id": 172,
      "x": -26.0472,
      "y": -147.72121,
      "demand": 30
    },
    {
      "id": 173,
      "x": 0.0,
      "y": -150.0,
      "demand": 10
    },
    {
      "id": 174,
      "x": 26.0472,
      "y": -147.72121,
      "demand": 10
    },
    {
      "id": 175,
      "x": 51.303,
      "y": -140.9539,
      "demand": 30
    },
    {
      "id": 176,
      "x": 75.0,
      "y": -129.90379,
      "demand": 30
    },
    {
      "id": 177,
      "x": 96.4182,
      "y": -114.9067,
      "demand": 10
    },
    {
      "id": 178,
      "x": 114.9067,
      "y": -96.4181,
      "demand": 10
    },
    {
      "id": 179,
      "x": 129.90379,
      "y": -75.0,
      "demand": 30
    },
    {
      "id": 180,
      "x": 140.9539,
      "y": -51.303,
      "demand": 30
    },
    {
      "id": 181,
      "x": 147.72121,
      "y": -26.0472,
      "demand": 10
    },
    {
      "id": 182,
      "x": 180.0,
      "y": 0.0,
      "demand": 10
    },
    {
      "id": 183,
      "x": 177.2654,
      "y": 31.2567,
      "demand": 30
    },
    {
      "id": 184,
      "x": 169.1447,
      "y": 61.5636,
      "demand": 30
    },
    {
      "id": 185,
      "x": 155.8846,
      "y": 90.0,
      "demand": 10
    },
    {
      "id": 186,
      "x": 137.888,
      "y": 115.7018,
      "demand": 10
    },
    {
      "id": 187,
      "x": 115.7018,
      "y": 137.888,
      "demand": 30
    },
    {
      "id": 188,
      "x": 90.0,
      "y": 155.8846,
      "demand": 30
    },
    {
      "id": 189,
      "x": 61.5636,
      "y": 169.1447,
      "demand": 10
    },
    {
      "id": 190,
      "x": 31.2567,
      "y": 177.2654,
      "demand": 10
    },
    {
      "id": 191,
      "x": 0.0,
      "y": 180.0,
      "demand": 30
    },
    {
      "id": 192,
      "x": -31.2567,
      "y": 177.2654,
      "demand": 30
    },
    {
      "id": 193,
      "x": -61.5636,
      "y": 169.1447,
      "demand": 10
    },
    {
      "id": 194,
      "x": -90.0,
      "y": 155.8846,
      "demand": 10
    },
    {
      "id": 195,
      "x": -115.7018,
      "y": 137.888,
      "demand": 30
    },
    {
      "id": 196,
      "x": -137.888,
      "y": 115.7018,
      "demand": 30
    },
    {
      "id": 197,
      "x": -155.8846,
      "y": 90.0,
      "demand": 10
    },
    {
      "id": 198,
      "x": -169.1447,
      "y": 61.5636,
      "demand": 10
    },
    {
      "id": 199,
      "x": -177.2654,
      "y": 31.2567,
      "demand": 30
    },
    {
      "id": 200,
      "x": -180.0,
      "y": 0.0,
      "demand": 30
    },
    {
      "id": 201,
      "x": -177.2654,
      "y": -31.2567,
      "demand": 10
    },
    {
      "id": 202,
      "x": -169.1447,
      "y": -61.5636,
      "demand": 10
    },
    {
      "id": 203,
      "x": -155.8846,
      "y": -90.0,
      "demand": 30
    },
    {
      "id": 204,
      "x": -137.888,
      "y": -115.7018,
      "demand": 30
    },
    {
      "id": 205,
      "x": -115.7018,
      "y": -137.888,
      "demand": 10
    },
    {
      "id": 206,
      "x": -90.0,
      "y": -155.8846,
      "demand": 10
    },
    {
      "id": 207,
      "x": -61.5636,
      "y": -169.1447,
      "demand": 30
    },
    {
      "id": 208,
      "x": -31.2566,
      "y": -177.2654,
      "demand": 30
    },
    {
      "id": 209,
      "x": 0.0,
      "y": -180.0,
      "demand": 10
    },
    {
      "id": 210,
      "x": 31.2567,
      "y": -177.2654,
      "demand": 10
    },
    {
      "id": 211,
      "x": 61.5636,
      "y": -169.1447,
      "demand": 30
    },
    {
      "id": 212,
      "x": 90.0,
      "y": -155.8846,
      "demand": 30
    },
    {
      "id": 213,
      "x": 115.7018,
      "y": -137.888,
      "demand": 10
    },
    {
      "id": 214,
      "x": 137.888,
      "y": -115.7018,
      "demand": 10
    },
    {
      "id": 215,
      "x": 155.8846,
      "y": -90.0,
      "demand": 30
    },
    {
      "id": 216,
      "x": 169.1447,
      "y": -61.5636,
      "demand": 30
    },
    {
      "id": 217,
      "x": 177.2654,
      "y": -31.2566,
      "demand": 10
    },
    {
      "id": 218,
      "x": 210.0,
      "y": 0.0,
      "demand": 10
    },
    {
      "id": 219,
      "x": 206.8096,
      "y": 36.4661,
      "demand": 30
    },
    {
      "id": 220,
      "x": 197.3354,
      "y": 71.8242,
      "demand": 30
    },
    {
      "id": 221,
      "x": 181.8653,
      "y": 105.0,
      "demand": 10
    },
    {
      "id": 222,
      "x": 160.86929,
      "y": 134.9854,
      "demand": 10
    },
    {
      "id": 223,
      "x": 134.9854,
      "y": 160.86929,
      "demand": 30
    },
    {
      "id": 224,
      "x": 105.0,
      "y": 181.8653,
      "demand": 30
    },
    {
      "id": 225,
      "x": 71.8242,
      "y": 197.3354,
      "demand": 10
    },
    {
      "id": 226,
      "x": 36.4661,
      "y": 206.8096,
      "demand": 10
    },
    {
      "id": 227,
      "x": 0.0,
      "y": 210.0,
      "demand": 30
    },
    {
      "id": 228,
      "x": -36.4661,
      "y": 206.8096,
      "demand": 30
    },
    {
      "id": 229,
      "x": -71.8242,
      "y": 197.3354,
      "demand": 10
    },
    {
      "id": 230,
      "x": -105.0,
      "y": 181.8653,
      "demand": 10
    },
    {
      "id": 231,
      "x": -134.9854,
      "y": 160.86929,
      "demand": 30
    },
    {
      "id": 232,
      "x": -160.86929,
      "y": 134.9854,
      "demand": 30
    },
    {
      "id": 233,
      "x": -181.8653,
      "y": 105.0,
      "demand": 10
    },
    {
      "id": 234,
      "x": -197.3354,
      "y": 71.8242,
      "demand": 10
    },
    {
      "id": 235,
      "x": -206.8096,
      "y": 36.4661,
      "demand": 30
    },
    {
      "id": 236,
      "x": -210.0,
      "y": 0.0,
      "demand": 30
    },
    {
      "id": 237,
      "x": -206.8096,
      "y": -36.4661,
      "demand": 10
    },
    {
      "id": 238,
      "x": -197.3354,
      "y": -71.8242,
      "demand": 10
    },
    {
      "id": 239,
      "x": -181.8653,
      "y": -105.0,
      "demand": 30
    },
    {
      "id": 240,
      "x": -160.86929,
      "y": -134.9854,
      "demand": 30
    },
    {
      "id": 241,
      "x": -134.9854,
      "y": -160.8694,
      "demand": 10
    },
    {
      "id": 242,
      "x": -105.0,
      "y": -181.8653,
      "demand": 10
    },
    {
      "id": 243,
      "x": -71.8242,
      "y": -197.33549,
      "demand": 30
    },
    {
      "id": 244,
      "x": -36.4661,
      "y": -206.8096,
      "demand": 30
    },
    {
      "id": 245,
      "x": 0.0,
      "y": -210.0,
      "demand": 10
    },
    {
      "id": 246,
      "x": 36.4661,
      "y": -206.8096,
      "demand": 10
    },
    {
      "id": 247,
      "x": 71.8243,
      "y": -197.3354,
      "demand": 30
    },
    {
      "id": 248,
      "x": 105.0,
      "y": -181.8653,
      "demand": 30
    },
    {
      "id": 249,
      "x": 134.9854,
      "y": -160.86929,
      "demand": 10
    },
    {
      "id": 250,
      "x": 160.8694,
      "y": -134.9854,
      "demand": 10
    },
    {
      "id": 251,
      "x": 181.8654,
      "y": -105.0,
      "demand": 30
    },
    {
      "id": 252,
      "x": 197.33549,
      "y": -71.8242,
      "demand": 30
    },
    {
      "id": 253,
      "x": 206.8096,
      "y": -36.4661,
      "demand": 10
    },
    {
      "id": 254,
      "x": 240.0,
      "y": 0.0,
      "demand": 10
    },
    {
      "id": 255,
      "x": 236.3539,
      "y": 41.6756,
      "demand": 30
    },
    {
      "id": 256,
      "x": 225.5262,
      "y": 82.0848,
      "demand": 30
    },
    {
      "id": 257,
      "x": 207.8461,
      "y": 120.0,
      "demand": 10
    },
    {
      "id": 258,
      "x": 183.85069,
      "y": 154.269,
      "demand": 10
    },
    {
      "id": 259,
      "x": 154.269,
      "y": 183.85069,
      "demand": 30
    },
    {
      "id": 260,
      "x": 120.0,
      "y": 207.8461,
      "demand": 30
    },
    {
      "id": 261,
      "x": 82.0848,
      "y": 225.5262,
      "demand": 10
    },
    {
      "id": 262,
      "x": 41.6756,
      "y": 236.3539,
      "demand": 10
    },
    {
      "id": 263,
      "x": 0.0,
      "y": 240.0,
      "demand": 30
    },
    {
      "id": 264,
      "x": -41.6756,
      "y": 236.3539,
      "demand": 30
    },
    {
      "id": 265,
      "x": -82.0848,
      "y": 225.5262,
      "demand": 10
    },
    {
      "id": 266,
      "x": -120.0,
      "y": 207.8461,
      "demand": 10
    },
    {
      "id": 267,
      "x": -154.269,
      "y": 183.85069,
      "demand": 30
    },
    {
      "id": 268,
      "x": -183.85069,
      "y": 154.269,
      "demand": 30
    },
    {
      "id": 269,
      "x": -207.8461,
      "y": 120.0,
      "demand": 10
    },
    {
      "id": 270,
      "x": -225.5262,
      "y": 82.0848,
      "demand": 10
    },
    {
      "id": 271,
      "x": -236.3539,
      "y": 41.6755,
      "demand": 30
    },
    {
      "id": 272,
      "x": -240.0,
      "y": 0.0,
      "demand": 30
    },
    {
      "id": 273,
      "x": -236.3539,
      "y": -41.6756,
      "demand": 10
    },
    {
      "id": 274,
      "x": -225.5262,
      "y": -82.0849,
      "demand": 10
    },
    {
      "id": 275,
      "x": -207.8461,
      "y": -120.0,
      "demand": 30
    },
    {
      "id": 276,
      "x": -183.8506,
      "y": -154.269,
      "demand": 30
    },
    {
      "id": 277,
      "x": -154.269,
      "y": -183.85069,
      "demand": 10
    },
    {
      "id": 278,
      "x": -120.0,
      "y": -207.8461,
      "demand": 10
    },
    {
      "id": 279,
      "x": -82.0848,
      "y": -225.5262,
      "demand": 30
    },
    {
      "id": 280,
      "x": -41.6755,
      "y": -236.3539,
      "demand": 30
    },
    {
      "id": 281,
      "x": 0.0,
      "y": -240.0,
      "demand": 10
    },
    {
      "id": 282,
      "x": 41.6756,
      "y": -236.3539,
      "demand": 10
    },
    {
      "id": 283,
      "x": 82.0849,
      "y": -225.5262,
      "demand": 30
    },
    {
      "id": 284,
      "x": 120.0,
      "y": -207.8461,
      "demand": 30
    },
    {
      "id": 285,
      "x": 154.2691,
      "y": -183.8506,
      "demand": 10
    },
    {
      "id": 286,
      "x": 183.85069,
      "y": -154.269,
      "demand": 10
    },
    {
      "id": 287,
      "x": 207.8461,
      "y": -120.0,
      "demand": 30
    },
    {
      "id": 288,
      "x": 225.5262,
      "y": -82.0848,
      "demand": 30
    },
    {
      "id": 289,
      "x": 236.3539,
      "y": -41.6755,
      "demand": 10
    },
    {
      "id": 290,
      "x": 270.0,
      "y": 0.0,
      "demand": 10
    },
    {
      "id": 291,
      "x": 265.8981,
      "y": 46.885,
      "demand": 30
    },
    {
      "id": 292,
      "x": 253.717,
      "y": 92.3454,
      "demand": 30
    },
    {
      "id": 293,
      "x": 233.8269,
      "y": 135.0,
      "demand": 10
    },
    {
      "id": 294,
      "x": 206.832,
      "y": 173.5527,
      "demand": 10
    },
    {
      "id": 295,
      "x": 173.5526,
      "y": 206.832,
      "demand": 30
    },
    {
      "id": 296,
      "x": 135.0,
      "y": 233.8269,
      "demand": 30
    },
    {
      "id": 297,
      "x": 92.3454,
      "y": 253.717,
      "demand": 10
    },
    {
      "id": 298,
      "x": 46.885,
      "y": 265.8981,
      "demand": 10
    },
    {
      "id": 299,
      "x": 0.0,
      "y": 270.0,
      "demand": 30
    },
    {
      "id": 300,
      "x": -46.885,
      "y": 265.8981,
      "demand": 30
    },
    {
      "id": 301,
      "x": -92.3455,
      "y": 253.717,
      "demand": 10
    },
    {
      "id": 302,
      "x": -135.0,
      "y": 233.8269,
      "demand": 10
    },
    {
      "id": 303,
      "x": -173.5527,
      "y": 206.832,
      "demand": 30
    },
    {
      "id": 304,
      "x": -206.832,
      "y": 173.5526,
      "demand": 30
    },
    {
      "id": 305,
      "x": -233.8269,
      "y": 135.0,
      "demand": 10
    },
    {
      "id": 306,
      "x": -253.717,
      "y": 92.3454,
      "demand": 10
    },
    {
      "id": 307,
      "x": -265.8981,
      "y": 46.885,
      "demand": 30
    },
    {
      "id": 308,
      "x": -270.0,
      "y": 0.0,
      "demand": 30
    },
    {
      "id": 309,
      "x": -265.8981,
      "y": -46.885,
      "demand": 10
    },
    {
      "id": 310,
      "x": -253.717,
      "y": -92.3455,
      "demand": 10
    },
    {
      "id": 311,
      "x": -233.8268,
      "y": -135.0,
      "demand": 30
    },
    {
      "id": 312,
      "x": -206.832,
      "y": -173.5527,
      "demand": 30
    },
    {
      "id": 313,
      "x": -173.5526,
      "y": -206.832,
      "demand": 10
    },
    {
      "id": 314,
      "x": -135.0,
      "y": -233.8269,
      "demand": 10
    },
    {
      "id": 315,
      "x": -92.3454,
      "y": -253.717,
      "demand": 30
    },
    {
      "id": 316,
      "x": -46.885,
      "y": -265.8981,
      "demand": 30
    },
    {
      "id": 317,
      "x": 0.0,
      "y": -270.0,
      "demand": 10
    },
    {
      "id": 318,
      "x": 46.885,
      "y": -265.8981,
      "demand": 10
    },
    {
      "id": 319,
      "x": 92.3455,
      "y": -253.717,
      "demand": 30
    },
    {
      "id": 320,
      "x": 135.0,
      "y": -233.8268,
      "demand": 30
    },
    {
      "id": 321,
      "x": 173.5527,
      "y": -206.832,
      "demand": 10
    },
    {
      "id": 322,
      "x": 206.832,
      "y": -173.5526,
      "demand": 10
    },
    {
      "id": 323,
      "x": 233.8269,
      "y": -135.0,
      "demand": 30
    },
    {
      "id": 324,
      "x": 253.717,
      "y": -92.3454,
      "demand": 30
    },
    {
      "id": 325,
      "x": 265.8981,
      "y": -46.885,
      "demand": 10
    },
    {
      "id": 326,
      "x": 300.0,
      "y": 0.0,
      "demand": 10
    },
    {
      "id": 327,
      "x": 295.44229,
      "y": 52.0945,
      "demand": 30
    },
    {
      "id": 328,
      "x": 281.90781,
      "y": 102.606,
      "demand": 30
    },
    {
      "id": 329,
      "x": 259.80759,
      "y": 150.0,
      "demand": 10
    },
    {
      "id": 330,
      "x": 229.81329,
      "y": 192.8363,
      "demand": 10
    },
    {
      "id": 331,
      "x": 192.8363,
      "y": 229.81329,
      "demand": 30
    },
    {
      "id": 332,
      "x": 150.0,
      "y": 259.80759,
      "demand": 30
    },
    {
      "id": 333,
      "x": 102.606,
      "y": 281.90781,
      "demand": 10
    },
    {
      "id": 334,
      "x": 52.0944,
      "y": 295.44229,
      "demand": 10
    },
    {
      "id": 335,
      "x": 0.0,
      "y": 300.0,
      "demand": 30
    },
    {
      "id": 336,
      "x": -52.0945,
      "y": 295.44229,
      "demand": 30
    },
    {
      "id": 337,
      "x": -102.6061,
      "y": 281.90781,
      "demand": 10
    },
    {
      "id": 338,
      "x": -150.0,
      "y": 259.80759,
      "demand": 10
    },
    {
      "id": 339,
      "x": -192.8363,
      "y": 229.81329,
      "demand": 30
    },
    {
      "id": 340,
      "x": -229.81329,
      "y": 192.8363,
      "demand": 30
    },
    {
      "id": 341,
      "x": -259.80759,
      "y": 150.0,
      "demand": 10
    },
    {
      "id": 342,
      "x": -281.90781,
      "y": 102.606,
      "demand": 10
    },
    {
      "id": 343,
      "x": -295.44229,
      "y": 52.0944,
      "demand": 30
    },
    {
      "id": 344,
      "x": -300.0,
      "y": 0.0,
      "demand": 30
    },
    {
      "id": 345,
      "x": -295.44229,
      "y": -52.0945,
      "demand": 10
    },
    {
      "id": 346,
      "x": -281.90781,
      "y": -102.6061,
      "demand": 10
    },
    {
      "id": 347,
      "x": -259.80759,
      "y": -150.0,
      "demand": 30
    },
    {
      "id": 348,
      "x": -229.81329,
      "y": -192.8363,
      "demand": 30
    },
    {
      "id": 349,
      "x": -192.8363,
      "y": -229.8134,
      "demand": 10
    },
    {
      "id": 350,
      "x": -150.0,
      "y": -259.80759,
      "demand": 10
    },
    {
      "id": 351,
      "x": -102.606,
      "y": -281.90781,
      "demand": 30
    },
    {
      "id": 352,
      "x": -52.0944,
      "y": -295.44229,
      "demand": 30
    },
    {
      "id": 353,
      "x": 0.0,
      "y": -300.0,
      "demand": 10
    },
    {
      "id": 354,
      "x": 52.0945,
      "y": -295.44229,
      "demand": 10
    },
    {
      "id": 355,
      "x": 102.6061,
      "y": -281.90781,
      "demand": 30
    },
    {
      "id": 356,
      "x": 150.0,
      "y": -259.80759,
      "demand": 30
    },
    {
      "id": 357,
      "x": 192.8363,
      "y": -229.81329,
      "demand": 10
    },
    {
      "id": 358,
      "x": 229.8134,
      "y": -192.8362,
      "demand": 10
    },
    {
      "id": 359,
      "x": 259.80759,
      "y": -150.0,
      "demand": 30
    },
    {
      "id": 360,
      "x": 281.90781,
      "y": -102.606,
      "demand": 30
    },
    {
      "id": 361,
      "x": 295.44229,
      "y": -52.0944,
      "demand": 10
    }
  ]
}