{
  "capacity": 900,
  "depot": {
    "x": 0.0,
    "y": 0.0
  },
  "customers": [
    {
      "id": 2,
      "x": 30.0,
      "y": 0.0,
      "demand": 10
    },
    {
      "id": 3,
      "x": 28.5317,
      "y": 9.2705,
      "demand": 30
    },
    {
      "id": 4,
      "x": 24.2705,
      "y": 17.6336,
      "demand": 30
    },
    {
      "id": 5,
      "x": 17.6336,
      "y": 24.2705,
      "demand": 10
    },
    {
      "id": 6,
      "x": 9.2705,
      "y": 28.5317,
      "demand": 10
    },
    {
      "id": 7,
      "x": 0.0,
      "y": 30.0,
      "demand": 30
    },
    {
      "id": 8,
      "x": -9.2705,
      "y": 28.5317,
      "demand": 30
    },
    {
      "id": 9,
      "x": -17.6336,
      "y": 24.2705,
      "demand": 10
    },
    {
      "id": 10,
      "x": -24.2705,
      "y": 17.6336,
      "demand": 10
    },
    {
      "id": 11,
      "x": -28.5317,
      "y": 9.2705,
      "demand": 30
    },
    {
      "id": 12,
      "x": -30.0,
      "y": 0.0,
      "demand": 30
    },
    {
      "id": 13,
      "x": -28.5317,
      "y": -9.2705,
      "demand": 10
    },
    {
      "id": 14,
      "x": -24.2705,
      "y": -17.6336,
      "demand": 10
    },
    {
      "id": 15,
      "x": -17.6336,
      "y": -24.2705,
      "demand": 30
    },
    {
      "id": 16,
      "x": -9.2705,
      "y": -28.5317,
      "demand": 30
    },
    {
      "id": 17,
      "x": 0.0,
      "y": -30.0,
      "demand": 10
    },
    {
      "id": 18,
      "x": 9.2705,
      "y": -28.5317,
      "demand": 10
    },
    {
      "id": 19,
      "x": 17.6336,
      "y": -24.2705,
      "demand": 30
    },
    {
      "id": 20,
      "x": 24.2705,
      "y": -17.6336,
      "demand": 30
    },
    {
      "id": 21,
      "x": 28.5317,
      "y": -9.2705,
      "demand": 10
    },
    {
      "id": 22,
      "x": 60.0,
      "y": 0.0,
      "demand": 10
    },
    {
      "id": 23,
      "x": 57.0634,
      "y": 18.541,
      "demand": 30
    },
    {
      "id": 24,
      "x": 48.541,
      "y": 35.2671,
      "demand": 30
    },
    {
      "id": 25,
      "x": 35.2671,
      "y": 48.541,
      "demand": 10
    },
    {
      "id": 26,
      "x": 18.541,
      "y": 57.0634,
      "demand": 10
    },
    {
      "id": 27,
      "x": 0.0,
      "y": 60.0,
      "demand": 30
    },
    {
      "id": 28,
      "x": -18.541,
      "y": 57.0634,
      "demand": 30
    },
    {
      "id": 29,
      "x": -35.2671,
      "y": 48.541,
      "demand": 10
    },
    {
      "id": 30,
      "x": -48.541,
      "y": 35.2671,
      "demand": 10
    },
    {
      "id": 31,
      "x": -57.0634,
      "y": 18.541,
      "demand": 30
    },
    {
      "id": 32,
      "x": -60.0,
      "y": 0.0,
      "demand": 30
    },
    {
      "id": 33,
      "x": -57.0634,
      "y": -18.541,
      "demand": 10
    },
    {
      "id": 34,
      "x": -48.541,
      "y": -35.2671,
      "demand": 10
    },
    {
      "id": 35,
      "x": -35.2671,
      "y": -48.541,
      "demand": 30
    },
    {
      "id": 36,
      "x": -18.541,
      "y": -57.0634,
      "demand": 30
    },
    {
      "id": 37,
      "x": 0.0,
      "y": -60.0,
      "demand": 10
    },
    {
      "id": 38,
      "x": 18.541,
      "y": -57.0634,
      "demand": 10
    },
    {
      "id": 39,
      "x": 35.2671,
      "y": -48.541,
      "demand": 30
    },
    {
      "id": 40,
      "x": 48.541,
      "y": -35.2671,
      "demand": 30
    },
    {
      "id": 41,
      "x": 57.0634,
      "y": -18.541,
      "demand": 10
    },
    {
      "id": 42,
      "x": 90.0,
      "y": 0.0,
      "demand": 10
    },
    {
      "id": 43,
      "x": 85.5951,
      "y": 27.8115,
      "demand": 30
    },
    {
      "id": 44,
      "x": 72.8115,
      "y": 52.9007,
      "demand": 30
    },
    {
      "id": 45,
      "x": 52.9007,
      "y": 72.8115,
      "demand": 10
    },
    {
      "id": 46,
      "x": 27.8115,
      "y": 85.5951,
      "demand": 10
    },
    {
      "id": 47,
      "x": 0.0,
      "y": 90.0,
      "demand": 30
    },
    {
      "id": 48,
      "x": -27.8115,
      "y": 85.5951,
      "demand": 30
    },
    {
      "id": 49,
      "x": -52.9007,
      "y": 72.8115,
      "demand": 10
    },
    {
      "id": 50,
      "x": -72.8115,
      "y": 52.9007,
      "demand": 10
    },
    {
      "id": 51,
      "x": -85.5951,
      "y": 27.8115,
      "demand": 30
    },
    {
      "id": 52,
      "x": -90.0,
      "y": 0.0,
      "demand": 30
    },
    {
      "id": 53,
      "x": -85.5951,
      "y": -27.8115,
      "demand": 10
    },
    {
      "id": 54,
      "x": -72.8115,
      "y": -52.9007,
      "demand": 10
    },
    {
      "id": 55,
      "x": -52.9007,
      "y": -72.8115,
      "demand": 30
    },
    {
      "id": 56,
      "x": -27.8115,
      "y": -85.5951,
      "demand": 30
    },
    {
      "id": 57,
      "x": 0.0,
      "y": -90.0,
      "demand": 10
    },
    {
      "id": 58,
      "x": 27.8115,
      "y": -85.5951,
      "demand": 10
    },
    {
      "id": 59,
      "x": 52.9007,
      "y": -72.8115,
      "demand": 30
    },
    {
      "id": 60,
      "x": 72.8115,
      "y": -52.9007,
      "demand": 30
    },
    {
      "id": 61,
      "x": 85.5951,
      "y": -27.8115,
      "demand": 10
    },
    {
      "id": 62,
      "x": 120.0,
      "y": 0.0,
      "demand": 10
    },
    {
      "id": 63,
      "x": 114.1268,
      "y": 37.082,
      "demand": 30
    },
    {
      "id": 64,
      "x": 97.082,
      "y": 70.5342,
      "demand": 30
    },
    {
      "id": 65,
      "x": 70.5342,
      "y": 97.082,
      "demand": 10
    },
    {
      "id": 66,
      "x": 37.082,
      "y": 114.1268,
      "demand": 10
    },
    {
      "id": 67,
      "x": 0.0,
      "y": 120.0,
      "demand": 30
    },
    {
      "id": 68,
      "x": -37.082,
      "y": 114.1268,
      "demand": 30
    },
    {
      "id": 69,
      "x": -70.5342,
      "y": 97.082,
      "demand": 10
    },
    {
      "id": 70,
      "x": -97.082,
      "y": 70.5342,
      "demand": 10
    },
    {
      "id": 71,
      "x": -114.1268,
      "y": 37.082,
      "demand": 30
    },
    {
      "id": 72,
      "x": -120.0,
      "y": 0.0,
      "demand": 30
    },
    {
      "id": 73,
      "x": -114.1268,
      "y": -37.0821,
      "demand": 10
    },
    {
      "id": 74,
      "x": -97.082,
      "y": -70.5342,
      "demand": 10
    },
    {
      "id": 75,
      "x": -70.5342,
      "y": -97.082,
      "demand": 30
    },
    {
      "id": 76,
      "x": -37.082,
      "y": -114.1268,
      "demand": 30
    },
    {
      "id": 77,
      "x": 0.0,
      "y": -120.0,
      "demand": 10
    },
    {
      "id": 78,
      "x": 37.0821,
      "y": -114.1268,
      "demand": 10
    },
    {
      "id": 79,
      "x": 70.5342,
      "y": -97.082,
      "demand": 30
    },
    {
      "id": 80,
      "x": 97.0821,
      "y": -70.5342,
      "demand": 30
    },
    {
      "id": 81,
      "x": 114.1268,
      "y": -37.082,
      "demand": 10
    },
    {
      "id": 82,
      "x": 150.0,
      "y": 0.0,
      "demand": 10
    },
    {
      "id": 83,
      "x": 142.65849,
      "y": 46.3526,
      "demand": 30
    },
    {
      "id": 84,
      "x": 121.3525,
      "y": 88.1678,
      "demand": 30
    },
    {
      "id": 85,
      "x": 88.1678,
      "y": 121.3526,
      "demand": 10
    },
    {
      "id": 86,
      "x": 46.3525,
      "y": 142.65849,
      "demand": 10
    },
    {
      "id": 87,
      "x": 0.0,
      "y": 150.0,
      "demand": 30
    },
    {
      "id": 88,
      "x": -46.3526,
      "y": 142.65849,
      "demand": 30
    },
    {
      "id": 89,
      "x": -88.1678,
      "y": 121.3525,
      "demand": 10
    },
    {
      "id": 90,
      "x": -121.3526,
      "y": 88.1678,
      "demand": 10
    },
    {
      "id": 91,
      "x": -142.65849,
      "y": 46.3525,
      "demand": 30
    },
    {
      "id": 92,
      "x": -150.0,
      "y": 0.0,
      "demand": 30
    },
    {
      "id": 93,
      "x": -142.65849,
      "y": -46.3526,
      "demand": 10
    },
    {
      "id": 94,
      "x": -121.3525,
      "y": -88.1678,
      "demand": 10
    },
    {
      "id": 95,
      "x": -88.1678,
      "y": -121.3526,
      "demand": 30
    },
    {
      "id": 96,
      "x": -46.3525,
      "y": -142.65849,
      "demand": 30
    },
    {
      "id": 97,
      "x": 0.0,
      "y": -150.0,
      "demand": 10
    },
    {
      "id": 98,
      "x": 46.3526,
      "y": -142.65849,
      "demand": 10
    },
    {
      "id": 99,
      "x": 88.1678,
      "y": -121.3525,
      "demand": 30
    },
    {
      "id": 100,
      "x": 121.3526,
      "y": -88.1678,
      "demand": 30
    },
    {
      "id": 101,
      "x": 142.65849,
      "y": -46.3525,
      "demand": 10
    },
    {
      "id": 102,
      "x": 180.0,
      "y": 0.0,
      "demand": 10
    },
    {
      "id": 103,
      "x": 171.1902,
      "y": 55.6231,
      "demand": 30
    },
    {
      "id": 104,
      "x": 145.62309,
      "y": 105.8013,
      "demand": 30
    },
    {
      "id": 105,
      "x": 105.8013,
      "y": 145.62309,
      "demand": 10
    },
    {
      "id": 106,
      "x": 55.6231,
      "y": 171.1902,
      "demand": 10
    },
    {
      "id": 107,
      "x": 0.0,
      "y": 180.0,
      "demand": 30
    },
    {
      "id": 108,
      "x": -55.6231,
      "y": 171.1902,
      "demand": 30
    },
    {
      "id": 109,
      "x": -105.8014,
      "y": 145.623,
      "demand": 10
    },
    {
      "id": 110,
      "x": -145.62309,
      "y": 105.8013,
      "demand": 10
    },
    {
      "id": 111,
      "x": -171.1902,
      "y": 55.623,
      "demand": 30
    },
    {
      "id": 112,
      "x": -180.0,
      "y": 0.0,
      "demand": 30
    },
    {
      "id": 113,
      "x": -171.1902,
      "y": -55.6231,
      "demand": 10
    },
    {
      "id": 114,
      "x": -145.623,
      "y": -105.8014,
      "demand": 10
    },
    {
      "id": 115,
      "x": -105.8013,
      "y": -145.62309,
      "demand": 30
    },
    {
      "id": 116,
      "x": -55.623,
      "y": -171.1902,
      "demand": 30
    },
    {
      "id": 117,
      "x": 0.0,
      "y": -180.0,
      "demand": 10
    },
    {
      "id": 118,
      "x": 55.6231,
      "y": -171.1902,
      "demand": 10
    },
    {
      "id": 119,
      "x": 105.8014,
      "y": -145.623,
      "demand": 30
    },
    {
      "id": 120,
      "x": 145.62309,
      "y": -105.8013,
      "demand": 30
    },
    {
      "id": 121,
      "x": 171.1902,
      "y": -55.623,
      "demand": 10
    },
    {
      "id": 122,
      "x": 210.0,
      "y": 0.0,
      "demand": 10
    },
    {
      "id": 123,
      "x": 199.72189,
      "y": 64.8936,
      "demand": 30
    },
    {
      "id": 124,
      "x": 169.8936,
      "y": 123.4349,
      "demand": 30
    },
    {
      "id": 125,
      "x": 123.4349,
      "y": 169.8936,
      "demand": 10
    },
    {
      "id": 126,
      "x": 64.8936,
      "y": 199.72189,
      "demand": 10
    },
    {
      "id": 127,
      "x": 0.0,
      "y": 210.0,
      "demand": 30
    },
    {
      "id": 128,
      "x": -64.8936,
      "y": 199.72189,
      "demand": 30
    },
    {
      "id": 129,
      "x": -123.4349,
      "y": 169.8936,
      "demand": 10
    },
    {
      "id": 130,
      "x": -169.8936,
      "y": 123.4349,
      "demand": 10
    },
    {
      "id": 131,
      "x": -199.72189,
      "y": 64.8936,
      "demand": 30
    },
    {
      "id": 132,
      "x": -210.0,
      "y": 0.0,
      "demand": 30
    },
    {
      "id": 133,
      "x": -199.72189,
      "y": -64.8936,
      "demand": 10
    },
    {
      "id": 134,
      "x": -169.8936,
      "y": -123.4349,
      "demand": 10
    },
    {
      "id": 135,
      "x": -123.4349,
      "y": -169.8936,
      "demand": 30
    },
    {
      "id": 136,
      "x": -64.8935,
      "y": -199.72189,
      "demand": 30
    },
    {
      "id": 137,
      "x": 0.0,
      "y": -210.0,
      "demand": 10
    },
    {
      "id": 138,
      "x": 64.8936,
      "y": -199.72189,
      "demand": 10
    },
    {
      "id": 139,
      "x": 123.4349,
      "y": -169.8936,
      "demand": 30
    },
    {
      "id": 140,
      "x": 169.8936,
      "y": -123.4349,
      "demand": 30
    },
    {
      "id": 141,
      "x": 199.72189,
      "y": -64.8935,
      "demand": 10
    },
    {
      "id": 142,
      "x": 240.0,
      "y": 0.0,
      "demand": 10
    },
    {
      "id": 143,
      "x": 228.2536,
      "y": 74.1641,
      "demand": 30
    },
    {
      "id": 144,
      "x": 194.16409,
      "y": 141.0685,
      "demand": 30
    },
    {
      "id": 145,
      "x": 141.0685,
      "y": 194.16409,
      "demand": 10
    },
    {
      "id": 146,
      "x": 74.1641,
      "y": 228.2536,
      "demand": 10
    },
    {
      "id": 147,
      "x": 0.0,
      "y": 240.0,
      "demand": 30
    },
    {
      "id": 148,
      "x": -74.1641,
      "y": 228.2536,
      "demand": 30
    },
    {
      "id": 149,
      "x": -141.0685,
      "y": 194.16409,
      "demand": 10
    },
    {
      "id": 150,
      "x": -194.16409,
      "y": 141.0685,
      "demand": 10
    },
    {
      "id": 151,
      "x": -228.2536,
      "y": 74.1641,
      "demand": 30
    },
    {
      "id": 152,
      "x": -240.0,
      "y": 0.0,
      "demand": 30
    },
    {
      "id": 153,
      "x": -228.2536,
      "y": -74.1641,
      "demand": 10
    },
    {
      "id": 154,
      "x": -194.16409,
      "y": -141.0685,
      "demand": 10
    },
    {
      "id": 155,
      "x": -141.06841,
      "y": -194.16409,
      "demand": 30
    },
    {
      "id": 156,
      "x": -74.164,
      "y": -228.2536,
      "demand": 30
    },
    {
      "id": 157,
      "x": 0.0,
      "y": -240.0,
      "demand": 10
    },
    {
      "id": 158,
      "x": 74.1641,
      "y": -228.2536,
      "demand": 10
    },
    {
      "id": 159,
      "x": 141.0685,
      "y": -194.16409,
      "demand": 30
    },
    {
      "id": 160,
      "x": 194.16409,
      "y": -141.06841,
      "demand": 30
    },
    {
      "id": 161,
      "x": 228.2536,
      "y": -74.164,
      "demand": 10
    },
    {
      "id": 162,
      "x": 270.0,
      "y": 0.0,
      "demand": 10
    },
    {
      "id": 163,
      "x": 256.78519,
      "y": 83.4346,
      "demand": 30
    },
    {
      "id": 164,
      "x": 218.4346,
      "y": 158.702,
      "demand": 30
    },
    {
      "id": 165,
      "x": 158.702,
      "y": 218.4346,
      "demand": 10
    },
    {
      "id": 166,
      "x": 83.4346,
      "y": 256.78519,
      "demand": 10
    },
    {
      "id": 167,
      "x": 0.0,
      "y": 270.0,
      "demand": 30
    },
    {
      "id": 168,
      "x": -83.4346,
      "y": 256.78519,
      "demand": 30
    },
    {
      "id": 169,
      "x": -158.702,
      "y": 218.4346,
      "demand": 10
    },
    {
      "id": 170,
      "x": -218.4346,
      "y": 158.702,
      "demand": 10
    },
    {
      "id": 171,
      "x": -256.78531,
      "y": 83.4346,
      "demand": 30
    },
    {
      "id": 172,
      "x": -270.0,
      "y": 0.0,
      "demand": 30
    },
    {
      "id": 173,
      "x": -256.78519,
      "y": -83.4346,
      "demand": 10
    },
    {
      "id": 174,
      "x": -218.4346,
      "y": -158.702,
      "demand": 10
    },
    {
      "id": 175,
      "x": -158.702,
      "y": -218.4346,
      "demand": 30
    },
    {
      "id": 176,
      "x": -83.4346,
      "y": -256.78531,
      "demand": 30
    },
    {
      "id": 177,
      "x": 0.0,
      "y": -270.0,
      "demand": 10
    },
    {
      "id": 178,
      "x": 83.4346,
      "y": -256.78519,
      "demand": 10
    },
    {
      "id": 179,
      "x": 158.7021,
      "y": -218.4346,
      "demand": 30
    },
    {
      "id": 180,
      "x": 218.4346,
      "y": -158.702,
      "demand": 30
    },
    {
      "id": 181,
      "x": 256.78531,
      "y": -83.4345,
      "demand": 10
    },
    {
      "id": 182,
      "x": 300.0,
      "y": 0.0,
      "demand": 10
    },
    {
      "id": 183,
      "x": 285.31699,
      "y": 92.7051,
      "demand": 30
    },
    {
      "id": 184,
      "x": 242.70509,
      "y": 176.3356,
      "demand": 30
    },
    {
      "id": 185,
      "x": 176.3356,
      "y": 242.70509,
      "demand": 10
    },
    {
      "id": 186,
      "x": 92.7051,
      "y": 285.31699,
      "demand": 10
    },
    {
      "id": 187,
      "x": 0.0,
      "y": 300.0,
      "demand": 30
    },
    {
      "id": 188,
      "x": -92.7051,
      "y": 285.31699,
      "demand": 30
    },
    {
      "id": 189,
      "x": -176.3356,
      "y": 242.70509,
      "demand": 10
    },
    {
      "id": 190,
      "x": -242.70509,
      "y": 176.3356,
      "demand": 10
    },
    {
      "id": 191,
      "x": -285.31699,
      "y": 92.7051,
      "demand": 30
    },
    {
      "id": 192,
      "x": -300.0,
      "y": 0.0,
      "demand": 30
    },
    {
      "id": 193,
      "x": -285.31699,
      "y": -92.7051,
      "demand": 10
    },
    {
      "id": 194,
      "x": -242.70509,
      "y": -176.3356,
      "demand": 10
    },
    {
      "id": 195,
      "x": -176.33549,
      "y": -242.70509,
      "demand": 30
    },
    {
      "id": 196,
      "x": -92.7051,
      "y": -285.31699,
      "demand": 30
    },
    {
      "id": 197,
      "x": 0.0,
      "y": -300.0,
      "demand": 10
    },
    {
      "id": 198,
      "x": 92.7051,
      "y": -285.31699,
      "demand": 10
    },
    {
      "id": 199,
      "x": 176.3356,
      "y": -242.70509,
      "demand": 30
    },
    {
      "id": 200,
      "x": 242.70509,
      "y": -176.33549,
      "demand": 30
    },
    {
      "id": 201,
      "x": 285.31699,
      "y": -92.705,
      "demand": 10
    }
  ]
}