{
  "capacity": 900,
  "depot": {
    "x": 0.0,
    "y": 0.0
  },
  "customers": [
    {
      "id": 2,
      "x": 30.0,
      "y": 0.0,
      "demand": 10
    },
    {
      "id": 3,
      "x": 29.2478,
      "y": 6.6756,
      "demand": 30
    },
    {
      "id": 4,
      "x": 27.0291,
      "y": 13.0165,
      "demand": 30
    },
    {
      "id": 5,
      "x": 23.4549,
      "y": 18.7047,
      "demand": 10
    },
    {
      "id": 6,
      "x": 18.7047,
      "y": 23.4549,
      "demand": 10
    },
    {
      "id": 7,
      "x": 13.0165,
      "y": 27.0291,
      "demand": 30
    },
    {
      "id": 8,
      "x": 6.6756,
      "y": 29.2478,
      "demand": 30
    },
    {
      "id": 9,
      "x": 0.0,
      "y": 30.0,
      "demand": 10
    },
    {
      "id": 10,
      "x": -6.6756,
      "y": 29.2478,
      "demand": 10
    },
    {
      "id": 11,
      "x": -13.0165,
      "y": 27.0291,
      "demand": 30
    },
    {
      "id": 12,
      "x": -18.7047,
      "y": 23.4549,
      "demand": 30
    },
    {
      "id": 13,
      "x": -23.4549,
      "y": 18.7047,
      "demand": 10
    },
    {
      "id": 14,
      "x": -27.0291,
      "y": 13.0165,
      "demand": 10
    },
    {
      "id": 15,
      "x": -29.2478,
      "y": 6.6756,
      "demand": 30
    },
    {
      "id": 16,
      "x": -30.0,
      "y": 0.0,
      "demand": 30
    },
    {
      "id": 17,
      "x": -29.2478,
      "y": -6.6756,
      "demand": 10
    },
    {
      "id": 18,
      "x": -27.0291,
      "y": -13.0165,
      "demand": 10
    },
    {
      "id": 19,
      "x": -23.4549,
      "y": -18.7047,
      "demand": 30
    },
    {
      "id": 20,
      "x": -18.7047,
      "y": -23.4549,
      "demand": 30
    },
    {
      "id": 21,
      "x": -13.0165,
      "y": -27.0291,
      "demand": 10
    },
    {
      "id": 22,
      "x": -6.6756,
      "y": -29.2478,
      "demand": 10
    },
    {
      "id": 23,
      "x": 0.0,
      "y": -30.0,
      "demand": 30
    },
    {
      "id": 24,
      "x": 6.6756,
      "y": -29.2478,
      "demand": 30
    },
    {
      "id": 25,
      "x": 13.0165,
      "y": -27.0291,
      "demand": 10
    },
    {
      "id": 26,
      "x": 18.7047,
      "y": -23.4549,
      "demand": 10
    },
    {
      "id": 27,
      "x": 23.4549,
      "y": -18.7047,
      "demand": 30
    },
    {
      "id": 28,
      "x": 27.0291,
      "y": -13.0165,
      "demand": 30
    },
    {
      "id": 29,
      "x": 29.2478,
      "y": -6.6756,
      "demand": 10
    },
    {
      "id": 30,
      "x": 60.0,
      "y": 0.0,
      "demand": 10
    },
    {
      "id": 31,
      "x": 58.4957,
      "y": 13.3513,
      "demand": 30
    },
    {
      "id": 32,
      "x": 54.0581,
      "y": 26.033,
      "demand": 30
    },
    {
      "id": 33,
      "x": 46.9099,
      "y": 37.4094,
      "demand": 10
    },
    {
      "id": 34,
      "x": 37.4094,
      "y": 46.9099,
      "demand": 10
    },
    {
      "id": 35,
      "x": 26.033,
      "y": 54.0581,
      "demand": 30
    },
    {
      "id": 36,
      "x": 13.3513,
      "y": 58.4957,
      "demand": 30
    },
    {
      "id": 37,
      "x": 0.0,
      "y": 60.0,
      "demand": 10
    },
    {
      "id": 38,
      "x": -13.3513,
      "y": 58.4957,
      "demand": 10
    },
    {
      "id": 39,
      "x": -26.033,
      "y": 54.0581,
      "demand": 30
    },
    {
      "id": 40,
      "x": -37.4094,
      "y": 46.9099,
      "demand": 30
    },
    {
      "id": 41,
      "x": -46.9099,
      "y": 37.4094,
      "demand": 10
    },
    {
      "id": 42,
      "x": -54.0581,
      "y": 26.033,
      "demand": 10
    },
    {
      "id": 43,
      "x": -58.4957,
      "y": 13.3513,
      "demand": 30
    },
    {
      "id": 44,
      "x": -60.0,
      "y": 0.0,
      "demand": 30
    },
    {
      "id": 45,
      "x": -58.4957,
      "y": -13.3513,
      "demand": 10
    },
    {
      "id": 46,
      "x": -54.0581,
      "y": -26.033,
      "demand": 10
    },
    {
      "id": 47,
      "x": -46.9099,
      "y": -37.4094,
      "demand": 30
    },
    {
      "id": 48,
      "x": -37.4094,
      "y": -46.9099,
      "demand": 30
    },
    {
      "id": 49,
      "x": -26.033,
      "y": -54.0581,
      "demand": 10
    },
    {
      "id": 50,
      "x": -13.3512,
      "y": -58.4957,
      "demand": 10
    },
    {
      "id": 51,
      "x": 0.0,
      "y": -60.0,
      "demand": 30
    },
    {
      "id": 52,
      "x": 13.3513,
      "y": -58.4957,
      "demand": 30
    },
    {
      "id": 53,
      "x": 26.033,
      "y": -54.0581,
      "demand": 10
    },
    {
      "id": 54,
      "x": 37.4094,
      "y": -46.9099,
      "demand": 10
    },
    {
      "id": 55,
      "x": 46.9099,
      "y": -37.4094,
      "demand": 30
    },
    {
      "id": 56,
      "x": 54.0581,
      "y": -26.033,
      "demand": 30
    },
    {
      "id": 57,
      "x": 58.4957,
      "y": -13.3512,
      "demand": 10
    },
    {
      "id": 58,
      "x": 90.0,
      "y": 0.0,
      "demand": 10
    },
    {
      "id": 59,
      "x": 87.7435,
      "y": 20.0269,
      "demand": 30
    },
    {
      "id": 60,
      "x": 81.0872,
      "y": 39.0495,
      "demand": 30
    },
    {
      "id": 61,
      "x": 70.3648,
      "y": 56.1141,
      "demand": 10
    },
    {
      "id": 62,
      "x": 56.1141,
      "y": 70.3648,
      "demand": 10
    },
    {
      "id": 63,
      "x": 39.0495,
      "y": 81.0872,
      "demand": 30
    },
    {
      "id": 64,
      "x": 20.0269,
      "y": 87.7435,
      "demand": 30
    },
    {
      "id": 65,
      "x": 0.0,
      "y": 90.0,
      "demand": 10
    },
    {
      "id": 66,
      "x": -20.0269,
      "y": 87.7435,
      "demand": 10
    },
    {
      "id": 67,
      "x": -39.0495,
      "y": 81.0872,
      "demand": 30
    },
    {
      "id": 68,
      "x": -56.1141,
      "y": 70.3648,
      "demand": 30
    },
    {
      "id": 69,
      "x": -70.3648,
      "y": 56.1141,
      "demand": 10
    },
    {
      "id": 70,
      "x": -81.0872,
      "y": 39.0495,
      "demand": 10
    },
    {
      "id": 71,
      "x": -87.7435,
      "y": 20.0269,
      "demand": 30
    },
    {
      "id": 72,
      "x": -90.0,
      "y": 0.0,
      "demand": 30
    },
    {
      "id": 73,
      "x": -87.7435,
      "y": -20.0269,
      "demand": 10
    },
    {
      "id": 74,
      "x": -81.0872,
      "y": -39.0495,
      "demand": 10
    },
    {
      "id": 75,
      "x": -70.3648,
      "y": -56.1141,
      "demand": 30
    },
    {
      "id": 76,
      "x": -56.1141,
      "y": -70.3648,
      "demand": 30
    },
    {
      "id": 77,
      "x": -39.0495,
      "y": -81.0872,
      "demand": 10
    },
    {
      "id": 78,
      "x": -20.0269,
      "y": -87.7435,
      "demand": 10
    },
    {
      "id": 79,
      "x": 0.0,
      "y": -90.0,
      "demand": 30
    },
    {
      "id": 80,
      "x": 20.0269,
      "y": -87.7435,
      "demand": 30
    },
    {
      "id": 81,
      "x": 39.0495,
      "y": -81.0872,
      "demand": 10
    },
    {
      "id": 82,
      "x": 56.1141,
      "y": -70.3648,
      "demand": 10
    },
    {
      "id": 83,
      "x": 70.3648,
      "y": -56.1141,
      "demand": 30
    },
    {
      "id": 84,
      "x": 81.0872,
      "y": -39.0495,
      "demand": 30
    },
    {
      "id": 85,
      "x": 87.7435,
      "y": -20.0269,
      "demand": 10
    },
    {
      "id": 86,
      "x": 120.0,
      "y": 0.0,
      "demand": 10
    },
    {
      "id": 87,
      "x": 116.9913,
      "y": 26.7025,
      "demand": 30
    },
    {
      "id": 88,
      "x": 108.1163,
      "y": 52.0661,
      "demand": 30
    },
    {
      "id": 89,
      "x": 93.8198,
      "y": 74.8188,
      "demand": 10
    },
    {
      "id": 90,
      "x": 74.8188,
      "y": 93.8198,
      "demand": 10
    },
    {
      "id": 91,
      "x": 52.066,
      "y": 108.1163,
      "demand": 30
    },
    {
      "id": 92,
      "x": 26.7025,
      "y": 116.9913,
      "demand": 30
    },
    {
      "id": 93,
      "x": 0.0,
      "y": 120.0,
      "demand": 10
    },
    {
      "id": 94,
      "x": -26.7025,
      "y": 116.9913,
      "demand": 10
    },
    {
      "id": 95,
      "x": -52.0661,
      "y": 108.1163,
      "demand": 30
    },
    {
      "id": 96,
      "x": -74.8188,
      "y": 93.8198,
      "demand": 30
    },
    {
      "id": 97,
      "x": -93.8198,
      "y": 74.8188,
      "demand": 10
    },
    {
      "id": 98,
      "x": -108.1163,
      "y": 52.066,
      "demand": 10
    },
    {
      "id": 99,
      "x": -116.9913,
      "y": 26.7025,
      "demand": 30
    },
    {
      "id": 100,
      "x": -120.0,
      "y": 0.0,
      "demand": 30
    },
    {
      "id": 101,
      "x": -116.9913,
      "y": -26.7025,
      "demand": 10
    },
    {
      "id": 102,
      "x": -108.1163,
      "y": -52.0661,
      "demand": 10
    },
    {
      "id": 103,
      "x": -93.8198,
      "y": -74.8188,
      "demand": 30
    },
    {
      "id": 104,
      "x": -74.8188,
      "y": -93.8198,
      "demand": 30
    },
    {
      "id": 105,
      "x": -52.066,
      "y": -108.1163,
      "demand": 10
    },
    {
      "id": 106,
      "x": -26.7025,
      "y": -116.9914,
      "demand": 10
    },
    {
      "id": 107,
      "x": 0.0,
      "y": -120.0,
      "demand": 30
    },
    {
      "id": 108,
      "x": 26.7025,
      "y": -116.9913,
      "demand": 30
    },
    {
      "id": 109,
      "x": 52.0661,
      "y": -108.1163,
      "demand": 10
    },
    {
      "id": 110,
      "x": 74.8188,
      "y": -93.8198,
      "demand": 10
    },
    {
      "id": 111,
      "x": 93.8198,
      "y": -74.8188,
      "demand": 30
    },
    {
      "id": 112,
      "x": 108.1163,
      "y": -52.066,
      "demand": 30
    },
    {
      "id": 113,
      "x": 116.9914,
      "y": -26.7025,
      "demand": 10
    },
    {
      "id": 114,
      "x": 150.0,
      "y": 0.0,
      "demand": 10
    },
    {
      "id": 115,
      "x": 146.2392,
      "y": 33.3781,
      "demand": 30
    },
    {
      "id": 116,
      "x": 135.14529,
      "y": 65.0826,
      "demand": 30
    },
    {
      "id": 117,
      "x": 117.2747,
      "y": 93.5235,
      "demand": 10
    },
    {
      "id": 118,
      "x": 93.5235,
      "y": 117.2747,
      "demand": 10
    },
    {
      "id": 119,
      "x": 65.0826,
      "y": 135.14529,
      "demand": 30
    },
    {
      "id": 120,
      "x": 33.3781,
      "y": 146.2392,
      "demand": 30
    },
    {
      "id": 121,
      "x": 0.0,
      "y": 150.0,
      "demand": 10
    },
    {
      "id": 122,
      "x": -33.3781,
      "y": 146.2392,
      "demand": 10
    },
    {
      "id": 123,
      "x": -65.0826,
      "y": 135.14529,
      "demand": 30
    },
    {
      "id": 124,
      "x": -93.5235,
      "y": 117.2747,
      "demand": 30
    },
    {
      "id": 125,
      "x": -117.2747,
      "y": 93.5235,
      "demand": 10
    },
    {
      "id": 126,
      "x": -135.14529,
      "y": 65.0826,
      "demand": 10
    },
    {
      "id": 127,
      "x": -146.2392,
      "y": 33.3781,
      "demand": 30
    },
    {
      "id": 128,
      "x": -150.0,
      "y": 0.0,
      "demand": 30
    },
    {
      "id": 129,
      "x": -146.2392,
      "y": -33.3782,
      "demand": 10
    },
    {
      "id": 130,
      "x": -135.14529,
      "y": -65.0826,
      "demand": 10
    },
    {
      "id": 131,
      "x": -117.2747,
      "y": -93.5235,
      "demand": 30
    },
    {
      "id": 132,
      "x": -93.5235,
      "y": -117.2747,
      "demand": 30
    },
    {
      "id": 133,
      "x": -65.0825,
      "y": -135.14529,
      "demand": 10
    },
    {
      "id": 134,
      "x": -33.3781,
      "y": -146.2392,
      "demand": 10
    },
    {
      "id": 135,
      "x": 0.0,
      "y": -150.0,
      "demand": 30
    },
    {
      "id": 136,
      "x": 33.3782,
      "y": -146.2392,
      "demand": 30
    },
    {
      "id": 137,
      "x": 65.0826,
      "y": -135.14529,
      "demand": 10
    },
    {
      "id": 138,
      "x": 93.5235,
      "y": -117.2747,
      "demand": 10
    },
    {
      "id": 139,
      "x": 117.2747,
      "y": -93.5235,
      "demand": 30
    },
    {
      "id": 140,
      "x": 135.14529,
      "y": -65.0825,
      "demand": 30
    },
    {
      "id": 141,
      "x": 146.2392,
      "y": -33.3781,
      "demand": 10
    },
    {
      "id": 142,
      "x": 180.0,
      "y": 0.0,
      "demand": 10
    },
    {
      "id": 143,
      "x": 175.487,
      "y": 40.0538,
      "demand": 30
    },
    {
      "id": 144,
      "x": 162.17439,
      "y": 78.0991,
      "demand": 30
    },
    {
      "id": 145,
      "x": 140.72971,
      "y": 112.2282,
      "demand": 10
    },
    {
      "id": 146,
      "x": 112.2282,
      "y": 140.72971,
      "demand": 10
    },
    {
      "id": 147,
      "x": 78.0991,
      "y": 162.17439,
      "demand": 30
    },
    {
      "id": 148,
      "x": 40.0538,
      "y": 175.487,
      "demand": 30
    },
    {
      "id": 149,
      "x": 0.0,
      "y": 180.0,
      "demand": 10
    },
    {
      "id": 150,
      "x": -40.0538,
      "y": 175.487,
      "demand": 10
    },
    {
      "id": 151,
      "x": -78.0991,
      "y": 162.17439,
      "demand": 30
    },
    {
      "id": 152,
      "x": -112.2282,
      "y": 140.72971,
      "demand": 30
    },
    {
      "id": 153,
      "x": -140.72971,
      "y": 112.2282,
      "demand": 10
    },
    {
      "id": 154,
      "x": -162.17439,
      "y": 78.0991,
      "demand": 10
    },
    {
      "id": 155,
      "x": -175.487,
      "y": 40.0538,
      "demand": 30
    },
    {
      "id": 156,
      "x": -180.0,
      "y": 0.0,
      "demand": 30
    },
    {
      "id": 157,
      "x": -175.487,
      "y": -40.0538,
      "demand": 10
    },
    {
      "id": 158,
      "x": -162.17439,
      "y": -78.0991,
      "demand": 10
    },
    {
      "id": 159,
      "x": -140.72971,
      "y": -112.2282,
      "demand": 30
    },
    {
      "id": 160,
      "x": -112.2281,
      "y": -140.72971,
      "demand": 30
    },
    {
      "id": 161,
      "x": -78.0991,
      "y": -162.17439,
      "demand": 10
    },
    {
      "id": 162,
      "x": -40.0537,
      "y": -175.487,
      "demand": 10
    },
    {
      "id": 163,
      "x": 0.0,
      "y": -180.0,
      "demand": 30
    },
    {
      "id": 164,
      "x": 40.0538,
      "y": -175.487,
      "demand": 30
    },
    {
      "id": 165,
      "x": 78.0991,
      "y": -162.17439,
      "demand": 10
    },
    {
      "id": 166,
      "x": 112.2282,
      "y": -140.7296,
      "demand": 10
    },
    {
      "id": 167,
      "x": 140.72971,
      "y": -112.2281,
      "demand": 30
    },
    {
      "id": 168,
      "x": 162.17439,
      "y": -78.099,
      "demand": 30
    },
    {
      "id": 169,
      "x": 175.487,
      "y": -40.0537,
      "demand": 10
    },
    {
      "id": 170,
      "x": 210.0,
      "y": 0.0,
      "demand": 10
    },
    {
      "id": 171,
      "x": 204.73489,
      "y": 46.7294,
      "demand": 30
    },
    {
      "id": 172,
      "x": 189.20351,
      "y": 91.1156,
      "demand": 30
    },
    {
      "id": 173,
      "x": 164.1846,
      "y": 130.93291,
      "demand": 10
    },
    {
      "id": 174,
      "x": 130.93291,
      "y": 164.1846,
      "demand": 10
    },
    {
      "id": 175,
      "x": 91.1156,
      "y": 189.20351,
      "demand": 30
    },
    {
      "id": 176,
      "x": 46.7294,
      "y": 204.73489,
      "demand": 30
    },
    {
      "id": 177,
      "x": 0.0,
      "y": 210.0,
      "demand": 10
    },
    {
      "id": 178,
      "x": -46.7294,
      "y": 204.73489,
      "demand": 10
    },
    {
      "id": 179,
      "x": -91.1156,
      "y": 189.20351,
      "demand": 30
    },
    {
      "id": 180,
      "x": -130.93291,
      "y": 164.1846,
      "demand": 30
    },
    {
      "id": 181,
      "x": -164.1846,
      "y": 130.9328,
      "demand": 10
    },
    {
      "id": 182,
      "x": -189.20351,
      "y": 91.1156,
      "demand": 10
    },
    {
      "id": 183,
      "x": -204.73489,
      "y": 46.7294,
      "demand": 30
    },
    {
      "id": 184,
      "x": -210.0,
      "y": 0.0,
      "demand": 30
    },
    {
      "id": 185,
      "x": -204.73489,
      "y": -46.7294,
      "demand": 10
    },
    {
      "id": 186,
      "x": -189.20351,
      "y": -91.1156,
      "demand": 10
    },
    {
      "id": 187,
      "x": -164.1846,
      "y": -130.93291,
      "demand": 30
    },
    {
      "id": 188,
      "x": -130.9328,
      "y": -164.1846,
      "demand": 30
    },
    {
      "id": 189,
      "x": -91.1156,
      "y": -189.20351,
      "demand": 10
    },
    {
      "id": 190,
      "x": -46.7294,
      "y": -204.73489,
      "demand": 10
    },
    {
      "id": 191,
      "x": 0.0,
      "y": -210.0,
      "demand": 30
    },
    {
      "id": 192,
      "x": 46.7294,
      "y": -204.7348,
      "demand": 30
    },
    {
      "id": 193,
      "x": 91.1156,
      "y": -189.2034,
      "demand": 10
    },
    {
      "id": 194,
      "x": 130.93291,
      "y": -164.1846,
      "demand": 10
    },
    {
      "id": 195,
      "x": 164.1846,
      "y": -130.9328,
      "demand": 30
    },
    {
      "id": 196,
      "x": 189.20351,
      "y": -91.1156,
      "demand": 30
    },
    {
      "id": 197,
      "x": 204.73489,
      "y": -46.7294,
      "demand": 10
    },
    {
      "id": 198,
      "x": 240.0,
      "y": 0.0,
      "demand": 10
    },
    {
      "id": 199,
      "x": 233.9827,
      "y": 53.405,
      "demand": 30
    },
    {
      "id": 200,
      "x": 216.2325,
      "y": 104.1321,
      "demand": 30
    },
    {
      "id": 201,
      "x": 187.6396,
      "y": 149.6376,
      "demand": 10
    },
    {
      "id": 202,
      "x": 149.6375,
      "y": 187.6396,
      "demand": 10
    },
    {
      "id": 203,
      "x": 104.1321,
      "y": 216.2325,
      "demand": 30
    },
    {
      "id": 204,
      "x": 53.405,
      "y": 233.9827,
      "demand": 30
    },
    {
      "id": 205,
      "x": 0.0,
      "y": 240.0,
      "demand": 10
    },
    {
      "id": 206,
      "x": -53.405,
      "y": 233.9827,
      "demand": 10
    },
    {
      "id": 207,
      "x": -104.1321,
      "y": 216.2325,
      "demand": 30
    },
    {
      "id": 208,
      "x": -149.6376,
      "y": 187.6395,
      "demand": 30
    },
    {
      "id": 209,
      "x": -187.6396,
      "y": 149.6375,
      "demand": 10
    },
    {
      "id": 210,
      "x": -216.2325,
      "y": 104.1321,
      "demand": 10
    },
    {
      "id": 211,
      "x": -233.9827,
      "y": 53.405,
      "demand": 30
    },
    {
      "id": 212,
      "x": -240.0,
      "y": 0.0,
      "demand": 30
    },
    {
      "id": 213,
      "x": -233.9827,
      "y": -53.405,
      "demand": 10
    },
    {
      "id": 214,
      "x": -216.2325,
      "y": -104.1321,
      "demand": 10
    },
    {
      "id": 215,
      "x": -187.6395,
      "y": -149.6376,
      "demand": 30
    },
    {
      "id": 216,
      "x": -149.6375,
      "y": -187.6396,
      "demand": 30
    },
    {
      "id": 217,
      "x": -104.1321,
      "y": -216.2325,
      "demand": 10
    },
    {
      "id": 218,
      "x": -53.405,
      "y": -233.9827,
      "demand": 10
    },
    {
      "id": 219,
      "x": 0.0,
      "y": -240.0,
      "demand": 30
    },
    {
      "id": 220,
      "x": 53.4051,
      "y": -233.9827,
      "demand": 30
    },
    {
      "id": 221,
      "x": 104.1321,
      "y": -216.2325,
      "demand": 10
    },
    {
      "id": 222,
      "x": 149.6376,
      "y": -187.6395,
      "demand": 10
    },
    {
      "id": 223,
      "x": 187.6396,
      "y": -149.6375,
      "demand": 30
    },
    {
      "id": 224,
      "x": 216.2325,
      "y": -104.1321,
      "demand": 30
    },
    {
      "id": 225,
      "x": 233.9827,
      "y": -53.405,
      "demand": 10
    },
    {
      "id": 226,
      "x": 270.0,
      "y": 0.0,
      "demand": 10
    },
    {
      "id": 227,
      "x": 263.2305,
      "y": 60.0807,
      "demand": 30
    },
    {
      "id": 228,
      "x": 243.2616,
      "y": 117.1486,
      "demand": 30
    },
    {
      "id": 229,
      "x": 211.0945,
      "y": 168.3423,
      "demand": 10
    },
    {
      "id": 230,
      "x": 168.34219,
      "y": 211.0945,
      "demand": 10
    },
    {
      "id": 231,
      "x": 117.1486,
      "y": 243.2616,
      "demand": 30
    },
    {
      "id": 232,
      "x": 60.0806,
      "y": 263.2305,
      "demand": 30
    },
    {
      "id": 233,
      "x": 0.0,
      "y": 270.0,
      "demand": 10
    },
    {
      "id": 234,
      "x": -60.0807,
      "y": 263.2305,
      "demand": 10
    },
    {
      "id": 235,
      "x": -117.1486,
      "y": 243.2616,
      "demand": 30
    },
    {
      "id": 236,
      "x": -168.3423,
      "y": 211.0945,
      "demand": 30
    },
    {
      "id": 237,
      "x": -211.0945,
      "y": 168.34219,
      "demand": 10
    },
    {
      "id": 238,
      "x": -243.2616,
      "y": 117.1486,
      "demand": 10
    },
    {
      "id": 239,
      "x": -263.2305,
      "y": 60.0806,
      "demand": 30
    },
    {
      "id": 240,
      "x": -270.0,
      "y": 0.0,
      "demand": 30
    },
    {
      "id": 241,
      "x": -263.2305,
      "y": -60.0807,
      "demand": 10
    },
    {
      "id": 242,
      "x": -243.2616,
      "y": -117.1486,
      "demand": 10
    },
    {
      "id": 243,
      "x": -211.0945,
      "y": -168.3423,
      "demand": 30
    },
    {
      "id": 244,
      "x": -168.34219,
      "y": -211.0945,
      "demand": 30
    },
    {
      "id": 245,
      "x": -117.1486,
      "y": -243.2616,
      "demand": 10
    },
    {
      "id": 246,
      "x": -60.0806,
      "y": -263.2305,
      "demand": 10
    },
    {
      "id": 247,
      "x": 0.0,
      "y": -270.0,
      "demand": 30
    },
    {
      "id": 248,
      "x": 60.0807,
      "y": -263.2305,
      "demand": 30
    },
    {
      "id": 249,
      "x": 117.1486,
      "y": -243.2616,
      "demand": 10
    },
    {
      "id": 250,
      "x": 168.3423,
      "y": -211.0945,
      "demand": 10
    },
    {
      "id": 251,
      "x": 211.0945,
      "y": -168.34219,
      "demand": 30
    },
    {
      "id": 252,
      "x": 243.2616,
      "y": -117.1486,
      "demand": 30
    },
    {
      "id": 253,
      "x": 263.23059,
      "y": -60.0806,
      "demand": 10
    },
    {
      "id": 254,
      "x": 300.0,
      "y": 0.0,
      "demand": 10
    },
    {
      "id": 255,
      "x": 292.47839,
      "y": 66.7563,
      "demand": 30
    },
    {
      "id": 256,
      "x": 270.29059,
      "y": 130.1651,
      "demand": 30
    },
    {
      "id": 257,
      "x": 234.54939,
      "y": 187.047,
      "demand": 10
    },
    {
      "id": 258,
      "x": 187.04691,
      "y": 234.5495,
      "demand": 10
    },
    {
      "id": 259,
      "x": 130.1651,
      "y": 270.29059,
      "demand": 30
    },
    {
      "id": 260,
      "x": 66.7563,
      "y": 292.47839,
      "demand": 30
    },
    {
      "id": 261,
      "x": 0.0,
      "y": 300.0,
      "demand": 10
    },
    {
      "id": 262,
      "x": -66.7563,
      "y": 292.47839,
      "demand": 10
    },
    {
      "id": 263,
      "x": -130.1651,
      "y": 270.29059,
      "demand": 30
    },
    {
      "id": 264,
      "x": -187.047,
      "y": 234.54939,
      "demand": 30
    },
    {
      "id": 265,
      "x": -234.5495,
      "y": 187.04691,
      "demand": 10
    },
    {
      "id": 266,
      "x": -270.29071,
      "y": 130.1651,
      "demand": 10
    },
    {
      "id": 267,
      "x": -292.47839,
      "y": 66.7563,
      "demand": 30
    },
    {
      "id": 268,
      "x": -300.0,
      "y": 0.0,
      "demand": 30
    },
    {
      "id": 269,
      "x": -292.47839,
      "y": -66.7563,
      "demand": 10
    },
    {
      "id": 270,
      "x": -270.29059,
      "y": -130.1651,
      "demand": 10
    },
    {
      "id": 271,
      "x": -234.54939,
      "y": -187.047,
      "demand": 30
    },
    {
      "id": 272,
      "x": -187.04691,
      "y": -234.5495,
      "demand": 30
    },
    {
      "id": 273,
      "x": -130.1651,
      "y": -270.29071,
      "demand": 10
    },
    {
      "id": 274,
      "x": -66.7562,
      "y": -292.47839,
      "demand": 10
    },
    {
      "id": 275,
      "x": 0.0,
      "y": -300.0,
      "demand": 30
    },
    {
      "id": 276,
      "x": 66.7563,
      "y": -292.47839,
      "demand": 30
    },
    {
      "id": 277,
      "x": 130.16521,
      "y": -270.29059,
      "demand": 10
    },
    {
      "id": 278,
      "x": 187.047,
      "y": -234.54939,
      "demand": 10
    },
    {
      "id": 279,
      "x": 234.5495,
      "y": -187.04691,
      "demand": 30
    },
    {
      "id": 280,
      "x": 270.29071,
      "y": -130.1651,
      "demand": 30
    },
    {
      "id": 281,
      "x": 292.47839,
      "y": -66.7562,
      "demand": 10
    }
  ]
}