{
  "capacity": 1000,
  "depot": {
    "x": 0.0,
    "y": -19.0
  },
  "customers": [
    {
      "id": 2,
      "x": -1.0,
      "y": -18.0,
      "demand": 300
    },
    {
      "id": 3,
      "x": 1.0,
      "y": -18.0,
      "demand": 300
    },
    {
      "id": 4,
      "x": -2.0,
      "y": -17.0,
      "demand": 180
    },
    {
      "id": 5,
      "x": 0.0,
      "y": -17.0,
      "demand": 300
    },
    {
      "id": 6,
      "x": 2.0,
      "y": -17.0,
      "demand": 180
    },
    {
      "id": 7,
      "x": -3.0,
      "y": -16.0,
      "demand": 128
    },
    {
      "id": 8,
      "x": -1.0,
      "y": -16.0,
      "demand": 180
    },
    {
      "id": 9,
      "x": 1.0,
      "y": -16.0,
      "demand": 180
    },
    {
      "id": 10,
      "x": 3.0,
      "y": -16.0,
      "demand": 128
    },
    {
      "id": 11,
      "x": -4.0,
      "y": -15.0,
      "demand": 100
    },
    {
      "id": 12,
      "x": -2.0,
      "y": -15.0,
      "demand": 128
    },
    {
      "id": 13,
      "x": 0.0,
      "y": -15.0,
      "demand": 180
    },
    {
      "id": 14,
      "x": 2.0,
      "y": -15.0,
      "demand": 128
    },
    {
      "id": 15,
      "x": 4.0,
      "y": -15.0,
      "demand": 100
    },
    {
      "id": 16,
      "x": -5.0,
      "y": -14.0,
      "demand": 81
    },
    {
      "id": 17,
      "x": -3.0,
      "y": -14.0,
      "demand": 100
    },
    {
      "id": 18,
      "x": -1.0,
      "y": -14.0,
      "demand": 128
    },
    {
      "id": 19,
      "x": 1.0,
      "y": -14.0,
      "demand": 128
    },
    {
      "id": 20,
      "x": 3.0,
      "y": -14.0,
      "demand": 100
    },
    {
      "id": 21,
      "x": 5.0,
      "y": -14.0,
      "demand": 81
    },
    {
      "id": 22,
      "x": -6.0,
      "y": -13.0,
      "demand": 69
    },
    {
      "id": 23,
      "x": -4.0,
      "y": -13.0,
      "demand": 81
    },
    {
      "id": 24,
      "x": -2.0,
      "y": -13.0,
      "demand": 100
    },
    {
      "id": 25,
      "x": 0.0,
      "y": -13.0,
      "demand": 128
    },
    {
      "id": 26,
      "x": 2.0,
      "y": -13.0,
      "demand": 100
    },
    {
      "id": 27,
      "x": 4.0,
      "y": -13.0,
      "demand": 81
    },
    {
      "id": 28,
      "x": 6.0,
      "y": -13.0,
      "demand": 69
    },
    {
      "id": 29,
      "x": -7.0,
      "y": -12.0,
      "demand": 60
    },
    {
      "id": 30,
      "x": -5.0,
      "y": -12.0,
      "demand": 69
    },
    {
      "id": 31,
      "x": -3.0,
      "y": -12.0,
      "demand": 81
    },
    {
      "id": 32,
      "x": -1.0,
      "y": -12.0,
      "demand": 100
    },
    {
      "id": 33,
      "x": 1.0,
      "y": -12.0,
      "demand": 100
    },
    {
      "id": 34,
      "x": 3.0,
      "y": -12.0,
      "demand": 81
    },
    {
      "id": 35,
      "x": 5.0,
      "y": -12.0,
      "demand": 69
    },
    {
      "id": 36,
      "x": 7.0,
      "y": -12.0,
      "demand": 60
    },
    {
      "id": 37,
      "x": -8.0,
      "y": -11.0,
      "demand": 52
    },
    {
      "id": 38,
      "x": -6.0,
      "y": -11.0,
      "demand": 60
    },
    {
      "id": 39,
      "x": -4.0,
      "y": -11.0,
      "demand": 69
    },
    {
      "id": 40,
      "x": -2.0,
      "y": -11.0,
      "demand": 81
    },
    {
      "id": 41,
      "x": 0.0,
      "y": -11.0,
      "demand": 100
    },
    {
      "id": 42,
      "x": 2.0,
      "y": -11.0,
      "demand": 81
    },
    {
      "id": 43,
      "x": 4.0,
      "y": -11.0,
      "demand": 69
    },
    {
      "id": 44,
      "x": 6.0,
      "y": -11.0,
      "demand": 60
    },
    {
      "id": 45,
      "x": 8.0,
      "y": -11.0,
      "demand": 52
    },
    {
      "id": 46,
      "x": -9.0,
      "y": -10.0,
      "demand": 47
    },
    {
      "id": 47,
      "x": -7.0,
      "y": -10.0,
      "demand": 52
    },
    {
      "id": 48,
      "x": -5.0,
      "y": -10.0,
      "demand": 60
    },
    {
      "id": 49,
      "x": -3.0,
      "y": -10.0,
      "demand": 69
    },
    {
      "id": 50,
      "x": -1.0,
      "y": -10.0,
      "demand": 81
    },
    {
      "id": 51,
      "x": 1.0,
      "y": -10.0,
      "demand": 81
    },
    {
      "id": 52,
      "x": 3.0,
      "y": -10.0,
      "demand": 69
    },
    {
      "id": 53,
      "x": 5.0,
      "y": -10.0,
      "demand": 60
    },
    {
      "id": 54,
      "x": 7.0,
      "y": -10.0,
      "demand": 52
    },
    {
      "id": 55,
      "x": 9.0,
      "y": -10.0,
      "demand": 47
    },
    {
      "id": 56,
      "x": -10.0,
      "y": -9.0,
      "demand": 42
    },
    {
      "id": 57,
      "x": -8.0,
      "y": -9.0,
      "demand": 47
    },
    {
      "id": 58,
      "x": -6.0,
      "y": -9.0,
      "demand": 52
    },
    {
      "id": 59,
      "x": -4.0,
      "y": -9.0,
      "demand": 60
    },
    {
      "id": 60,
      "x": -2.0,
      "y": -9.0,
      "demand": 69
    },
    {
      "id": 61,
      "x": 0.0,
      "y": -9.0,
      "demand": 81
    },
    {
      "id": 62,
      "x": 2.0,
      "y": -9.0,
      "demand": 69
    },
    {
      "id": 63,
      "x": 4.0,
      "y": -9.0,
      "demand": 60
    },
    {
      "id": 64,
      "x": 6.0,
      "y": -9.0,
      "demand": 52
    },
    {
      "id": 65,
      "x": 8.0,
      "y": -9.0,
      "demand": 47
    },
    {
      "id": 66,
      "x": 10.0,
      "y": -9.0,
      "demand": 42
    },
    {
      "id": 67,
      "x": -11.0,
      "y": -8.0,
      "demand": 39
    },
    {
      "id": 68,
      "x": -9.0,
      "y": -8.0,
      "demand": 42
    },
    {
      "id": 69,
      "x": -7.0,
      "y": -8.0,
      "demand": 47
    },
    {
      "id": 70,
      "x": -5.0,
      "y": -8.0,
      "demand": 52
    },
    {
      "id": 71,
      "x": -3.0,
      "y": -8.0,
      "demand": 60
    },
    {
      "id": 72,
      "x": -1.0,
      "y": -8.0,
      "demand": 69
    },
    {
      "id": 73,
      "x": 1.0,
      "y": -8.0,
      "demand": 69
    },
    {
      "id": 74,
      "x": 3.0,
      "y": -8.0,
      "demand": 60
    },
    {
      "id": 75,
      "x": 5.0,
      "y": -8.0,
      "demand": 52
    },
    {
      "id": 76,
      "x": 7.0,
      "y": -8.0,
      "demand": 47
    },
    {
      "id": 77,
      "x": 9.0,
      "y": -8.0,
      "demand": 42
    },
    {
      "id": 78,
      "x": 11.0,
      "y": -8.0,
      "demand": 39
    },
    {
      "id": 79,
      "x": -12.0,
      "y": -7.0,
      "demand": 36
    },
    {
      "id": 80,
      "x": -10.0,
      "y": -7.0,
      "demand": 39
    },
    {
      "id": 81,
      "x": -8.0,
      "y": -7.0,
      "demand": 42
    },
    {
      "id": 82,
      "x": -6.0,
      "y": -7.0,
      "demand": 47
    },
    {
      "id": 83,
      "x": -4.0,
      "y": -7.0,
      "demand": 52
    },
    {
      "id": 84,
      "x": -2.0,
      "y": -7.0,
      "demand": 60
    },
    {
      "id": 85,
      "x": 0.0,
      "y": -7.0,
      "demand": 69
    },
    {
      "id": 86,
      "x": 2.0,
      "y": -7.0,
      "demand": 60
    },
    {
      "id": 87,
      "x": 4.0,
      "y": -7.0,
      "demand": 52
    },
    {
      "id": 88,
      "x": 6.0,
      "y": -7.0,
      "demand": 47
    },
    {
      "id": 89,
      "x": 8.0,
      "y": -7.0,
      "demand": 42
    },
    {
      "id": 90,
      "x": 10.0,
      "y": -7.0,
      "demand": 39
    },
    {
      "id": 91,
      "x": 12.0,
      "y": -7.0,
      "demand": 36
    },
    {
      "id": 92,
      "x": -13.0,
      "y": -6.0,
      "demand": 33
    },
    {
      "id": 93,
      "x": -11.0,
      "y": -6.0,
      "demand": 36
    },
    {
      "id": 94,
      "x": -9.0,
      "y": -6.0,
      "demand": 39
    },
    {
      "id": 95,
      "x": -7.0,
      "y": -6.0,
      "demand": 42
    },
    {
      "id": 96,
      "x": -5.0,
      "y": -6.0,
      "demand": 47
    },
    {
      "id": 97,
      "x": -3.0,
      "y": -6.0,
      "demand": 52
    },
    {
      "id": 98,
      "x": -1.0,
      "y": -6.0,
      "demand": 60
    },
    {
      "id": 99,
      "x": 1.0,
      "y": -6.0,
      "demand": 60
    },
    {
      "id": 100,
      "x": 3.0,
      "y": -6.0,
      "demand": 52
    },
    {
      "id": 101,
      "x": 5.0,
      "y": -6.0,
      "demand": 47
    },
    {
      "id": 102,
      "x": 7.0,
      "y": -6.0,
      "demand": 42
    },
    {
      "id": 103,
      "x": 9.0,
      "y": -6.0,
      "demand": 39
    },
    {
      "id": 104,
      "x": 11.0,
      "y": -6.0,
      "demand": 36
    },
    {
      "id": 105,
      "x": 13.0,
      "y": -6.0,
      "demand": 33
    },
    {
      "id": 106,
      "x": -14.0,
      "y": -5.0,
      "demand": 31
    },
    {
      "id": 107,
      "x": -12.0,
      "y": -5.0,
      "demand": 33
    },
    {
      "id": 108,
      "x": -10.0,
      "y": -5.0,
      "demand": 36
    },
    {
      "id": 109,
      "x": -8.0,
      "y": -5.0,
      "demand": 39
    },
    {
      "id": 110,
      "x": -6.0,
      "y": -5.0,
      "demand": 42
    },
    {
      "id": 111,
      "x": -4.0,
      "y": -5.0,
      "demand": 47
    },
    {
      "id": 112,
      "x": -2.0,
      "y": -5.0,
      "demand": 52
    },
    {
      "id": 113,
      "x": 0.0,
      "y": -5.0,
      "demand": 60
    },
    {
      "id": 114,
      "x": 2.0,
      "y": -5.0,
      "demand": 52
    },
    {
      "id": 115,
      "x": 4.0,
      "y": -5.0,
      "demand": 47
    },
    {
      "id": 116,
      "x": 6.0,
      "y": -5.0,
      "demand": 42
    },
    {
      "id": 117,
      "x": 8.0,
      "y": -5.0,
      "demand": 39
    },
    {
      "id": 118,
      "x": 10.0,
      "y": -5.0,
      "demand": 36
    },
    {
      "id": 119,
      "x": 12.0,
      "y": -5.0,
      "demand": 33
    },
    {
      "id": 120,
      "x": 14.0,
      "y": -5.0,
      "demand": 31
    },
    {
      "id": 121,
      "x": -15.0,
      "y": -4.0,
      "demand": 29
    },
    {
      "id": 122,
      "x": -13.0,
      "y": -4.0,
      "demand": 31
    },
    {
      "id": 123,
      "x": -11.0,
      "y": -4.0,
      "demand": 33
    },
    {
      "id": 124,
      "x": -9.0,
      "y": -4.0,
      "demand": 36
    },
    {
      "id": 125,
      "x": -7.0,
      "y": -4.0,
      "demand": 39
    },
    {
      "id": 126,
      "x": -5.0,
      "y": -4.0,
      "demand": 42
    },
    {
      "id": 127,
      "x": -3.0,
      "y": -4.0,
      "demand": 47
    },
    {
      "id": 128,
      "x": -1.0,
      "y": -4.0,
      "demand": 52
    },
    {
      "id": 129,
      "x": 1.0,
      "y": -4.0,
      "demand": 52
    },
    {
      "id": 130,
      "x": 3.0,
      "y": -4.0,
      "demand": 47
    },
    {
      "id": 131,
      "x": 5.0,
      "y": -4.0,
      "demand": 42
    },
    {
      "id": 132,
      "x": 7.0,
      "y": -4.0,
      "demand": 39
    },
    {
      "id": 133,
      "x": 9.0,
      "y": -4.0,
      "demand": 36
    },
    {
      "id": 134,
      "x": 11.0,
      "y": -4.0,
      "demand": 33
    },
    {
      "id": 135,
      "x": 13.0,
      "y": -4.0,
      "demand": 31
    },
    {
      "id": 136,
      "x": 15.0,
      "y": -4.0,
      "demand": 29
    },
    {
      "id": 137,
      "x": -16.0,
      "y": -3.0,
      "demand": 27
    },
    {
      "id": 138,
      "x": -14.0,
      "y": -3.0,
      "demand": 29
    },
    {
      "id": 139,
      "x": -12.0,
      "y": -3.0,
      "demand": 31
    },
    {
      "id": 140,
      "x": -10.0,
      "y": -3.0,
      "demand": 33
    },
    {
      "id": 141,
      "x": -8.0,
      "y": -3.0,
      "demand": 36
    },
    {
      "id": 142,
      "x": -6.0,
      "y": -3.0,
      "demand": 39
    },
    {
      "id": 143,
      "x": -4.0,
      "y": -3.0,
      "demand": 42
    },
    {
      "id": 144,
      "x": -2.0,
      "y": -3.0,
      "demand": 47
    },
    {
      "id": 145,
      "x": 0.0,
      "y": -3.0,
      "demand": 52
    },
    {
      "id": 146,
      "x": 2.0,
      "y": -3.0,
      "demand": 47
    },
    {
      "id": 147,
      "x": 4.0,
      "y": -3.0,
      "demand": 42
    },
    {
      "id": 148,
      "x": 6.0,
      "y": -3.0,
      "demand": 39
    },
    {
      "id": 149,
      "x": 8.0,
      "y": -3.0,
      "demand": 36
    },
    {
      "id": 150,
      "x": 10.0,
      "y": -3.0,
      "demand": 33
    },
    {
      "id": 151,
      "x": 12.0,
      "y": -3.0,
      "demand": 31
    },
    {
      "id": 152,
      "x": 14.0,
      "y": -3.0,
      "demand": 29
    },
    {
      "id": 153,
      "x": 16.0,
      "y": -3.0,
      "demand": 27
    },
    {
      "id": 154,
      "x": -17.0,
      "y": -2.0,
      "demand": 25
    },
    {
      "id": 155,
      "x": -15.0,
      "y": -2.0,
      "demand": 27
    },
    {
      "id": 156,
      "x": -13.0,
      "y": -2.0,
      "demand": 29
    },
    {
      "id": 157,
      "x": -11.0,
      "y": -2.0,
      "demand": 31
    },
    {
      "id": 158,
      "x": -9.0,
      "y": -2.0,
      "demand": 33
    },
    {
      "id": 159,
      "x": -7.0,
      "y": -2.0,
      "demand": 36
    },
    {
      "id": 160,
      "x": -5.0,
      "y": -2.0,
      "demand": 39
    },
    {
      "id": 161,
      "x": -3.0,
      "y": -2.0,
      "demand": 42
    },
    {
      "id": 162,
      "x": -1.0,
      "y": -2.0,
      "demand": 47
    },
    {
      "id": 163,
      "x": 1.0,
      "y": -2.0,
      "demand": 47
    },
    {
      "id": 164,
      "x": 3.0,
      "y": -2.0,
      "demand": 42
    },
    {
      "id": 165,
      "x": 5.0,
      "y": -2.0,
      "demand": 39
    },
    {
      "id": 166,
      "x": 7.0,
      "y": -2.0,
      "demand": 36
    },
    {
      "id": 167,
      "x": 9.0,
      "y": -2.0,
      "demand": 33
    },
    {
      "id": 168,
      "x": 11.0,
      "y": -2.0,
      "demand": 31
    },
    {
      "id": 169,
      "x": 13.0,
      "y": -2.0,
      "demand": 29
    },
    {
      "id": 170,
      "x": 15.0,
      "y": -2.0,
      "demand": 27
    },
    {
      "id": 171,
      "x": 17.0,
      "y": -2.0,
      "demand": 25
    },
    {
      "id": 172,
      "x": -18.0,
      "y": -1.0,
      "demand": 24
    },
    {
      "id": 173,
      "x": -16.0,
      "y": -1.0,
      "demand": 25
    },
    {
      "id": 174,
      "x": -14.0,
      "y": -1.0,
      "demand": 27
    },
    {
      "id": 175,
      "x": -12.0,
      "y": -1.0,
      "demand": 29
    },
    {
      "id": 176,
      "x": -10.0,
      "y": -1.0,
      "demand": 31
    },
    {
      "id": 177,
      "x": -8.0,
      "y": -1.0,
      "demand": 33
    },
    {
      "id": 178,
      "x": -6.0,
      "y": -1.0,
      "demand": 36
    },
    {
      "id": 179,
      "x": -4.0,
      "y": -1.0,
      "demand": 39
    },
    {
      "id": 180,
      "x": -2.0,
      "y": -1.0,
      "demand": 42
    },
    {
      "id": 181,
      "x": 0.0,
      "y": -1.0,
      "demand": 47
    },
    {
      "id": 182,
      "x": 2.0,
      "y": -1.0,
      "demand": 42
    },
    {
      "id": 183,
      "x": 4.0,
      "y": -1.0,
      "demand": 39
    },
    {
      "id": 184,
      "x": 6.0,
      "y": -1.0,
      "demand": 36
    },
    {
      "id": 185,
      "x": 8.0,
      "y": -1.0,
      "demand": 33
    },
    {
      "id": 186,
      "x": 10.0,
      "y": -1.0,
      "demand": 31
    },
    {
      "id": 187,
      "x": 12.0,
      "y": -1.0,
      "demand": 29
    },
    {
      "id": 188,
      "x": 14.0,
      "y": -1.0,
      "demand": 27
    },
    {
      "id": 189,
      "x": 16.0,
      "y": -1.0,
      "demand": 25
    },
    {
      "id": 190,
      "x": 18.0,
      "y": -1.0,
      "demand": 24
    },
    {
      "id": 191,
      "x": -19.0,
      "y": 0.0,
      "demand": 23
    },
    {
      "id": 192,
      "x": -17.0,
      "y": 0.0,
      "demand": 24
    },
    {
      "id": 193,
      "x": -15.0,
      "y": 0.0,
      "demand": 25
    },
    {
      "id": 194,
      "x": -13.0,
      "y": 0.0,
      "demand": 27
    },
    {
      "id": 195,
      "x": -11.0,
      "y": 0.0,
      "demand": 29
    },
    {
      "id": 196,
      "x": -9.0,
      "y": 0.0,
      "demand": 31
    },
    {
      "id": 197,
      "x": -7.0,
      "y": 0.0,
      "demand": 33
    },
    {
      "id": 198,
      "x": -5.0,
      "y": 0.0,
      "demand": 36
    },
    {
      "id": 199,
      "x": -3.0,
      "y": 0.0,
      "demand": 39
    },
    {
      "id": 200,
      "x": -1.0,
      "y": 0.0,
      "demand": 42
    },
    {
      "id": 201,
      "x": 1.0,
      "y": 0.0,
      "demand": 42
    },
    {
      "id": 202,
      "x": 3.0,
      "y": 0.0,
      "demand": 39
    },
    {
      "id": 203,
      "x": 5.0,
      "y": 0.0,
      "demand": 36
    },
    {
      "id": 204,
      "x": 7.0,
      "y": 0.0,
      "demand": 33
    },
    {
      "id": 205,
      "x": 9.0,
      "y": 0.0,
      "demand": 31
    },
    {
      "id": 206,
      "x": 11.0,
      "y": 0.0,
      "demand": 29
    },
    {
      "id": 207,
      "x": 13.0,
      "y": 0.0,
      "demand": 27
    },
    {
      "id": 208,
      "x": 15.0,
      "y": 0.0,
      "demand": 25
    },
    {
      "id": 209,
      "x": 17.0,
      "y": 0.0,
      "demand": 24
    },
    {
      "id": 210,
      "x": 19.0,
      "y": 0.0,
      "demand": 23
    },
    {
      "id": 211,
      "x": -18.0,
      "y": 1.0,
      "demand": 23
    },
    {
      "id": 212,
      "x": -16.0,
      "y": 1.0,
      "demand": 24
    },
    {
      "id": 213,
      "x": -14.0,
      "y": 1.0,
      "demand": 25
    },
    {
      "id": 214,
      "x": -12.0,
      "y": 1.0,
      "demand": 27
    },
    {
      "id": 215,
      "x": -10.0,
      "y": 1.0,
      "demand": 29
    },
    {
      "id": 216,
      "x": -8.0,
      "y": 1.0,
      "demand": 31
    },
    {
      "id": 217,
      "x": -6.0,
      "y": 1.0,
      "demand": 33
    },
    {
      "id": 218,
      "x": -4.0,
      "y": 1.0,
      "demand": 36
    },
    {
      "id": 219,
      "x": -2.0,
      "y": 1.0,
      "demand": 39
    },
    {
      "id": 220,
      "x": 0.0,
      "y": 1.0,
      "demand": 42
    },
    {
      "id": 221,
      "x": 2.0,
      "y": 1.0,
      "demand": 39
    },
    {
      "id": 222,
      "x": 4.0,
      "y": 1.0,
      "demand": 36
    },
    {
      "id": 223,
      "x": 6.0,
      "y": 1.0,
      "demand": 33
    },
    {
      "id": 224,
      "x": 8.0,
      "y": 1.0,
      "demand": 31
    },
    {
      "id": 225,
      "x": 10.0,
      "y": 1.0,
      "demand": 29
    },
    {
      "id": 226,
      "x": 12.0,
      "y": 1.0,
      "demand": 27
    },
    {
      "id": 227,
      "x": 14.0,
      "y": 1.0,
      "demand": 25
    },
    {
      "id": 228,
      "x": 16.0,
      "y": 1.0,
      "demand": 24
    },
    {
      "id": 229,
      "x": 18.0,
      "y": 1.0,
      "demand": 23
    },
    {
      "id": 230,
      "x": -17.0,
      "y": 2.0,
      "demand": 23
    },
    {
      "id": 231,
      "x": -15.0,
      "y": 2.0,
      "demand": 24
    },
    {
      "id": 232,
      "x": -13.0,
      "y": 2.0,
      "demand": 25
    },
    {
      "id": 233,
      "x": -11.0,
      "y": 2.0,
      "demand": 27
    },
    {
      "id": 234,
      "x": -9.0,
      "y": 2.0,
      "demand": 29
    },
    {
      "id": 235,
      "x": -7.0,
      "y": 2.0,
      "demand": 31
    },
    {
      "id": 236,
      "x": -5.0,
      "y": 2.0,
      "demand": 33
    },
    {
      "id": 237,
      "x": -3.0,
      "y": 2.0,
      "demand": 36
    },
    {
      "id": 238,
      "x": -1.0,
      "y": 2.0,
      "demand": 39
    },
    {
      "id": 239,
      "x": 1.0,
      "y": 2.0,
      "demand": 39
    },
    {
      "id": 240,
      "x": 3.0,
      "y": 2.0,
      "demand": 36
    },
    {
      "id": 241,
      "x": 5.0,
      "y": 2.0,
      "demand": 33
    },
    {
      "id": 242,
      "x": 7.0,
      "y": 2.0,
      "demand": 31
    },
    {
      "id": 243,
      "x": 9.0,
      "y": 2.0,
      "demand": 29
    },
    {
      "id": 244,
      "x": 11.0,
      "y": 2.0,
      "demand": 27
    },
    {
      "id": 245,
      "x": 13.0,
      "y": 2.0,
      "demand": 25
    },
    {
      "id": 246,
      "x": 15.0,
      "y": 2.0,
      "demand": 24
    },
    {
      "id": 247,
      "x": 17.0,
      "y": 2.0,
      "demand": 23
    },
    {
      "id": 248,
      "x": -16.0,
      "y": 3.0,
      "demand": 23
    },
    {
      "id": 249,
      "x": -14.0,
      "y": 3.0,
      "demand": 24
    },
    {
      "id": 250,
      "x": -12.0,
      "y": 3.0,
      "demand": 25
    },
    {
      "id": 251,
      "x": -10.0,
      "y": 3.0,
      "demand": 27
    },
    {
      "id": 252,
      "x": -8.0,
      "y": 3.0,
      "demand": 29
    },
    {
      "id": 253,
      "x": -6.0,
      "y": 3.0,
      "demand": 31
    },
    {
      "id": 254,
      "x": -4.0,
      "y": 3.0,
      "demand": 33
    },
    {
      "id": 255,
      "x": -2.0,
      "y": 3.0,
      "demand": 36
    },
    {
      "id": 256,
      "x": 0.0,
      "y": 3.0,
      "demand": 39
    },
    {
      "id": 257,
      "x": 2.0,
      "y": 3.0,
      "demand": 36
    },
    {
      "id": 258,
      "x": 4.0,
      "y": 3.0,
      "demand": 33
    },
    {
      "id": 259,
      "x": 6.0,
      "y": 3.0,
      "demand": 31
    },
    {
      "id": 260,
      "x": 8.0,
      "y": 3.0,
      "demand": 29
    },
    {
      "id": 261,
      "x": 10.0,
      "y": 3.0,
      "demand": 27
    },
    {
      "id": 262,
      "x": 12.0,
      "y": 3.0,
      "demand": 25
    },
    {
      "id": 263,
      "x": 14.0,
      "y": 3.0,
      "demand": 24
    },
    {
      "id": 264,
      "x": 16.0,
      "y": 3.0,
      "demand": 23
    },
    {
      "id": 265,
      "x": -15.0,
      "y": 4.0,
      "demand": 23
    },
    {
      "id": 266,
      "x": -13.0,
      "y": 4.0,
      "demand": 24
    },
    {
      "id": 267,
      "x": -11.0,
      "y": 4.0,
      "demand": 25
    },
    {
      "id": 268,
      "x": -9.0,
      "y": 4.0,
      "demand": 27
    },
    {
      "id": 269,
      "x": -7.0,
      "y": 4.0,
      "demand": 29
    },
    {
      "id": 270,
      "x": -5.0,
      "y": 4.0,
      "demand": 31
    },
    {
      "id": 271,
      "x": -3.0,
      "y": 4.0,
      "demand": 33
    },
    {
      "id": 272,
      "x": -1.0,
      "y": 4.0,
      "demand": 36
    },
    {
      "id": 273,
      "x": 1.0,
      "y": 4.0,
      "demand": 36
    },
    {
      "id": 274,
      "x": 3.0,
      "y": 4.0,
      "demand": 33
    },
    {
      "id": 275,
      "x": 5.0,
      "y": 4.0,
      "demand": 31
    },
    {
      "id": 276,
      "x": 7.0,
      "y": 4.0,
      "demand": 29
    },
    {
      "id": 277,
      "x": 9.0,
      "y": 4.0,
      "demand": 27
    },
    {
      "id": 278,
      "x": 11.0,
      "y": 4.0,
      "demand": 25
    },
    {
      "id": 279,
      "x": 13.0,
      "y": 4.0,
      "demand": 24
    },
    {
      "id": 280,
      "x": 15.0,
      "y": 4.0,
      "demand": 23
    },
    {
      "id": 281,
      "x": -14.0,
      "y": 5.0,
      "demand": 23
    },
    {
      "id": 282,
      "x": -12.0,
      "y": 5.0,
      "demand": 24
    },
    {
      "id": 283,
      "x": -10.0,
      "y": 5.0,
      "demand": 25
    },
    {
      "id": 284,
      "x": -8.0,
      "y": 5.0,
      "demand": 27
    },
    {
      "id": 285,
      "x": -6.0,
      "y": 5.0,
      "demand": 29
    },
    {
      "id": 286,
      "x": -4.0,
      "y": 5.0,
      "demand": 31
    },
    {
      "id": 287,
      "x": -2.0,
      "y": 5.0,
      "demand": 33
    },
    {
      "id": 288,
      "x": 0.0,
      "y": 5.0,
      "demand": 36
    },
    {
      "id": 289,
      "x": 2.0,
      "y": 5.0,
      "demand": 33
    },
    {
      "id": 290,
      "x": 4.0,
      "y": 5.0,
      "demand": 31
    },
    {
      "id": 291,
      "x": 6.0,
      "y": 5.0,
      "demand": 29
    },
    {
      "id": 292,
      "x": 8.0,
      "y": 5.0,
      "demand": 27
    },
    {
      "id": 293,
      "x": 10.0,
      "y": 5.0,
      "demand": 25
    },
    {
      "id": 294,
      "x": 12.0,
      "y": 5.0,
      "demand": 24
    },
    {
      "id": 295,
      "x": 14.0,
      "y": 5.0,
      "demand": 23
    },
    {
      "id": 296,
      "x": -13.0,
      "y": 6.0,
      "demand": 23
    },
    {
      "id": 297,
      "x": -11.0,
      "y": 6.0,
      "demand": 24
    },
    {
      "id": 298,
      "x": -9.0,
      "y": 6.0,
      "demand": 25
    },
    {
      "id": 299,
      "x": -7.0,
      "y": 6.0,
      "demand": 27
    },
    {
      "id": 300,
      "x": -5.0,
      "y": 6.0,
      "demand": 29
    },
    {
      "id": 301,
      "x": -3.0,
      "y": 6.0,
      "demand": 31
    },
    {
      "id": 302,
      "x": -1.0,
      "y": 6.0,
      "demand": 33
    },
    {
      "id": 303,
      "x": 1.0,
      "y": 6.0,
      "demand": 33
    },
    {
      "id": 304,
      "x": 3.0,
      "y": 6.0,
      "demand": 31
    },
    {
      "id": 305,
      "x": 5.0,
      "y": 6.0,
      "demand": 29
    },
    {
      "id": 306,
      "x": 7.0,
      "y": 6.0,
      "demand": 27
    },
    {
      "id": 307,
      "x": 9.0,
      "y": 6.0,
      "demand": 25
    },
    {
      "id": 308,
      "x": 11.0,
      "y": 6.0,
      "demand": 24
    },
    {
      "id": 309,
      "x": 13.0,
      "y": 6.0,
      "demand": 23
    },
    {
      "id": 310,
      "x": -12.0,
      "y": 7.0,
      "demand": 23
    },
    {
      "id": 311,
      "x": -10.0,
      "y": 7.0,
      "demand": 24
    },
    {
      "id": 312,
      "x": -8.0,
      "y": 7.0,
      "demand": 25
    },
    {
      "id": 313,
      "x": -6.0,
      "y": 7.0,
      "demand": 27
    },
    {
      "id": 314,
      "x": -4.0,
      "y": 7.0,
      "demand": 29
    },
    {
      "id": 315,
      "x": -2.0,
      "y": 7.0,
      "demand": 31
    },
    {
      "id": 316,
      "x": 0.0,
      "y": 7.0,
      "demand": 33
    },
    {
      "id": 317,
      "x": 2.0,
      "y": 7.0,
      "demand": 31
    },
    {
      "id": 318,
      "x": 4.0,
      "y": 7.0,
      "demand": 29
    },
    {
      "id": 319,
      "x": 6.0,
      "y": 7.0,
      "demand": 27
    },
    {
      "id": 320,
      "x": 8.0,
      "y": 7.0,
      "demand": 25
    },
    {
      "id": 321,
      "x": 10.0,
      "y": 7.0,
      "demand": 24
    },
    {
      "id": 322,
      "x": 12.0,
      "y": 7.0,
      "demand": 23
    },
    {
      "id": 323,
      "x": -11.0,
      "y": 8.0,
      "demand": 23
    },
    {
      "id": 324,
      "x": -9.0,
      "y": 8.0,
      "demand": 24
    },
    {
      "id": 325,
      "x": -7.0,
      "y": 8.0,
      "demand": 25
    },
    {
      "id": 326,
      "x": -5.0,
      "y": 8.0,
      "demand": 27
    },
    {
      "id": 327,
      "x": -3.0,
      "y": 8.0,
      "demand": 29
    },
    {
      "id": 328,
      "x": -1.0,
      "y": 8.0,
      "demand": 31
    },
    {
      "id": 329,
      "x": 1.0,
      "y": 8.0,
      "demand": 31
    },
    {
      "id": 330,
      "x": 3.0,
      "y": 8.0,
      "demand": 29
    },
    {
      "id": 331,
      "x": 5.0,
      "y": 8.0,
      "demand": 27
    },
    {
      "id": 332,
      "x": 7.0,
      "y": 8.0,
      "demand": 25
    },
    {
      "id": 333,
      "x": 9.0,
      "y": 8.0,
      "demand": 24
    },
    {
      "id": 334,
      "x": 11.0,
      "y": 8.0,
      "demand": 23
    },
    {
      "id": 335,
      "x": -10.0,
      "y": 9.0,
      "demand": 23
    },
    {
      "id": 336,
      "x": -8.0,
      "y": 9.0,
      "demand": 24
    },
    {
      "id": 337,
      "x": -6.0,
      "y": 9.0,
      "demand": 25
    },
    {
      "id": 338,
      "x": -4.0,
      "y": 9.0,
      "demand": 27
    },
    {
      "id": 339,
      "x": -2.0,
      "y": 9.0,
      "demand": 29
    },
    {
      "id": 340,
      "x": 0.0,
      "y": 9.0,
      "demand": 31
    },
    {
      "id": 341,
      "x": 2.0,
      "y": 9.0,
      "demand": 29
    },
    {
      "id": 342,
      "x": 4.0,
      "y": 9.0,
      "demand": 27
    },
    {
      "id": 343,
      "x": 6.0,
      "y": 9.0,
      "demand": 25
    },
    {
      "id": 344,
      "x": 8.0,
      "y": 9.0,
      "demand": 24
    },
    {
      "id": 345,
      "x": 10.0,
      "y": 9.0,
      "demand": 23
    },
    {
      "id": 346,
      "x": -9.0,
      "y": 10.0,
      "demand": 23
    },
    {
      "id": 347,
      "x": -7.0,
      "y": 10.0,
      "demand": 24
    },
    {
      "id": 348,
      "x": -5.0,
      "y": 10.0,
      "demand": 25
    },
    {
      "id": 349,
      "x": -3.0,
      "y": 10.0,
      "demand": 27
    },
    {
      "id": 350,
      "x": -1.0,
      "y": 10.0,
      "demand": 29
    },
    {
      "id": 351,
      "x": 1.0,
      "y": 10.0,
      "demand": 29
    },
    {
      "id": 352,
      "x": 3.0,
      "y": 10.0,
      "demand": 27
    },
    {
      "id": 353,
      "x": 5.0,
      "y": 10.0,
      "demand": 25
    },
    {
      "id": 354,
      "x": 7.0,
      "y": 10.0,
      "demand": 24
    },
    {
      "id": 355,
      "x": 9.0,
      "y": 10.0,
      "demand": 23
    },
    {
      "id": 356,
      "x": -8.0,
      "y": 11.0,
      "demand": 23
    },
    {
      "id": 357,
      "x": -6.0,
      "y": 11.0,
      "demand": 24
    },
    {
      "id": 358,
      "x": -4.0,
      "y": 11.0,
      "demand": 25
    },
    {
      "id": 359,
      "x": -2.0,
      "y": 11.0,
      "demand": 27
    },
    {
      "id": 360,
      "x": 0.0,
      "y": 11.0,
      "demand": 29
    },
    {
      "id": 361,
      "x": 2.0,
      "y": 11.0,
      "demand": 27
    },
    {
      "id": 362,
      "x": 4.0,
      "y": 11.0,
      "demand": 25
    },
    {
      "id": 363,
      "x": 6.0,
      "y": 11.0,
      "demand": 24
    },
    {
      "id": 364,
      "x": 8.0,
      "y": 11.0,
      "demand": 23
    },
    {
      "id": 365,
      "x": -7.0,
      "y": 12.0,
      "demand": 23
    },
    {
      "id": 366,
      "x": -5.0,
      "y": 12.0,
      "demand": 24
    },
    {
      "id": 367,
      "x": -3.0,
      "y": 12.0,
      "demand": 25
    },
    {
      "id": 368,
      "x": -1.0,
      "y": 12.0,
      "demand": 27
    },
    {
      "id": 369,
      "x": 1.0,
      "y": 12.0,
      "demand": 27
    },
    {
      "id": 370,
      "x": 3.0,
      "y": 12.0,
      "demand": 25
    },
    {
      "id": 371,
      "x": 5.0,
      "y": 12.0,
      "demand": 24
    },
    {
      "id": 372,
      "x": 7.0,
      "y": 12.0,
      "demand": 23
    },
    {
      "id": 373,
      "x": -6.0,
      "y": 13.0,
      "demand": 23
    },
    {
      "id": 374,
      "x": -4.0,
      "y": 13.0,
      "demand": 24
    },
    {
      "id": 375,
      "x": -2.0,
      "y": 13.0,
      "demand": 25
    },
    {
      "id": 376,
      "x": 0.0,
      "y": 13.0,
      "demand": 27
    },
    {
      "id": 377,
      "x": 2.0,
      "y": 13.0,
      "demand": 25
    },
    {
      "id": 378,
      "x": 4.0,
      "y": 13.0,
      "demand": 24
    },
    {
      "id": 379,
      "x": 6.0,
      "y": 13.0,
      "demand": 23
    },
    {
      "id": 380,
      "x": -5.0,
      "y": 14.0,
      "demand": 23
    },
    {
      "id": 381,
      "x": -3.0,
      "y": 14.0,
      "demand": 24
    },
    {
      "id": 382,
      "x": -1.0,
      "y": 14.0,
      "demand": 25
    },
    {
      "id": 383,
      "x": 1.0,
      "y": 14.0,
      "demand": 25
    },
    {
      "id": 384,
      "x": 3.0,
      "y": 14.0,
      "demand": 24
    },
    {
      "id": 385,
      "x": 5.0,
      "y": 14.0,
      "demand": 23
    },
    {
      "id": 386,
      "x": -4.0,
      "y": 15.0,
      "demand": 23
    },
    {
      "id": 387,
      "x": -2.0,
      "y": 15.0,
      "demand": 24
    },
    {
      "id": 388,
      "x": 0.0,
      "y": 15.0,
      "demand": 25
    },
    {
      "id": 389,
      "x": 2.0,
      "y": 15.0,
      "demand": 24
    },
    {
      "id": 390,
      "x": 4.0,
      "y": 15.0,
      "demand": 23
    },
    {
      "id": 391,
      "x": -3.0,
      "y": 16.0,
      "demand": 23
    },
    {
      "id": 392,
      "x": -1.0,
      "y": 16.0,
      "demand": 24
    },
    {
      "id": 393,
      "x": 1.0,
      "y": 16.0,
      "demand": 24
    },
    {
      "id": 394,
      "x": 3.0,
      "y": 16.0,
      "demand": 23
    },
    {
      "id": 395,
      "x": -2.0,
      "y": 17.0,
      "demand": 23
    },
    {
      "id": 396,
      "x": 0.0,
      "y": 17.0,
      "demand": 24
    },
    {
      "id": 397,
      "x": 2.0,
      "y": 17.0,
      "demand": 23
    },
    {
      "id": 398,
      "x": -1.0,
      "y": 18.0,
      "demand": 23
    },
    {
      "id": 399,
      "x": 1.0,
      "y": 18.0,
      "demand": 23
    },
    {
      "id": 400,
      "x": 0.0,
      "y": 19.0,
      "demand": 23
    }
  ]
}