{
  "capacity": 900,
  "depot": {
    "x": 0.0,
    "y": 0.0
  },
  "customers": [
    {
      "id": 2,
      "x": 30.0,
      "y": 0.0,
      "demand": 10
    },
    {
      "id": 3,
      "x": 29.6946,
      "y": 4.2694,
      "demand": 30
    },
    {
      "id": 4,
      "x": 28.7848,
      "y": 8.452,
      "demand": 30
    },
    {
      "id": 5,
      "x": 27.289,
      "y": 12.4625,
      "demand": 10
    },
    {
      "id": 6,
      "x": 25.2376,
      "y": 16.2192,
      "demand": 10
    },
    {
      "id": 7,
      "x": 22.6725,
      "y": 19.6458,
      "demand": 30
    },
    {
      "id": 8,
      "x": 19.6458,
      "y": 22.6725,
      "demand": 30
    },
    {
      "id": 9,
      "x": 16.2192,
      "y": 25.2376,
      "demand": 10
    },
    {
      "id": 10,
      "x": 12.4624,
      "y": 27.289,
      "demand": 10
    },
    {
      "id": 11,
      "x": 8.452,
      "y": 28.7848,
      "demand": 30
    },
    {
      "id": 12,
      "x": 4.2694,
      "y": 29.6946,
      "demand": 30
    },
    {
      "id": 13,
      "x": 0.0,
      "y": 30.0,
      "demand": 10
    },
    {
      "id": 14,
      "x": -4.2694,
      "y": 29.6946,
      "demand": 10
    },
    {
      "id": 15,
      "x": -8.452,
      "y": 28.7848,
      "demand": 30
    },
    {
      "id": 16,
      "x": -12.4625,
      "y": 27.289,
      "demand": 30
    },
    {
      "id": 17,
      "x": -16.2192,
      "y": 25.2376,
      "demand": 10
    },
    {
      "id": 18,
      "x": -19.6458,
      "y": 22.6725,
      "demand": 10
    },
    {
      "id": 19,
      "x": -22.6725,
      "y": 19.6458,
      "demand": 30
    },
    {
      "id": 20,
      "x": -25.2376,
      "y": 16.2192,
      "demand": 30
    },
    {
      "id": 21,
      "x": -27.289,
      "y": 12.4624,
      "demand": 10
    },
    {
      "id": 22,
      "x": -28.7848,
      "y": 8.452,
      "demand": 10
    },
    {
      "id": 23,
      "x": -29.6946,
      "y": 4.2694,
      "demand": 30
    },
    {
      "id": 24,
      "x": -30.0,
      "y": 0.0,
      "demand": 30
    },
    {
      "id": 25,
      "x": -29.6946,
      "y": -4.2694,
      "demand": 10
    },
    {
      "id": 26,
      "x": -28.7848,
      "y": -8.452,
      "demand": 10
    },
    {
      "id": 27,
      "x": -27.289,
      "y": -12.4625,
      "demand": 30
    },
    {
      "id": 28,
      "x": -25.2376,
      "y": -16.2192,
      "demand": 30
    },
    {
      "id": 29,
      "x": -22.6725,
      "y": -19.6458,
      "demand": 10
    },
    {
      "id": 30,
      "x": -19.6458,
      "y": -22.6725,
      "demand": 10
    },
    {
      "id": 31,
      "x": -16.2192,
      "y": -25.2376,
      "demand": 30
    },
    {
      "id": 32,
      "x": -12.4624,
      "y": -27.289,
      "demand": 30
    },
    {
      "id": 33,
      "x": -8.452,
      "y": -28.7848,
      "demand": 10
    },
    {
      "id": 34,
      "x": -4.2694,
      "y": -29.6946,
      "demand": 10
    },
    {
      "id": 35,
      "x": 0.0,
      "y": -30.0,
      "demand": 30
    },
    {
      "id": 36,
      "x": 4.2694,
      "y": -29.6946,
      "demand": 30
    },
    {
      "id": 37,
      "x": 8.452,
      "y": -28.7848,
      "demand": 10
    },
    {
      "id": 38,
      "x": 12.4625,
      "y": -27.289,
      "demand": 10
    },
    {
      "id": 39,
      "x": 16.2192,
      "y": -25.2376,
      "demand": 30
    },
    {
      "id": 40,
      "x": 19.6458,
      "y": -22.6725,
      "demand": 30
    },
    {
      "id": 41,
      "x": 22.6725,
      "y": -19.6458,
      "demand": 10
    },
    {
      "id": 42,
      "x": 25.2376,
      "y": -16.2192,
      "demand": 10
    },
    {
      "id": 43,
      "x": 27.289,
      "y": -12.4624,
      "demand": 30
    },
    {
      "id": 44,
      "x": 28.7848,
      "y": -8.452,
      "demand": 30
    },
    {
      "id": 45,
      "x": 29.6946,
      "y": -4.2694,
      "demand": 10
    },
    {
      "id": 46,
      "x": 60.0,
      "y": 0.0,
      "demand": 10
    },
    {
      "id": 47,
      "x": 59.3893,
      "y": 8.5389,
      "demand": 30
    },
    {
      "id": 48,
      "x": 57.5696,
      "y": 16.904,
      "demand": 30
    },
    {
      "id": 49,
      "x": 54.5779,
      "y": 24.9249,
      "demand": 10
    },
    {
      "id": 50,
      "x": 50.4752,
      "y": 32.4384,
      "demand": 10
    },
    {
      "id": 51,
      "x": 45.345,
      "y": 39.2916,
      "demand": 30
    },
    {
      "id": 52,
      "x": 39.2916,
      "y": 45.345,
      "demand": 30
    },
    {
      "id": 53,
      "x": 32.4384,
      "y": 50.4752,
      "demand": 10
    },
    {
      "id": 54,
      "x": 24.9249,
      "y": 54.5779,
      "demand": 10
    },
    {
      "id": 55,
      "x": 16.904,
      "y": 57.5696,
      "demand": 30
    },
    {
      "id": 56,
      "x": 8.5389,
      "y": 59.3893,
      "demand": 30
    },
    {
      "id": 57,
      "x": 0.0,
      "y": 60.0,
      "demand": 10
    },
    {
      "id": 58,
      "x": -8.5389,
      "y": 59.3893,
      "demand": 10
    },
    {
      "id": 59,
      "x": -16.904,
      "y": 57.5696,
      "demand": 30
    },
    {
      "id": 60,
      "x": -24.9249,
      "y": 54.5779,
      "demand": 30
    },
    {
      "id": 61,
      "x": -32.4385,
      "y": 50.4752,
      "demand": 10
    },
    {
      "id": 62,
      "x": -39.2916,
      "y": 45.345,
      "demand": 10
    },
    {
      "id": 63,
      "x": -45.345,
      "y": 39.2916,
      "demand": 30
    },
    {
      "id": 64,
      "x": -50.4752,
      "y": 32.4384,
      "demand": 30
    },
    {
      "id": 65,
      "x": -54.5779,
      "y": 24.9249,
      "demand": 10
    },
    {
      "id": 66,
      "x": -57.5696,
      "y": 16.9039,
      "demand": 10
    },
    {
      "id": 67,
      "x": -59.3893,
      "y": 8.5389,
      "demand": 30
    },
    {
      "id": 68,
      "x": -60.0,
      "y": 0.0,
      "demand": 30
    },
    {
      "id": 69,
      "x": -59.3893,
      "y": -8.5389,
      "demand": 10
    },
    {
      "id": 70,
      "x": -57.5696,
      "y": -16.904,
      "demand": 10
    },
    {
      "id": 71,
      "x": -54.5779,
      "y": -24.9249,
      "demand": 30
    },
    {
      "id": 72,
      "x": -50.4752,
      "y": -32.4385,
      "demand": 30
    },
    {
      "id": 73,
      "x": -45.345,
      "y": -39.2916,
      "demand": 10
    },
    {
      "id": 74,
      "x": -39.2916,
      "y": -45.345,
      "demand": 10
    },
    {
      "id": 75,
      "x": -32.4384,
      "y": -50.4752,
      "demand": 30
    },
    {
      "id": 76,
      "x": -24.9249,
      "y": -54.5779,
      "demand": 30
    },
    {
      "id": 77,
      "x": -16.9039,
      "y": -57.5696,
      "demand": 10
    },
    {
      "id": 78,
      "x": -8.5389,
      "y": -59.3893,
      "demand": 10
    },
    {
      "id": 79,
      "x": 0.0,
      "y": -60.0,
      "demand": 30
    },
    {
      "id": 80,
      "x": 8.5389,
      "y": -59.3893,
      "demand": 30
    },
    {
      "id": 81,
      "x": 16.904,
      "y": -57.5696,
      "demand": 10
    },
    {
      "id": 82,
      "x": 24.9249,
      "y": -54.5779,
      "demand": 10
    },
    {
      "id": 83,
      "x": 32.4385,
      "y": -50.4752,
      "demand": 30
    },
    {
      "id": 84,
      "x": 39.2917,
      "y": -45.345,
      "demand": 30
    },
    {
      "id": 85,
      "x": 45.345,
      "y": -39.2916,
      "demand": 10
    },
    {
      "id": 86,
      "x": 50.4752,
      "y": -32.4384,
      "demand": 10
    },
    {
      "id": 87,
      "x": 54.5779,
      "y": -24.9249,
      "demand": 30
    },
    {
      "id": 88,
      "x": 57.5696,
      "y": -16.9039,
      "demand": 30
    },
    {
      "id": 89,
      "x": 59.3893,
      "y": -8.5389,
      "demand": 10
    },
    {
      "id": 90,
      "x": 90.0,
      "y": 0.0,
      "demand": 10
    },
    {
      "id": 91,
      "x": 89.0839,
      "y": 12.8083,
      "demand": 30
    },
    {
      "id": 92,
      "x": 86.3544,
      "y": 25.3559,
      "demand": 30
    },
    {
      "id": 93,
      "x": 81.8669,
      "y": 37.3874,
      "demand": 10
    },
    {
      "id": 94,
      "x": 75.7128,
      "y": 48.6577,
      "demand": 10
    },
    {
      "id": 95,
      "x": 68.0175,
      "y": 58.9375,
      "demand": 30
    },
    {
      "id": 96,
      "x": 58.9375,
      "y": 68.0175,
      "demand": 30
    },
    {
      "id": 97,
      "x": 48.6577,
      "y": 75.7128,
      "demand": 10
    },
    {
      "id": 98,
      "x": 37.3873,
      "y": 81.8669,
      "demand": 10
    },
    {
      "id": 99,
      "x": 25.3559,
      "y": 86.3544,
      "demand": 30
    },
    {
      "id": 100,
      "x": 12.8083,
      "y": 89.0839,
      "demand": 30
    },
    {
      "id": 101,
      "x": 0.0,
      "y": 90.0,
      "demand": 10
    },
    {
      "id": 102,
      "x": -12.8083,
      "y": 89.0839,
      "demand": 10
    },
    {
      "id": 103,
      "x": -25.3559,
      "y": 86.3544,
      "demand": 30
    },
    {
      "id": 104,
      "x": -37.3874,
      "y": 81.8669,
      "demand": 30
    },
    {
      "id": 105,
      "x": -48.6577,
      "y": 75.7128,
      "demand": 10
    },
    {
      "id": 106,
      "x": -58.9375,
      "y": 68.0175,
      "demand": 10
    },
    {
      "id": 107,
      "x": -68.0175,
      "y": 58.9375,
      "demand": 30
    },
    {
      "id": 108,
      "x": -75.7128,
      "y": 48.6577,
      "demand": 30
    },
    {
      "id": 109,
      "x": -81.8669,
      "y": 37.3873,
      "demand": 10
    },
    {
      "id": 110,
      "x": -86.3544,
      "y": 25.3559,
      "demand": 10
    },
    {
      "id": 111,
      "x": -89.0839,
      "y": 12.8083,
      "demand": 30
    },
    {
      "id": 112,
      "x": -90.0,
      "y": 0.0,
      "demand": 30
    },
    {
      "id": 113,
      "x": -89.0839,
      "y": -12.8083,
      "demand": 10
    },
    {
      "id": 114,
      "x": -86.3544,
      "y": -25.3559,
      "demand": 10
    },
    {
      "id": 115,
      "x": -81.8669,
      "y": -37.3874,
      "demand": 30
    },
    {
      "id": 116,
      "x": -75.7128,
      "y": -48.6577,
      "demand": 30
    },
    {
      "id": 117,
      "x": -68.0175,
      "y": -58.9375,
      "demand": 10
    },
    {
      "id": 118,
      "x": -58.9375,
      "y": -68.0175,
      "demand": 10
    },
    {
      "id": 119,
      "x": -48.6577,
      "y": -75.7128,
      "demand": 30
    },
    {
      "id": 120,
      "x": -37.3873,
      "y": -81.8669,
      "demand": 30
    },
    {
      "id": 121,
      "x": -25.3559,
      "y": -86.3544,
      "demand": 10
    },
    {
      "id": 122,
      "x": -12.8083,
      "y": -89.0839,
      "demand": 10
    },
    {
      "id": 123,
      "x": 0.0,
      "y": -90.0,
      "demand": 30
    },
    {
      "id": 124,
      "x": 12.8083,
      "y": -89.0839,
      "demand": 30
    },
    {
      "id": 125,
      "x": 25.3559,
      "y": -86.3544,
      "demand": 10
    },
    {
      "id": 126,
      "x": 37.3874,
      "y": -81.8669,
      "demand": 10
    },
    {
      "id": 127,
      "x": 48.6577,
      "y": -75.7128,
      "demand": 30
    },
    {
      "id": 128,
      "x": 58.9375,
      "y": -68.0175,
      "demand": 30
    },
    {
      "id": 129,
      "x": 68.0175,
      "y": -58.9375,
      "demand": 10
    },
    {
      "id": 130,
      "x": 75.7128,
      "y": -48.6577,
      "demand": 10
    },
    {
      "id": 131,
      "x": 81.8669,
      "y": -37.3873,
      "demand": 30
    },
    {
      "id": 132,
      "x": 86.3544,
      "y": -25.3559,
      "demand": 30
    },
    {
      "id": 133,
      "x": 89.0839,
      "y": -12.8083,
      "demand": 10
    },
    {
      "id": 134,
      "x": 120.0,
      "y": 0.0,
      "demand": 10
    },
    {
      "id": 135,
      "x": 118.7786,
      "y": 17.0778,
      "demand": 30
    },
    {
      "id": 136,
      "x": 115.1392,
      "y": 33.8079,
      "demand": 30
    },
    {
      "id": 137,
      "x": 109.1558,
      "y": 49.8498,
      "demand": 10
    },
    {
      "id": 138,
      "x": 100.9504,
      "y": 64.8769,
      "demand": 10
    },
    {
      "id": 139,
      "x": 90.6899,
      "y": 78.5833,
      "demand": 30
    },
    {
      "id": 140,
      "x": 78.5833,
      "y": 90.6899,
      "demand": 30
    },
    {
      "id": 141,
      "x": 64.8769,
      "y": 100.9504,
      "demand": 10
    },
    {
      "id": 142,
      "x": 49.8498,
      "y": 109.1558,
      "demand": 10
    },
    {
      "id": 143,
      "x": 33.8079,
      "y": 115.1392,
      "demand": 30
    },
    {
      "id": 144,
      "x": 17.0778,
      "y": 118.7786,
      "demand": 30
    },
    {
      "id": 145,
      "x": 0.0,
      "y": 120.0,
      "demand": 10
    },
    {
      "id": 146,
      "x": -17.0778,
      "y": 118.7786,
      "demand": 10
    },
    {
      "id": 147,
      "x": -33.8079,
      "y": 115.1392,
      "demand": 30
    },
    {
      "id": 148,
      "x": -49.8498,
      "y": 109.1558,
      "demand": 30
    },
    {
      "id": 149,
      "x": -64.8769,
      "y": 100.9504,
      "demand": 10
    },
    {
      "id": 150,
      "x": -78.5833,
      "y": 90.6899,
      "demand": 10
    },
    {
      "id": 151,
      "x": -90.69,
      "y": 78.5833,
      "demand": 30
    },
    {
      "id": 152,
      "x": -100.9504,
      "y": 64.8769,
      "demand": 30
    },
    {
      "id": 153,
      "x": -109.1558,
      "y": 49.8498,
      "demand": 10
    },
    {
      "id": 154,
      "x": -115.1392,
      "y": 33.8079,
      "demand": 10
    },
    {
      "id": 155,
      "x": -118.7786,
      "y": 17.0778,
      "demand": 30
    },
    {
      "id": 156,
      "x": -120.0,
      "y": 0.0,
      "demand": 30
    },
    {
      "id": 157,
      "x": -118.7786,
      "y": -17.0778,
      "demand": 10
    },
    {
      "id": 158,
      "x": -115.1392,
      "y": -33.8079,
      "demand": 10
    },
    {
      "id": 159,
      "x": -109.1558,
      "y": -49.8498,
      "demand": 30
    },
    {
      "id": 160,
      "x": -100.9504,
      "y": -64.8769,
      "demand": 30
    },
    {
      "id": 161,
      "x": -90.6899,
      "y": -78.5833,
      "demand": 10
    },
    {
      "id": 162,
      "x": -78.5833,
      "y": -90.69,
      "demand": 10
    },
    {
      "id": 163,
      "x": -64.8769,
      "y": -100.9504,
      "demand": 30
    },
    {
      "id": 164,
      "x": -49.8498,
      "y": -109.1558,
      "demand": 30
    },
    {
      "id": 165,
      "x": -33.8079,
      "y": -115.1392,
      "demand": 10
    },
    {
      "id": 166,
      "x": -17.0778,
      "y": -118.7786,
      "demand": 10
    },
    {
      "id": 167,
      "x": 0.0,
      "y": -120.0,
      "demand": 30
    },
    {
      "id": 168,
      "x": 17.0778,
      "y": -118.7786,
      "demand": 30
    },
    {
      "id": 169,
      "x": 33.8079,
      "y": -115.1392,
      "demand": 10
    },
    {
      "id": 170,
      "x": 49.8498,
      "y": -109.1558,
      "demand": 10
    },
    {
      "id": 171,
      "x": 64.8769,
      "y": -100.9504,
      "demand": 30
    },
    {
      "id": 172,
      "x": 78.5833,
      "y": -90.6899,
      "demand": 30
    },
    {
      "id": 173,
      "x": 90.69,
      "y": -78.5833,
      "demand": 10
    },
    {
      "id": 174,
      "x": 100.9504,
      "y": -64.8769,
      "demand": 10
    },
    {
      "id": 175,
      "x": 109.1558,
      "y": -49.8498,
      "demand": 30
    },
    {
      "id": 176,
      "x": 115.1392,
      "y": -33.8079,
      "demand": 30
    },
    {
      "id": 177,
      "x": 118.7786,
      "y": -17.0778,
      "demand": 10
    },
    {
      "id": 178,
      "x": 150.0,
      "y": 0.0,
      "demand": 10
    },
    {
      "id": 179,
      "x": 148.47321,
      "y": 21.3472,
      "demand": 30
    },
    {
      "id": 180,
      "x": 143.924,
      "y": 42.2599,
      "demand": 30
    },
    {
      "id": 181,
      "x": 136.44479,
      "y": 62.3123,
      "demand": 10
    },
    {
      "id": 182,
      "x": 126.188,
      "y": 81.0961,
      "demand": 10
    },
    {
      "id": 183,
      "x": 113.3624,
      "y": 98.2291,
      "demand": 30
    },
    {
      "id": 184,
      "x": 98.2291,
      "y": 113.3624,
      "demand": 30
    },
    {
      "id": 185,
      "x": 81.0961,
      "y": 126.188,
      "demand": 10
    },
    {
      "id": 186,
      "x": 62.3122,
      "y": 136.44479,
      "demand": 10
    },
    {
      "id": 187,
      "x": 42.2599,
      "y": 143.924,
      "demand": 30
    },
    {
      "id": 188,
      "x": 21.3472,
      "y": 148.47321,
      "demand": 30
    },
    {
      "id": 189,
      "x": 0.0,
      "y": 150.0,
      "demand": 10
    },
    {
      "id": 190,
      "x": -21.3472,
      "y": 148.47321,
      "demand": 10
    },
    {
      "id": 191,
      "x": -42.2599,
      "y": 143.924,
      "demand": 30
    },
    {
      "id": 192,
      "x": -62.3123,
      "y": 136.44479,
      "demand": 30
    },
    {
      "id": 193,
      "x": -81.0961,
      "y": 126.188,
      "demand": 10
    },
    {
      "id": 194,
      "x": -98.2291,
      "y": 113.3624,
      "demand": 10
    },
    {
      "id": 195,
      "x": -113.3624,
      "y": 98.2291,
      "demand": 30
    },
    {
      "id": 196,
      "x": -126.188,
      "y": 81.0961,
      "demand": 30
    },
    {
      "id": 197,
      "x": -136.44479,
      "y": 62.3122,
      "demand": 10
    },
    {
      "id": 198,
      "x": -143.924,
      "y": 42.2599,
      "demand": 10
    },
    {
      "id": 199,
      "x": -148.47321,
      "y": 21.3472,
      "demand": 30
    },
    {
      "id": 200,
      "x": -150.0,
      "y": 0.0,
      "demand": 30
    },
    {
      "id": 201,
      "x": -148.47321,
      "y": -21.3472,
      "demand": 10
    },
    {
      "id": 202,
      "x": -143.9239,
      "y": -42.2599,
      "demand": 10
    },
    {
      "id": 203,
      "x": -136.44479,
      "y": -62.3123,
      "demand": 30
    },
    {
      "id": 204,
      "x": -126.188,
      "y": -81.0961,
      "demand": 30
    },
    {
      "id": 205,
      "x": -113.3624,
      "y": -98.2291,
      "demand": 10
    },
    {
      "id": 206,
      "x": -98.2291,
      "y": -113.3624,
      "demand": 10
    },
    {
      "id": 207,
      "x": -81.0961,
      "y": -126.188,
      "demand": 30
    },
    {
      "id": 208,
      "x": -62.3122,
      "y": -136.44479,
      "demand": 30
    },
    {
      "id": 209,
      "x": -42.2599,
      "y": -143.924,
      "demand": 10
    },
    {
      "id": 210,
      "x": -21.3472,
      "y": -148.47321,
      "demand": 10
    },
    {
      "id": 211,
      "x": 0.0,
      "y": -150.0,
      "demand": 30
    },
    {
      "id": 212,
      "x": 21.3472,
      "y": -148.47321,
      "demand": 30
    },
    {
      "id": 213,
      "x": 42.2599,
      "y": -143.9239,
      "demand": 10
    },
    {
      "id": 214,
      "x": 62.3123,
      "y": -136.44479,
      "demand": 10
    },
    {
      "id": 215,
      "x": 81.0961,
      "y": -126.188,
      "demand": 30
    },
    {
      "id": 216,
      "x": 98.2291,
      "y": -113.3624,
      "demand": 30
    },
    {
      "id": 217,
      "x": 113.3624,
      "y": -98.2291,
      "demand": 10
    },
    {
      "id": 218,
      "x": 126.188,
      "y": -81.0961,
      "demand": 10
    },
    {
      "id": 219,
      "x": 136.44479,
      "y": -62.3122,
      "demand": 30
    },
    {
      "id": 220,
      "x": 143.924,
      "y": -42.2599,
      "demand": 30
    },
    {
      "id": 221,
      "x": 148.47321,
      "y": -21.3472,
      "demand": 10
    },
    {
      "id": 222,
      "x": 180.0,
      "y": 0.0,
      "demand": 10
    },
    {
      "id": 223,
      "x": 178.16789,
      "y": 25.6167,
      "demand": 30
    },
    {
      "id": 224,
      "x": 172.70869,
      "y": 50.7119,
      "demand": 30
    },
    {
      "id": 225,
      "x": 163.7338,
      "y": 74.7747,
      "demand": 10
    },
    {
      "id": 226,
      "x": 151.4256,
      "y": 97.3153,
      "demand": 10
    },
    {
      "id": 227,
      "x": 136.0349,
      "y": 117.8749,
      "demand": 30
    },
    {
      "id": 228,
      "x": 117.8749,
      "y": 136.0349,
      "demand": 30
    },
    {
      "id": 229,
      "x": 97.3153,
      "y": 151.4256,
      "demand": 10
    },
    {
      "id": 230,
      "x": 74.7747,
      "y": 163.7338,
      "demand": 10
    },
    {
      "id": 231,
      "x": 50.7119,
      "y": 172.70869,
      "demand": 30
    },
    {
      "id": 232,
      "x": 25.6167,
      "y": 178.16789,
      "demand": 30
    },
    {
      "id": 233,
      "x": 0.0,
      "y": 180.0,
      "demand": 10
    },
    {
      "id": 234,
      "x": -25.6167,
      "y": 178.16789,
      "demand": 10
    },
    {
      "id": 235,
      "x": -50.7119,
      "y": 172.70869,
      "demand": 30
    },
    {
      "id": 236,
      "x": -74.7747,
      "y": 163.7337,
      "demand": 30
    },
    {
      "id": 237,
      "x": -97.3154,
      "y": 151.4256,
      "demand": 10
    },
    {
      "id": 238,
      "x": -117.8749,
      "y": 136.0349,
      "demand": 10
    },
    {
      "id": 239,
      "x": -136.0349,
      "y": 117.8749,
      "demand": 30
    },
    {
      "id": 240,
      "x": -151.4256,
      "y": 97.3153,
      "demand": 30
    },
    {
      "id": 241,
      "x": -163.7338,
      "y": 74.7747,
      "demand": 10
    },
    {
      "id": 242,
      "x": -172.70869,
      "y": 50.7118,
      "demand": 10
    },
    {
      "id": 243,
      "x": -178.16789,
      "y": 25.6167,
      "demand": 30
    },
    {
      "id": 244,
      "x": -180.0,
      "y": 0.0,
      "demand": 30
    },
    {
      "id": 245,
      "x": -178.16789,
      "y": -25.6167,
      "demand": 10
    },
    {
      "id": 246,
      "x": -172.70869,
      "y": -50.7119,
      "demand": 10
    },
    {
      "id": 247,
      "x": -163.7337,
      "y": -74.7747,
      "demand": 30
    },
    {
      "id": 248,
      "x": -151.4256,
      "y": -97.3154,
      "demand": 30
    },
    {
      "id": 249,
      "x": -136.0349,
      "y": -117.8749,
      "demand": 10
    },
    {
      "id": 250,
      "x": -117.8749,
      "y": -136.0349,
      "demand": 10
    },
    {
      "id": 251,
      "x": -97.3153,
      "y": -151.4256,
      "demand": 30
    },
    {
      "id": 252,
      "x": -74.7747,
      "y": -163.7338,
      "demand": 30
    },
    {
      "id": 253,
      "x": -50.7118,
      "y": -172.70869,
      "demand": 10
    },
    {
      "id": 254,
      "x": -25.6166,
      "y": -178.16789,
      "demand": 10
    },
    {
      "id": 255,
      "x": 0.0,
      "y": -180.0,
      "demand": 30
    },
    {
      "id": 256,
      "x": 25.6167,
      "y": -178.16789,
      "demand": 30
    },
    {
      "id": 257,
      "x": 50.7119,
      "y": -172.70869,
      "demand": 10
    },
    {
      "id": 258,
      "x": 74.7747,
      "y": -163.7337,
      "demand": 10
    },
    {
      "id": 259,
      "x": 97.3154,
      "y": -151.4256,
      "demand": 30
    },
    {
      "id": 260,
      "x": 117.875,
      "y": -136.0349,
      "demand": 30
    },
    {
      "id": 261,
      "x": 136.0349,
      "y": -117.8749,
      "demand": 10
    },
    {
      "id": 262,
      "x": 151.4256,
      "y": -97.3153,
      "demand": 10
    },
    {
      "id": 263,
      "x": 163.7338,
      "y": -74.7747,
      "demand": 30
    },
    {
      "id": 264,
      "x": 172.70869,
      "y": -50.7118,
      "demand": 30
    },
    {
      "id": 265,
      "x": 178.16789,
      "y": -25.6166,
      "demand": 10
    },
    {
      "id": 266,
      "x": 210.0,
      "y": 0.0,
      "demand": 10
    },
    {
      "id": 267,
      "x": 207.8625,
      "y": 29.8861,
      "demand": 30
    },
    {
      "id": 268,
      "x": 201.4935,
      "y": 59.1638,
      "demand": 30
    },
    {
      "id": 269,
      "x": 191.02271,
      "y": 87.2372,
      "demand": 10
    },
    {
      "id": 270,
      "x": 176.66319,
      "y": 113.5346,
      "demand": 10
    },
    {
      "id": 271,
      "x": 158.7074,
      "y": 137.5208,
      "demand": 30
    },
    {
      "id": 272,
      "x": 137.5208,
      "y": 158.7074,
      "demand": 30
    },
    {
      "id": 273,
      "x": 113.5346,
      "y": 176.66319,
      "demand": 10
    },
    {
      "id": 274,
      "x": 87.2371,
      "y": 191.02271,
      "demand": 10
    },
    {
      "id": 275,
      "x": 59.1638,
      "y": 201.4935,
      "demand": 30
    },
    {
      "id": 276,
      "x": 29.8861,
      "y": 207.8625,
      "demand": 30
    },
    {
      "id": 277,
      "x": 0.0,
      "y": 210.0,
      "demand": 10
    },
    {
      "id": 278,
      "x": -29.8861,
      "y": 207.8625,
      "demand": 10
    },
    {
      "id": 279,
      "x": -59.1638,
      "y": 201.4935,
      "demand": 30
    },
    {
      "id": 280,
      "x": -87.2372,
      "y": 191.02271,
      "demand": 30
    },
    {
      "id": 281,
      "x": -113.5346,
      "y": 176.66319,
      "demand": 10
    },
    {
      "id": 282,
      "x": -137.5208,
      "y": 158.7074,
      "demand": 10
    },
    {
      "id": 283,
      "x": -158.7074,
      "y": 137.52071,
      "demand": 30
    },
    {
      "id": 284,
      "x": -176.6633,
      "y": 113.5346,
      "demand": 30
    },
    {
      "id": 285,
      "x": -191.02271,
      "y": 87.2371,
      "demand": 10
    },
    {
      "id": 286,
      "x": -201.4935,
      "y": 59.1638,
      "demand": 10
    },
    {
      "id": 287,
      "x": -207.8625,
      "y": 29.8861,
      "demand": 30
    },
    {
      "id": 288,
      "x": -210.0,
      "y": 0.0,
      "demand": 30
    },
    {
      "id": 289,
      "x": -207.8625,
      "y": -29.8861,
      "demand": 10
    },
    {
      "id": 290,
      "x": -201.4935,
      "y": -59.1639,
      "demand": 10
    },
    {
      "id": 291,
      "x": -191.02271,
      "y": -87.2372,
      "demand": 30
    },
    {
      "id": 292,
      "x": -176.66319,
      "y": -113.5346,
      "demand": 30
    },
    {
      "id": 293,
      "x": -158.7074,
      "y": -137.5208,
      "demand": 10
    },
    {
      "id": 294,
      "x": -137.52071,
      "y": -158.7074,
      "demand": 10
    },
    {
      "id": 295,
      "x": -113.5346,
      "y": -176.6633,
      "demand": 30
    },
    {
      "id": 296,
      "x": -87.2371,
      "y": -191.02271,
      "demand": 30
    },
    {
      "id": 297,
      "x": -59.1638,
      "y": -201.4935,
      "demand": 10
    },
    {
      "id": 298,
      "x": -29.8861,
      "y": -207.8625,
      "demand": 10
    },
    {
      "id": 299,
      "x": 0.0,
      "y": -210.0,
      "demand": 30
    },
    {
      "id": 300,
      "x": 29.8861,
      "y": -207.8625,
      "demand": 30
    },
    {
      "id": 301,
      "x": 59.1639,
      "y": -201.4935,
      "demand": 10
    },
    {
      "id": 302,
      "x": 87.2372,
      "y": -191.02271,
      "demand": 10
    },
    {
      "id": 303,
      "x": 113.5346,
      "y": -176.66319,
      "demand": 30
    },
    {
      "id": 304,
      "x": 137.5208,
      "y": -158.7074,
      "demand": 30
    },
    {
      "id": 305,
      "x": 158.7074,
      "y": -137.52071,
      "demand": 10
    },
    {
      "id": 306,
      "x": 176.6633,
      "y": -113.5345,
      "demand": 10
    },
    {
      "id": 307,
      "x": 191.02271,
      "y": -87.2371,
      "demand": 30
    },
    {
      "id": 308,
      "x": 201.4935,
      "y": -59.1638,
      "demand": 30
    },
    {
      "id": 309,
      "x": 207.8625,
      "y": -29.8861,
      "demand": 10
    },
    {
      "id": 310,
      "x": 240.0,
      "y": 0.0,
      "demand": 10
    },
    {
      "id": 311,
      "x": 237.5571,
      "y": 34.1556,
      "demand": 30
    },
    {
      "id": 312,
      "x": 230.27831,
      "y": 67.6158,
      "demand": 30
    },
    {
      "id": 313,
      "x": 218.31171,
      "y": 99.6996,
      "demand": 10
    },
    {
      "id": 314,
      "x": 201.9008,
      "y": 129.7538,
      "demand": 10
    },
    {
      "id": 315,
      "x": 181.3799,
      "y": 157.1666,
      "demand": 30
    },
    {
      "id": 316,
      "x": 157.1666,
      "y": 181.3799,
      "demand": 30
    },
    {
      "id": 317,
      "x": 129.7538,
      "y": 201.9008,
      "demand": 10
    },
    {
      "id": 318,
      "x": 99.6996,
      "y": 218.31171,
      "demand": 10
    },
    {
      "id": 319,
      "x": 67.6158,
      "y": 230.27831,
      "demand": 30
    },
    {
      "id": 320,
      "x": 34.1556,
      "y": 237.5571,
      "demand": 30
    },
    {
      "id": 321,
      "x": 0.0,
      "y": 240.0,
      "demand": 10
    },
    {
      "id": 322,
      "x": -34.1556,
      "y": 237.5571,
      "demand": 10
    },
    {
      "id": 323,
      "x": -67.6158,
      "y": 230.27831,
      "demand": 30
    },
    {
      "id": 324,
      "x": -99.6996,
      "y": 218.31171,
      "demand": 30
    },
    {
      "id": 325,
      "x": -129.7538,
      "y": 201.9008,
      "demand": 10
    },
    {
      "id": 326,
      "x": -157.1666,
      "y": 181.3799,
      "demand": 10
    },
    {
      "id": 327,
      "x": -181.3799,
      "y": 157.1666,
      "demand": 30
    },
    {
      "id": 328,
      "x": -201.90089,
      "y": 129.7538,
      "demand": 30
    },
    {
      "id": 329,
      "x": -218.31171,
      "y": 99.6996,
      "demand": 10
    },
    {
      "id": 330,
      "x": -230.27831,
      "y": 67.6158,
      "demand": 10
    },
    {
      "id": 331,
      "x": -237.5571,
      "y": 34.1555,
      "demand": 30
    },
    {
      "id": 332,
      "x": -240.0,
      "y": 0.0,
      "demand": 30
    },
    {
      "id": 333,
      "x": -237.5571,
      "y": -34.1556,
      "demand": 10
    },
    {
      "id": 334,
      "x": -230.27831,
      "y": -67.6158,
      "demand": 10
    },
    {
      "id": 335,
      "x": -218.31171,
      "y": -99.6996,
      "demand": 30
    },
    {
      "id": 336,
      "x": -201.9008,
      "y": -129.7538,
      "demand": 30
    },
    {
      "id": 337,
      "x": -181.3799,
      "y": -157.1666,
      "demand": 10
    },
    {
      "id": 338,
      "x": -157.1665,
      "y": -181.3799,
      "demand": 10
    },
    {
      "id": 339,
      "x": -129.7538,
      "y": -201.90089,
      "demand": 30
    },
    {
      "id": 340,
      "x": -99.6996,
      "y": -218.31171,
      "demand": 30
    },
    {
      "id": 341,
      "x": -67.6158,
      "y": -230.27831,
      "demand": 10
    },
    {
      "id": 342,
      "x": -34.1555,
      "y": -237.5571,
      "demand": 10
    },
    {
      "id": 343,
      "x": 0.0,
      "y": -240.0,
      "demand": 30
    },
    {
      "id": 344,
      "x": 34.1556,
      "y": -237.5571,
      "demand": 30
    },
    {
      "id": 345,
      "x": 67.6158,
      "y": -230.27831,
      "demand": 10
    },
    {
      "id": 346,
      "x": 99.6996,
      "y": -218.31171,
      "demand": 10
    },
    {
      "id": 347,
      "x": 129.7538,
      "y": -201.9008,
      "demand": 30
    },
    {
      "id": 348,
      "x": 157.1666,
      "y": -181.3799,
      "demand": 30
    },
    {
      "id": 349,
      "x": 181.3799,
      "y": -157.1665,
      "demand": 10
    },
    {
      "id": 350,
      "x": 201.90089,
      "y": -129.7538,
      "demand": 10
    },
    {
      "id": 351,
      "x": 218.31171,
      "y": -99.6996,
      "demand": 30
    },
    {
      "id": 352,
      "x": 230.27831,
      "y": -67.6158,
      "demand": 30
    },
    {
      "id": 353,
      "x": 237.55721,
      "y": -34.1555,
      "demand": 10
    },
    {
      "id": 354,
      "x": 270.0,
      "y": 0.0,
      "demand": 10
    },
    {
      "id": 355,
      "x": 267.2518,
      "y": 38.425,
      "demand": 30
    },
    {
      "id": 356,
      "x": 259.06311,
      "y": 76.0678,
      "demand": 30
    },
    {
      "id": 357,
      "x": 245.6006,
      "y": 112.1621,
      "demand": 10
    },
    {
      "id": 358,
      "x": 227.1385,
      "y": 145.97301,
      "demand": 10
    },
    {
      "id": 359,
      "x": 204.0524,
      "y": 176.81239,
      "demand": 30
    },
    {
      "id": 360,
      "x": 176.81239,
      "y": 204.0524,
      "demand": 30
    },
    {
      "id": 361,
      "x": 145.97301,
      "y": 227.1385,
      "demand": 10
    },
    {
      "id": 362,
      "x": 112.162,
      "y": 245.6006,
      "demand": 10
    },
    {
      "id": 363,
      "x": 76.0678,
      "y": 259.06311,
      "demand": 30
    },
    {
      "id": 364,
      "x": 38.425,
      "y": 267.2518,
      "demand": 30
    },
    {
      "id": 365,
      "x": 0.0,
      "y": 270.0,
      "demand": 10
    },
    {
      "id": 366,
      "x": -38.425,
      "y": 267.2518,
      "demand": 10
    },
    {
      "id": 367,
      "x": -76.0678,
      "y": 259.06311,
      "demand": 30
    },
    {
      "id": 368,
      "x": -112.1621,
      "y": 245.6006,
      "demand": 30
    },
    {
      "id": 369,
      "x": -145.97301,
      "y": 227.1384,
      "demand": 10
    },
    {
      "id": 370,
      "x": -176.81239,
      "y": 204.0524,
      "demand": 10
    },
    {
      "id": 371,
      "x": -204.0524,
      "y": 176.81239,
      "demand": 30
    },
    {
      "id": 372,
      "x": -227.1385,
      "y": 145.97301,
      "demand": 30
    },
    {
      "id": 373,
      "x": -245.6006,
      "y": 112.162,
      "demand": 10
    },
    {
      "id": 374,
      "x": -259.06311,
      "y": 76.0678,
      "demand": 10
    },
    {
      "id": 375,
      "x": -267.2518,
      "y": 38.425,
      "demand": 30
    },
    {
      "id": 376,
      "x": -270.0,
      "y": 0.0,
      "demand": 30
    },
    {
      "id": 377,
      "x": -267.2518,
      "y": -38.425,
      "demand": 10
    },
    {
      "id": 378,
      "x": -259.06311,
      "y": -76.0678,
      "demand": 10
    },
    {
      "id": 379,
      "x": -245.6006,
      "y": -112.1621,
      "demand": 30
    },
    {
      "id": 380,
      "x": -227.1384,
      "y": -145.97301,
      "demand": 30
    },
    {
      "id": 381,
      "x": -204.0524,
      "y": -176.81239,
      "demand": 10
    },
    {
      "id": 382,
      "x": -176.81239,
      "y": -204.0524,
      "demand": 10
    },
    {
      "id": 383,
      "x": -145.97301,
      "y": -227.1385,
      "demand": 30
    },
    {
      "id": 384,
      "x": -112.162,
      "y": -245.6006,
      "demand": 30
    },
    {
      "id": 385,
      "x": -76.0678,
      "y": -259.06311,
      "demand": 10
    },
    {
      "id": 386,
      "x": -38.425,
      "y": -267.2518,
      "demand": 10
    },
    {
      "id": 387,
      "x": 0.0,
      "y": -270.0,
      "demand": 30
    },
    {
      "id": 388,
      "x": 38.425,
      "y": -267.2518,
      "demand": 30
    },
    {
      "id": 389,
      "x": 76.0678,
      "y": -259.06311,
      "demand": 10
    },
    {
      "id": 390,
      "x": 112.1621,
      "y": -245.6006,
      "demand": 10
    },
    {
      "id": 391,
      "x": 145.9731,
      "y": -227.1384,
      "demand": 30
    },
    {
      "id": 392,
      "x": 176.81239,
      "y": -204.0524,
      "demand": 30
    },
    {
      "id": 393,
      "x": 204.0524,
      "y": -176.81239,
      "demand": 10
    },
    {
      "id": 394,
      "x": 227.1385,
      "y": -145.97301,
      "demand": 10
    },
    {
      "id": 395,
      "x": 245.60069,
      "y": -112.162,
      "demand": 30
    },
    {
      "id": 396,
      "x": 259.06311,
      "y": -76.0677,
      "demand": 30
    },
    {
      "id": 397,
      "x": 267.2518,
      "y": -38.425,
      "demand": 10
    },
    {
      "id": 398,
      "x": 300.0,
      "y": 0.0,
      "demand": 10
    },
    {
      "id": 399,
      "x": 296.94641,
      "y": 42.6945,
      "demand": 30
    },
    {
      "id": 400,
      "x": 287.8479,
      "y": 84.5198,
      "demand": 30
    },
    {
      "id": 401,
      "x": 272.88959,
      "y": 124.6245,
      "demand": 10
    },
    {
      "id": 402,
      "x": 252.3761,
      "y": 162.1922,
      "demand": 10
    },
    {
      "id": 403,
      "x": 226.7249,
      "y": 196.45821,
      "demand": 30
    },
    {
      "id": 404,
      "x": 196.45821,
      "y": 226.7249,
      "demand": 30
    },
    {
      "id": 405,
      "x": 162.1922,
      "y": 252.3761,
      "demand": 10
    },
    {
      "id": 406,
      "x": 124.6245,
      "y": 272.88959,
      "demand": 10
    },
    {
      "id": 407,
      "x": 84.5198,
      "y": 287.8479,
      "demand": 30
    },
    {
      "id": 408,
      "x": 42.6944,
      "y": 296.94641,
      "demand": 30
    },
    {
      "id": 409,
      "x": 0.0,
      "y": 300.0,
      "demand": 10
    },
    {
      "id": 410,
      "x": -42.6945,
      "y": 296.94641,
      "demand": 10
    },
    {
      "id": 411,
      "x": -84.5198,
      "y": 287.8479,
      "demand": 30
    },
    {
      "id": 412,
      "x": -124.6245,
      "y": 272.88959,
      "demand": 30
    },
    {
      "id": 413,
      "x": -162.19231,
      "y": 252.3761,
      "demand": 10
    },
    {
      "id": 414,
      "x": -196.45821,
      "y": 226.7249,
      "demand": 10
    },
    {
      "id": 415,
      "x": -226.7249,
      "y": 196.45821,
      "demand": 30
    },
    {
      "id": 416,
      "x": -252.3761,
      "y": 162.1922,
      "demand": 30
    },
    {
      "id": 417,
      "x": -272.88959,
      "y": 124.6245,
      "demand": 10
    },
    {
      "id": 418,
      "x": -287.8479,
      "y": 84.5197,
      "demand": 10
    },
    {
      "id": 419,
      "x": -296.94641,
      "y": 42.6944,
      "demand": 30
    },
    {
      "id": 420,
      "x": -300.0,
      "y": 0.0,
      "demand": 30
    },
    {
      "id": 421,
      "x": -296.94641,
      "y": -42.6945,
      "demand": 10
    },
    {
      "id": 422,
      "x": -287.8479,
      "y": -84.5198,
      "demand": 10
    },
    {
      "id": 423,
      "x": -272.88959,
      "y": -124.6245,
      "demand": 30
    },
    {
      "id": 424,
      "x": -252.37601,
      "y": -162.19231,
      "demand": 30
    },
    {
      "id": 425,
      "x": -226.7249,
      "y": -196.4583,
      "demand": 10
    },
    {
      "id": 426,
      "x": -196.45821,
      "y": -226.7249,
      "demand": 10
    },
    {
      "id": 427,
      "x": -162.1922,
      "y": -252.3761,
      "demand": 30
    },
    {
      "id": 428,
      "x": -124.6245,
      "y": -272.88959,
      "demand": 30
    },
    {
      "id": 429,
      "x": -84.5197,
      "y": -287.8479,
      "demand": 10
    },
    {
      "id": 430,
      "x": -42.6944,
      "y": -296.94641,
      "demand": 10
    },
    {
      "id": 431,
      "x": 0.0,
      "y": -300.0,
      "demand": 30
    },
    {
      "id": 432,
      "x": 42.6945,
      "y": -296.94641,
      "demand": 30
    },
    {
      "id": 433,
      "x": 84.5198,
      "y": -287.8479,
      "demand": 10
    },
    {
      "id": 434,
      "x": 124.6245,
      "y": -272.88959,
      "demand": 10
    },
    {
      "id": 435,
      "x": 162.19231,
      "y": -252.37601,
      "demand": 30
    },
    {
      "id": 436,
      "x": 196.4583,
      "y": -226.72479,
      "demand": 30
    },
    {
      "id": 437,
      "x": 226.7249,
      "y": -196.45821,
      "demand": 10
    },
    {
      "id": 438,
      "x": 252.3761,
      "y": -162.1922,
      "demand": 10
    },
    {
      "id": 439,
      "x": 272.88959,
      "y": -124.6245,
      "demand": 30
    },
    {
      "id": 440,
      "x": 287.8479,
      "y": -84.5197,
      "demand": 30
    },
    {
      "id": 441,
      "x": 296.94641,
      "y": -42.6944,
      "demand": 10
    }
  ]
}