{
  "capacity": 550,
  "depot": {
    "x": 0.0,
    "y": 0.0
  },
  "customers": [
    {
      "id": 2,
      "x": 30.0,
      "y": 0.0,
      "demand": 10
    },
    {
      "id": 3,
      "x": 29.6306,
      "y": 4.693,
      "demand": 30
    },
    {
      "id": 4,
      "x": 28.5317,
      "y": 9.2705,
      "demand": 30
    },
    {
      "id": 5,
      "x": 26.7302,
      "y": 13.6197,
      "demand": 10
    },
    {
      "id": 6,
      "x": 24.2705,
      "y": 17.6336,
      "demand": 10
    },
    {
      "id": 7,
      "x": 21.2132,
      "y": 21.2132,
      "demand": 30
    },
    {
      "id": 8,
      "x": 17.6336,
      "y": 24.2705,
      "demand": 30
    },
    {
      "id": 9,
      "x": 13.6197,
      "y": 26.7302,
      "demand": 10
    },
    {
      "id": 10,
      "x": 9.2705,
      "y": 28.5317,
      "demand": 10
    },
    {
      "id": 11,
      "x": 4.693,
      "y": 29.6306,
      "demand": 30
    },
    {
      "id": 12,
      "x": 0.0,
      "y": 30.0,
      "demand": 30
    },
    {
      "id": 13,
      "x": -4.693,
      "y": 29.6306,
      "demand": 10
    },
    {
      "id": 14,
      "x": -9.2705,
      "y": 28.5317,
      "demand": 10
    },
    {
      "id": 15,
      "x": -13.6197,
      "y": 26.7302,
      "demand": 30
    },
    {
      "id": 16,
      "x": -17.6336,
      "y": 24.2705,
      "demand": 30
    },
    {
      "id": 17,
      "x": -21.2132,
      "y": 21.2132,
      "demand": 10
    },
    {
      "id": 18,
      "x": -24.2705,
      "y": 17.6336,
      "demand": 10
    },
    {
      "id": 19,
      "x": -26.7302,
      "y": 13.6197,
      "demand": 30
    },
    {
      "id": 20,
      "x": -28.5317,
      "y": 9.2705,
      "demand": 30
    },
    {
      "id": 21,
      "x": -29.6307,
      "y": 4.693,
      "demand": 10
    },
    {
      "id": 22,
      "x": -30.0,
      "y": 0.0,
      "demand": 10
    },
    {
      "id": 23,
      "x": -29.6306,
      "y": -4.693,
      "demand": 30
    },
    {
      "id": 24,
      "x": -28.5317,
      "y": -9.2705,
      "demand": 30
    },
    {
      "id": 25,
      "x": -26.7302,
      "y": -13.6197,
      "demand": 10
    },
    {
      "id": 26,
      "x": -24.2705,
      "y": -17.6336,
      "demand": 10
    },
    {
      "id": 27,
      "x": -21.2132,
      "y": -21.2132,
      "demand": 30
    },
    {
      "id": 28,
      "x": -17.6336,
      "y": -24.2705,
      "demand": 30
    },
    {
      "id": 29,
      "x": -13.6197,
      "y": -26.7302,
      "demand": 10
    },
    {
      "id": 30,
      "x": -9.2705,
      "y": -28.5317,
      "demand": 10
    },
    {
      "id": 31,
      "x": -4.693,
      "y": -29.6307,
      "demand": 30
    },
    {
      "id": 32,
      "x": 0.0,
      "y": -30.0,
      "demand": 30
    },
    {
      "id": 33,
      "x": 4.693,
      "y": -29.6306,
      "demand": 10
    },
    {
      "id": 34,
      "x": 9.2705,
      "y": -28.5317,
      "demand": 10
    },
    {
      "id": 35,
      "x": 13.6197,
      "y": -26.7302,
      "demand": 30
    },
    {
      "id": 36,
      "x": 17.6336,
      "y": -24.2705,
      "demand": 30
    },
    {
      "id": 37,
      "x": 21.2132,
      "y": -21.2132,
      "demand": 10
    },
    {
      "id": 38,
      "x": 24.2705,
      "y": -17.6336,
      "demand": 10
    },
    {
      "id": 39,
      "x": 26.7302,
      "y": -13.6197,
      "demand": 30
    },
    {
      "id": 40,
      "x": 28.5317,
      "y": -9.2705,
      "demand": 30
    },
    {
      "id": 41,
      "x": 29.6307,
      "y": -4.693,
      "demand": 10
    },
    {
      "id": 42,
      "x": 60.0,
      "y": 0.0,
      "demand": 10
    },
    {
      "id": 43,
      "x": 59.2613,
      "y": 9.3861,
      "demand": 30
    },
    {
      "id": 44,
      "x": 57.0634,
      "y": 18.541,
      "demand": 30
    },
    {
      "id": 45,
      "x": 53.4604,
      "y": 27.2394,
      "demand": 10
    },
    {
      "id": 46,
      "x": 48.541,
      "y": 35.2671,
      "demand": 10
    },
    {
      "id": 47,
      "x": 42.4264,
      "y": 42.4264,
      "demand": 30
    },
    {
      "id": 48,
      "x": 35.2671,
      "y": 48.541,
      "demand": 30
    },
    {
      "id": 49,
      "x": 27.2394,
      "y": 53.4604,
      "demand": 10
    },
    {
      "id": 50,
      "x": 18.541,
      "y": 57.0634,
      "demand": 10
    },
    {
      "id": 51,
      "x": 9.3861,
      "y": 59.2613,
      "demand": 30
    },
    {
      "id": 52,
      "x": 0.0,
      "y": 60.0,
      "demand": 30
    },
    {
      "id": 53,
      "x": -9.3861,
      "y": 59.2613,
      "demand": 10
    },
    {
      "id": 54,
      "x": -18.541,
      "y": 57.0634,
      "demand": 10
    },
    {
      "id": 55,
      "x": -27.2394,
      "y": 53.4604,
      "demand": 30
    },
    {
      "id": 56,
      "x": -35.2671,
      "y": 48.541,
      "demand": 30
    },
    {
      "id": 57,
      "x": -42.4264,
      "y": 42.4264,
      "demand": 10
    },
    {
      "id": 58,
      "x": -48.541,
      "y": 35.2671,
      "demand": 10
    },
    {
      "id": 59,
      "x": -53.4604,
      "y": 27.2394,
      "demand": 30
    },
    {
      "id": 60,
      "x": -57.0634,
      "y": 18.541,
      "demand": 30
    },
    {
      "id": 61,
      "x": -59.2613,
      "y": 9.3861,
      "demand": 10
    },
    {
      "id": 62,
      "x": -60.0,
      "y": 0.0,
      "demand": 10
    },
    {
      "id": 63,
      "x": -59.2613,
      "y": -9.3861,
      "demand": 30
    },
    {
      "id": 64,
      "x": -57.0634,
      "y": -18.541,
      "demand": 30
    },
    {
      "id": 65,
      "x": -53.4604,
      "y": -27.2394,
      "demand": 10
    },
    {
      "id": 66,
      "x": -48.541,
      "y": -35.2671,
      "demand": 10
    },
    {
      "id": 67,
      "x": -42.4264,
      "y": -42.4264,
      "demand": 30
    },
    {
      "id": 68,
      "x": -35.2671,
      "y": -48.541,
      "demand": 30
    },
    {
      "id": 69,
      "x": -27.2394,
      "y": -53.4604,
      "demand": 10
    },
    {
      "id": 70,
      "x": -18.541,
      "y": -57.0634,
      "demand": 10
    },
    {
      "id": 71,
      "x": -9.3861,
      "y": -59.2613,
      "demand": 30
    },
    {
      "id": 72,
      "x": 0.0,
      "y": -60.0,
      "demand": 30
    },
    {
      "id": 73,
      "x": 9.3861,
      "y": -59.2613,
      "demand": 10
    },
    {
      "id": 74,
      "x": 18.541,
      "y": -57.0634,
      "demand": 10
    },
    {
      "id": 75,
      "x": 27.2394,
      "y": -53.4604,
      "demand": 30
    },
    {
      "id": 76,
      "x": 35.2671,
      "y": -48.541,
      "demand": 30
    },
    {
      "id": 77,
      "x": 42.4264,
      "y": -42.4264,
      "demand": 10
    },
    {
      "id": 78,
      "x": 48.541,
      "y": -35.2671,
      "demand": 10
    },
    {
      "id": 79,
      "x": 53.4604,
      "y": -27.2394,
      "demand": 30
    },
    {
      "id": 80,
      "x": 57.0634,
      "y": -18.541,
      "demand": 30
    },
    {
      "id": 81,
      "x": 59.2613,
      "y": -9.3861,
      "demand": 10
    },
    {
      "id": 82,
      "x": 90.0,
      "y": 0.0,
      "demand": 10
    },
    {
      "id": 83,
      "x": 88.892,
      "y": 14.0791,
      "demand": 30
    },
    {
      "id": 84,
      "x": 85.5951,
      "y": 27.8115,
      "demand": 30
    },
    {
      "id": 85,
      "x": 80.1906,
      "y": 40.8591,
      "demand": 10
    },
    {
      "id": 86,
      "x": 72.8115,
      "y": 52.9007,
      "demand": 10
    },
    {
      "id": 87,
      "x": 63.6396,
      "y": 63.6396,
      "demand": 30
    },
    {
      "id": 88,
      "x": 52.9007,
      "y": 72.8115,
      "demand": 30
    },
    {
      "id": 89,
      "x": 40.8591,
      "y": 80.1906,
      "demand": 10
    },
    {
      "id": 90,
      "x": 27.8115,
      "y": 85.5951,
      "demand": 10
    },
    {
      "id": 91,
      "x": 14.0791,
      "y": 88.892,
      "demand": 30
    },
    {
      "id": 92,
      "x": 0.0,
      "y": 90.0,
      "demand": 30
    },
    {
      "id": 93,
      "x": -14.0791,
      "y": 88.892,
      "demand": 10
    },
    {
      "id": 94,
      "x": -27.8115,
      "y": 85.5951,
      "demand": 10
    },
    {
      "id": 95,
      "x": -40.8591,
      "y": 80.1906,
      "demand": 30
    },
    {
      "id": 96,
      "x": -52.9007,
      "y": 72.8115,
      "demand": 30
    },
    {
      "id": 97,
      "x": -63.6396,
      "y": 63.6396,
      "demand": 10
    },
    {
      "id": 98,
      "x": -72.8115,
      "y": 52.9007,
      "demand": 10
    },
    {
      "id": 99,
      "x": -80.1906,
      "y": 40.8591,
      "demand": 30
    },
    {
      "id": 100,
      "x": -85.5951,
      "y": 27.8115,
      "demand": 30
    },
    {
      "id": 101,
      "x": -88.892,
      "y": 14.0791,
      "demand": 10
    },
    {
      "id": 102,
      "x": -90.0,
      "y": 0.0,
      "demand": 10
    },
    {
      "id": 103,
      "x": -88.892,
      "y": -14.0791,
      "demand": 30
    },
    {
      "id": 104,
      "x": -85.5951,
      "y": -27.8115,
      "demand": 30
    },
    {
      "id": 105,
      "x": -80.1906,
      "y": -40.8592,
      "demand": 10
    },
    {
      "id": 106,
      "x": -72.8115,
      "y": -52.9007,
      "demand": 10
    },
    {
      "id": 107,
      "x": -63.6396,
      "y": -63.6396,
      "demand": 30
    },
    {
      "id": 108,
      "x": -52.9007,
      "y": -72.8115,
      "demand": 30
    },
    {
      "id": 109,
      "x": -40.8591,
      "y": -80.1906,
      "demand": 10
    },
    {
      "id": 110,
      "x": -27.8115,
      "y": -85.5951,
      "demand": 10
    },
    {
      "id": 111,
      "x": -14.0791,
      "y": -88.892,
      "demand": 30
    },
    {
      "id": 112,
      "x": 0.0,
      "y": -90.0,
      "demand": 30
    },
    {
      "id": 113,
      "x": 14.0791,
      "y": -88.892,
      "demand": 10
    },
    {
      "id": 114,
      "x": 27.8115,
      "y": -85.5951,
      "demand": 10
    },
    {
      "id": 115,
      "x": 40.8592,
      "y": -80.1906,
      "demand": 30
    },
    {
      "id": 116,
      "x": 52.9007,
      "y": -72.8115,
      "demand": 30
    },
    {
      "id": 117,
      "x": 63.6396,
      "y": -63.6396,
      "demand": 10
    },
    {
      "id": 118,
      "x": 72.8115,
      "y": -52.9007,
      "demand": 10
    },
    {
      "id": 119,
      "x": 80.1906,
      "y": -40.8591,
      "demand": 30
    },
    {
      "id": 120,
      "x": 85.5951,
      "y": -27.8115,
      "demand": 30
    },
    {
      "id": 121,
      "x": 88.892,
      "y": -14.0791,
      "demand": 10
    },
    {
      "id": 122,
      "x": 120.0,
      "y": 0.0,
      "demand": 10
    },
    {
      "id": 123,
      "x": 118.5226,
      "y": 18.7721,
      "demand": 30
    },
    {
      "id": 124,
      "x": 114.1268,
      "y": 37.082,
      "demand": 30
    },
    {
      "id": 125,
      "x": 106.9208,
      "y": 54.4789,
      "demand": 10
    },
    {
      "id": 126,
      "x": 97.082,
      "y": 70.5342,
      "demand": 10
    },
    {
      "id": 127,
      "x": 84.8528,
      "y": 84.8528,
      "demand": 30
    },
    {
      "id": 128,
      "x": 70.5342,
      "y": 97.082,
      "demand": 30
    },
    {
      "id": 129,
      "x": 54.4789,
      "y": 106.9208,
      "demand": 10
    },
    {
      "id": 130,
      "x": 37.082,
      "y": 114.1268,
      "demand": 10
    },
    {
      "id": 131,
      "x": 18.7721,
      "y": 118.5226,
      "demand": 30
    },
    {
      "id": 132,
      "x": 0.0,
      "y": 120.0,
      "demand": 30
    },
    {
      "id": 133,
      "x": -18.7721,
      "y": 118.5226,
      "demand": 10
    },
    {
      "id": 134,
      "x": -37.082,
      "y": 114.1268,
      "demand": 10
    },
    {
      "id": 135,
      "x": -54.4789,
      "y": 106.9208,
      "demand": 30
    },
    {
      "id": 136,
      "x": -70.5342,
      "y": 97.082,
      "demand": 30
    },
    {
      "id": 137,
      "x": -84.8528,
      "y": 84.8528,
      "demand": 10
    },
    {
      "id": 138,
      "x": -97.082,
      "y": 70.5342,
      "demand": 10
    },
    {
      "id": 139,
      "x": -106.9208,
      "y": 54.4789,
      "demand": 30
    },
    {
      "id": 140,
      "x": -114.1268,
      "y": 37.082,
      "demand": 30
    },
    {
      "id": 141,
      "x": -118.5226,
      "y": 18.7721,
      "demand": 10
    },
    {
      "id": 142,
      "x": -120.0,
      "y": 0.0,
      "demand": 10
    },
    {
      "id": 143,
      "x": -118.5226,
      "y": -18.7721,
      "demand": 30
    },
    {
      "id": 144,
      "x": -114.1268,
      "y": -37.0821,
      "demand": 30
    },
    {
      "id": 145,
      "x": -106.9208,
      "y": -54.4789,
      "demand": 10
    },
    {
      "id": 146,
      "x": -97.082,
      "y": -70.5342,
      "demand": 10
    },
    {
      "id": 147,
      "x": -84.8528,
      "y": -84.8528,
      "demand": 30
    },
    {
      "id": 148,
      "x": -70.5342,
      "y": -97.082,
      "demand": 30
    },
    {
      "id": 149,
      "x": -54.4788,
      "y": -106.9208,
      "demand": 10
    },
    {
      "id": 150,
      "x": -37.082,
      "y": -114.1268,
      "demand": 10
    },
    {
      "id": 151,
      "x": -18.7721,
      "y": -118.5226,
      "demand": 30
    },
    {
      "id": 152,
      "x": 0.0,
      "y": -120.0,
      "demand": 30
    },
    {
      "id": 153,
      "x": 18.7722,
      "y": -118.5226,
      "demand": 10
    },
    {
      "id": 154,
      "x": 37.0821,
      "y": -114.1268,
      "demand": 10
    },
    {
      "id": 155,
      "x": 54.4789,
      "y": -106.9208,
      "demand": 30
    },
    {
      "id": 156,
      "x": 70.5342,
      "y": -97.082,
      "demand": 30
    },
    {
      "id": 157,
      "x": 84.8528,
      "y": -84.8528,
      "demand": 10
    },
    {
      "id": 158,
      "x": 97.0821,
      "y": -70.5342,
      "demand": 10
    },
    {
      "id": 159,
      "x": 106.9208,
      "y": -54.4788,
      "demand": 30
    },
    {
      "id": 160,
      "x": 114.1268,
      "y": -37.082,
      "demand": 30
    },
    {
      "id": 161,
      "x": 118.5226,
      "y": -18.7721,
      "demand": 10
    },
    {
      "id": 162,
      "x": 150.0,
      "y": 0.0,
      "demand": 10
    },
    {
      "id": 163,
      "x": 148.1532,
      "y": 23.4652,
      "demand": 30
    },
    {
      "id": 164,
      "x": 142.65849,
      "y": 46.3526,
      "demand": 30
    },
    {
      "id": 165,
      "x": 133.651,
      "y": 68.0986,
      "demand": 10
    },
    {
      "id": 166,
      "x": 121.3525,
      "y": 88.1678,
      "demand": 10
    },
    {
      "id": 167,
      "x": 106.066,
      "y": 106.066,
      "demand": 30
    },
    {
      "id": 168,
      "x": 88.1678,
      "y": 121.3526,
      "demand": 30
    },
    {
      "id": 169,
      "x": 68.0986,
      "y": 133.651,
      "demand": 10
    },
    {
      "id": 170,
      "x": 46.3525,
      "y": 142.65849,
      "demand": 10
    },
    {
      "id": 171,
      "x": 23.4652,
      "y": 148.15331,
      "demand": 30
    },
    {
      "id": 172,
      "x": 0.0,
      "y": 150.0,
      "demand": 30
    },
    {
      "id": 173,
      "x": -23.4652,
      "y": 148.1532,
      "demand": 10
    },
    {
      "id": 174,
      "x": -46.3526,
      "y": 142.65849,
      "demand": 10
    },
    {
      "id": 175,
      "x": -68.0986,
      "y": 133.651,
      "demand": 30
    },
    {
      "id": 176,
      "x": -88.1678,
      "y": 121.3525,
      "demand": 30
    },
    {
      "id": 177,
      "x": -106.066,
      "y": 106.066,
      "demand": 10
    },
    {
      "id": 178,
      "x": -121.3526,
      "y": 88.1678,
      "demand": 10
    },
    {
      "id": 179,
      "x": -133.651,
      "y": 68.0986,
      "demand": 30
    },
    {
      "id": 180,
      "x": -142.65849,
      "y": 46.3525,
      "demand": 30
    },
    {
      "id": 181,
      "x": -148.15331,
      "y": 23.4652,
      "demand": 10
    },
    {
      "id": 182,
      "x": -150.0,
      "y": 0.0,
      "demand": 10
    },
    {
      "id": 183,
      "x": -148.1532,
      "y": -23.4652,
      "demand": 30
    },
    {
      "id": 184,
      "x": -142.65849,
      "y": -46.3526,
      "demand": 30
    },
    {
      "id": 185,
      "x": -133.651,
      "y": -68.0986,
      "demand": 10
    },
    {
      "id": 186,
      "x": -121.3525,
      "y": -88.1678,
      "demand": 10
    },
    {
      "id": 187,
      "x": -106.066,
      "y": -106.066,
      "demand": 30
    },
    {
      "id": 188,
      "x": -88.1678,
      "y": -121.3526,
      "demand": 30
    },
    {
      "id": 189,
      "x": -68.0986,
      "y": -133.651,
      "demand": 10
    },
    {
      "id": 190,
      "x": -46.3525,
      "y": -142.65849,
      "demand": 10
    },
    {
      "id": 191,
      "x": -23.4652,
      "y": -148.15331,
      "demand": 30
    },
    {
      "id": 192,
      "x": 0.0,
      "y": -150.0,
      "demand": 30
    },
    {
      "id": 193,
      "x": 23.4652,
      "y": -148.1532,
      "demand": 10
    },
    {
      "id": 194,
      "x": 46.3526,
      "y": -142.65849,
      "demand": 10
    },
    {
      "id": 195,
      "x": 68.0986,
      "y": -133.651,
      "demand": 30
    },
    {
      "id": 196,
      "x": 88.1678,
      "y": -121.3525,
      "demand": 30
    },
    {
      "id": 197,
      "x": 106.066,
      "y": -106.066,
      "demand": 10
    },
    {
      "id": 198,
      "x": 121.3526,
      "y": -88.1678,
      "demand": 10
    },
    {
      "id": 199,
      "x": 133.651,
      "y": -68.0986,
      "demand": 30
    },
    {
      "id": 200,
      "x": 142.65849,
      "y": -46.3525,
      "demand": 30
    },
    {
      "id": 201,
      "x": 148.15331,
      "y": -23.4651,
      "demand": 10
    },
    {
      "id": 202,
      "x": 180.0,
      "y": 0.0,
      "demand": 10
    },
    {
      "id": 203,
      "x": 177.78391,
      "y": 28.1582,
      "demand": 30
    },
    {
      "id": 204,
      "x": 171.1902,
      "y": 55.6231,
      "demand": 30
    },
    {
      "id": 205,
      "x": 160.3812,
      "y": 81.7183,
      "demand": 10
    },
    {
      "id": 206,
      "x": 145.62309,
      "y": 105.8013,
      "demand": 10
    },
    {
      "id": 207,
      "x": 127.2792,
      "y": 127.2792,
      "demand": 30
    },
    {
      "id": 208,
      "x": 105.8013,
      "y": 145.62309,
      "demand": 30
    },
    {
      "id": 209,
      "x": 81.7183,
      "y": 160.3812,
      "demand": 10
    },
    {
      "id": 210,
      "x": 55.6231,
      "y": 171.1902,
      "demand": 10
    },
    {
      "id": 211,
      "x": 28.1582,
      "y": 177.78391,
      "demand": 30
    },
    {
      "id": 212,
      "x": 0.0,
      "y": 180.0,
      "demand": 30
    },
    {
      "id": 213,
      "x": -28.1582,
      "y": 177.78391,
      "demand": 10
    },
    {
      "id": 214,
      "x": -55.6231,
      "y": 171.1902,
      "demand": 10
    },
    {
      "id": 215,
      "x": -81.7183,
      "y": 160.3812,
      "demand": 30
    },
    {
      "id": 216,
      "x": -105.8014,
      "y": 145.623,
      "demand": 30
    },
    {
      "id": 217,
      "x": -127.2792,
      "y": 127.2792,
      "demand": 10
    },
    {
      "id": 218,
      "x": -145.62309,
      "y": 105.8013,
      "demand": 10
    },
    {
      "id": 219,
      "x": -160.3812,
      "y": 81.7183,
      "demand": 30
    },
    {
      "id": 220,
      "x": -171.1902,
      "y": 55.623,
      "demand": 30
    },
    {
      "id": 221,
      "x": -177.78391,
      "y": 28.1582,
      "demand": 10
    },
    {
      "id": 222,
      "x": -180.0,
      "y": 0.0,
      "demand": 10
    },
    {
      "id": 223,
      "x": -177.78391,
      "y": -28.1582,
      "demand": 30
    },
    {
      "id": 224,
      "x": -171.1902,
      "y": -55.6231,
      "demand": 30
    },
    {
      "id": 225,
      "x": -160.3812,
      "y": -81.7183,
      "demand": 10
    },
    {
      "id": 226,
      "x": -145.623,
      "y": -105.8014,
      "demand": 10
    },
    {
      "id": 227,
      "x": -127.2792,
      "y": -127.2792,
      "demand": 30
    },
    {
      "id": 228,
      "x": -105.8013,
      "y": -145.62309,
      "demand": 30
    },
    {
      "id": 229,
      "x": -81.7183,
      "y": -160.3812,
      "demand": 10
    },
    {
      "id": 230,
      "x": -55.623,
      "y": -171.1902,
      "demand": 10
    },
    {
      "id": 231,
      "x": -28.1582,
      "y": -177.78391,
      "demand": 30
    },
    {
      "id": 232,
      "x": 0.0,
      "y": -180.0,
      "demand": 30
    },
    {
      "id": 233,
      "x": 28.1582,
      "y": -177.78391,
      "demand": 10
    },
    {
      "id": 234,
      "x": 55.6231,
      "y": -171.1902,
      "demand": 10
    },
    {
      "id": 235,
      "x": 81.7183,
      "y": -160.3812,
      "demand": 30
    },
    {
      "id": 236,
      "x": 105.8014,
      "y": -145.623,
      "demand": 30
    },
    {
      "id": 237,
      "x": 127.2792,
      "y": -127.2792,
      "demand": 10
    },
    {
      "id": 238,
      "x": 145.62309,
      "y": -105.8013,
      "demand": 10
    },
    {
      "id": 239,
      "x": 160.3812,
      "y": -81.7183,
      "demand": 30
    },
    {
      "id": 240,
      "x": 171.1902,
      "y": -55.623,
      "demand": 30
    },
    {
      "id": 241,
      "x": 177.78391,
      "y": -28.1582,
      "demand": 10
    }
  ]
}